Archive member included to satisfy reference by file (symbol)

/Applications/MCUXpressoIDE_11.2.0_4120/ide/plugins/com.nxp.mcuxpresso.tools.macosx_11.2.0.202001021529/tools/bin/../lib/gcc/arm-none-eabi/9.2.1/../../../../arm-none-eabi/lib/thumb/v6-m/nofp/libcr_semihost_nf.a(_cr__main.o)
                              ./startup/startup_mkl27z644.o (__main)
/Applications/MCUXpressoIDE_11.2.0_4120/ide/plugins/com.nxp.mcuxpresso.tools.macosx_11.2.0.202001021529/tools/bin/../lib/gcc/arm-none-eabi/9.2.1/../../../../arm-none-eabi/lib/thumb/v6-m/nofp/libcr_c.a(memcpy.o)
                              ./utilities/fsl_str.o (memcpy)
/Applications/MCUXpressoIDE_11.2.0_4120/ide/plugins/com.nxp.mcuxpresso.tools.macosx_11.2.0.202001021529/tools/bin/../lib/gcc/arm-none-eabi/9.2.1/../../../../arm-none-eabi/lib/thumb/v6-m/nofp/libcr_c.a(memset.o)
                              ./drivers/fsl_adc16.o (memset)
/Applications/MCUXpressoIDE_11.2.0_4120/ide/plugins/com.nxp.mcuxpresso.tools.macosx_11.2.0.202001021529/tools/bin/../lib/gcc/arm-none-eabi/9.2.1/../../../../arm-none-eabi/lib/thumb/v6-m/nofp/libcr_c.a(alloc.o)
                              ./drivers/fsl_common.o (malloc)
/Applications/MCUXpressoIDE_11.2.0_4120/ide/plugins/com.nxp.mcuxpresso.tools.macosx_11.2.0.202001021529/tools/bin/../lib/gcc/arm-none-eabi/9.2.1/../../../../arm-none-eabi/lib/thumb/v6-m/nofp/libcr_c.a(fpprintf.o)
                              ./utilities/fsl_assert.o (printf)
/Applications/MCUXpressoIDE_11.2.0_4120/ide/plugins/com.nxp.mcuxpresso.tools.macosx_11.2.0.202001021529/tools/bin/../lib/gcc/arm-none-eabi/9.2.1/../../../../arm-none-eabi/lib/thumb/v6-m/nofp/libcr_c.a(initio.o)
                              /Applications/MCUXpressoIDE_11.2.0_4120/ide/plugins/com.nxp.mcuxpresso.tools.macosx_11.2.0.202001021529/tools/bin/../lib/gcc/arm-none-eabi/9.2.1/../../../../arm-none-eabi/lib/thumb/v6-m/nofp/libcr_semihost_nf.a(_cr__main.o) (_initio)
/Applications/MCUXpressoIDE_11.2.0_4120/ide/plugins/com.nxp.mcuxpresso.tools.macosx_11.2.0.202001021529/tools/bin/../lib/gcc/arm-none-eabi/9.2.1/../../../../arm-none-eabi/lib/thumb/v6-m/nofp/libcr_c.a(modf.o)
                              ./utilities/fsl_str.o (modf)
/Applications/MCUXpressoIDE_11.2.0_4120/ide/plugins/com.nxp.mcuxpresso.tools.macosx_11.2.0.202001021529/tools/bin/../lib/gcc/arm-none-eabi/9.2.1/../../../../arm-none-eabi/lib/thumb/v6-m/nofp/libcr_c.a(pow.o)
                              ./utilities/fsl_str.o (pow)
/Applications/MCUXpressoIDE_11.2.0_4120/ide/plugins/com.nxp.mcuxpresso.tools.macosx_11.2.0.202001021529/tools/bin/../lib/gcc/arm-none-eabi/9.2.1/../../../../arm-none-eabi/lib/thumb/v6-m/nofp/libcr_c.a(printf.o)
                              /Applications/MCUXpressoIDE_11.2.0_4120/ide/plugins/com.nxp.mcuxpresso.tools.macosx_11.2.0.202001021529/tools/bin/../lib/gcc/arm-none-eabi/9.2.1/../../../../arm-none-eabi/lib/thumb/v6-m/nofp/libcr_c.a(fpprintf.o) (__vfprintf)
/Applications/MCUXpressoIDE_11.2.0_4120/ide/plugins/com.nxp.mcuxpresso.tools.macosx_11.2.0.202001021529/tools/bin/../lib/gcc/arm-none-eabi/9.2.1/../../../../arm-none-eabi/lib/thumb/v6-m/nofp/libcr_c.a(scanf.o)
                              ./utilities/fsl_str.o (strtoul)
/Applications/MCUXpressoIDE_11.2.0_4120/ide/plugins/com.nxp.mcuxpresso.tools.macosx_11.2.0.202001021529/tools/bin/../lib/gcc/arm-none-eabi/9.2.1/../../../../arm-none-eabi/lib/thumb/v6-m/nofp/libcr_c.a(setvbuf.o)
                              /Applications/MCUXpressoIDE_11.2.0_4120/ide/plugins/com.nxp.mcuxpresso.tools.macosx_11.2.0.202001021529/tools/bin/../lib/gcc/arm-none-eabi/9.2.1/../../../../arm-none-eabi/lib/thumb/v6-m/nofp/libcr_c.a(initio.o) (setvbuf)
/Applications/MCUXpressoIDE_11.2.0_4120/ide/plugins/com.nxp.mcuxpresso.tools.macosx_11.2.0.202001021529/tools/bin/../lib/gcc/arm-none-eabi/9.2.1/../../../../arm-none-eabi/lib/thumb/v6-m/nofp/libcr_c.a(strlen.o)
                              ./utilities/fsl_str.o (strlen)
/Applications/MCUXpressoIDE_11.2.0_4120/ide/plugins/com.nxp.mcuxpresso.tools.macosx_11.2.0.202001021529/tools/bin/../lib/gcc/arm-none-eabi/9.2.1/../../../../arm-none-eabi/lib/thumb/v6-m/nofp/libcr_c.a(ungetc.o)
                              /Applications/MCUXpressoIDE_11.2.0_4120/ide/plugins/com.nxp.mcuxpresso.tools.macosx_11.2.0.202001021529/tools/bin/../lib/gcc/arm-none-eabi/9.2.1/../../../../arm-none-eabi/lib/thumb/v6-m/nofp/libcr_c.a(scanf.o) (ungetc)
/Applications/MCUXpressoIDE_11.2.0_4120/ide/plugins/com.nxp.mcuxpresso.tools.macosx_11.2.0.202001021529/tools/bin/../lib/gcc/arm-none-eabi/9.2.1/../../../../arm-none-eabi/lib/thumb/v6-m/nofp/libcr_c.a(__fillbuf.o)
                              /Applications/MCUXpressoIDE_11.2.0_4120/ide/plugins/com.nxp.mcuxpresso.tools.macosx_11.2.0.202001021529/tools/bin/../lib/gcc/arm-none-eabi/9.2.1/../../../../arm-none-eabi/lib/thumb/v6-m/nofp/libcr_c.a(scanf.o) (__filbuf)
[...]
Memory Configuration

Name             Origin             Length             Attributes
PROGRAM_FLASH    0x0000000000000000 0x0000000000010000 xr
SRAM             0x000000001ffff000 0x0000000000004000 xrw
USB_RAM          0x00000000400fe000 0x0000000000000200 xrw
*default*        0x0000000000000000 0xffffffffffffffff

Linker script and memory map

LOAD ./utilities/fsl_assert.o
LOAD ./utilities/fsl_debug_console.o
LOAD ./utilities/fsl_str.o
LOAD ./startup/startup_mkl27z644.o
LOAD ./source/adc16_polling.o
LOAD ./source/mtb.o
LOAD ./source/semihost_hardfault.o
LOAD ./drivers/fsl_adc16.o
LOAD ./drivers/fsl_clock.o
LOAD ./drivers/fsl_common.o
LOAD ./drivers/fsl_gpio.o
LOAD ./drivers/fsl_lpuart.o
LOAD ./drivers/fsl_smc.o
LOAD ./drivers/fsl_uart.o
LOAD ./device/system_MKL27Z644.o
LOAD ./component/uart/lpuart_adapter.o
LOAD ./component/serial_manager/serial_manager.o
LOAD ./component/serial_manager/serial_port_uart.o
LOAD ./component/lists/generic_list.o
LOAD ./board/board.o
LOAD ./board/clock_config.o
LOAD ./board/peripherals.o
LOAD ./board/pin_mux.o
START GROUP
LOAD /Applications/MCUXpressoIDE_11.2.0_4120/ide/plugins/com.nxp.mcuxpresso.tools.macosx_11.2.0.202001021529/tools/bin/../lib/gcc/arm-none-eabi/9.2.1/../../../../arm-none-eabi/lib/thumb/v6-m/nofp/libcr_semihost_nf.a
LOAD /Applications/MCUXpressoIDE_11.2.0_4120/ide/plugins/com.nxp.mcuxpresso.tools.macosx_11.2.0.202001021529/tools/bin/../lib/gcc/arm-none-eabi/9.2.1/../../../../arm-none-eabi/lib/thumb/v6-m/nofp/libcr_c.a
LOAD /Applications/MCUXpressoIDE_11.2.0_4120/ide/plugins/com.nxp.mcuxpresso.tools.macosx_11.2.0.202001021529/tools/bin/../lib/gcc/arm-none-eabi/9.2.1/thumb/v6-m/nofp/libcr_eabihelpers.a
LOAD /Applications/MCUXpressoIDE_11.2.0_4120/ide/plugins/com.nxp.mcuxpresso.tools.macosx_11.2.0.202001021529/tools/bin/../lib/gcc/arm-none-eabi/9.2.1/thumb/v6-m/nofp/libgcc.a
END GROUP
                0x0000000000000000                __base_PROGRAM_FLASH = 0x0
                0x0000000000000000                __base_Flash = 0x0
                0x0000000000010000                __top_PROGRAM_FLASH = 0x10000
                0x0000000000010000                __top_Flash = 0x10000
                0x000000001ffff000                __base_SRAM = 0x1ffff000
                0x000000001ffff000                __base_RAM = 0x1ffff000
                0x0000000020003000                __top_SRAM = 0x20003000
                0x0000000020003000                __top_RAM = 0x20003000
                0x00000000400fe000                __base_USB_RAM = 0x400fe000
                0x00000000400fe000                __base_RAM2 = 0x400fe000
                0x00000000400fe200                __top_USB_RAM = 0x400fe200
                0x00000000400fe200                __top_RAM2 = 0x400fe200

.text           0x0000000000000000     0x3da4
 FILL mask 0xff
                0x0000000000000000                __vectors_start__ = ABSOLUTE (.)
 *(SORT_BY_ALIGNMENT(.isr_vector))
 .isr_vector    0x0000000000000000       0xc0 ./startup/startup_mkl27z644.o
                0x0000000000000000                __Vectors
                0x0000000000000000                g_pfnVectors
                0x00000000000000c0                . = ALIGN (0x4)
                0x00000000000000c0                __section_table_start = .
                0x00000000000000c0                __data_section_table = .
                0x00000000000000c0        0x4 LONG 0x3da4 LOADADDR (.data)
                0x00000000000000c4        0x4 LONG 0x1ffff080 ADDR (.data)
                0x00000000000000c8        0x4 LONG 0x4 SIZEOF (.data)
                0x00000000000000cc        0x4 LONG 0x3da4 LOADADDR (.data_RAM2)
                0x00000000000000d0        0x4 LONG 0x400fe000 ADDR (.data_RAM2)
                0x00000000000000d4        0x4 LONG 0x0 SIZEOF (.data_RAM2)
                0x00000000000000d8                __data_section_table_end = .
                0x00000000000000d8                __bss_section_table = .
                0x00000000000000d8        0x4 LONG 0x1ffff084 ADDR (.bss)
                0x00000000000000dc        0x4 LONG 0xcc SIZEOF (.bss)
                0x00000000000000e0        0x4 LONG 0x400fe000 ADDR (.bss_RAM2)
                0x00000000000000e4        0x4 LONG 0x0 SIZEOF (.bss_RAM2)
                0x00000000000000e8                __bss_section_table_end = .
                0x00000000000000e8                __section_table_end = .
 *(SORT_BY_ALIGNMENT(.after_vectors*))
 .after_vectors.reset
                0x00000000000000e8       0x4c ./startup/startup_mkl27z644.o
                0x00000000000000e8                ResetISR
 .after_vectors.init_data
                0x0000000000000134       0x12 ./startup/startup_mkl27z644.o
                0x0000000000000134                data_init
 .after_vectors.init_bss
                0x0000000000000146       0x10 ./startup/startup_mkl27z644.o
                0x0000000000000146                bss_init
 .after_vectors
                0x0000000000000156      0x10c ./startup/startup_mkl27z644.o
                0x0000000000000156                NMI_Handler
                0x000000000000015a                SVC_Handler
                0x000000000000015c                PendSV_Handler
                0x000000000000015e                SysTick_Handler
                0x0000000000000160                DMA0_DriverIRQHandler
                0x0000000000000160                Reserved42_DriverIRQHandler
                0x0000000000000160                SPI1_DriverIRQHandler
                0x0000000000000160                LPTMR0_DriverIRQHandler
                0x0000000000000160                I2C0_DriverIRQHandler
                0x0000000000000160                Reserved43_DriverIRQHandler
                0x0000000000000160                TPM2_DriverIRQHandler
                0x0000000000000160                DMA2_DriverIRQHandler
                0x0000000000000160                CMP0_DriverIRQHandler
                0x0000000000000160                RTC_Seconds_DriverIRQHandler
                0x0000000000000160                LLWU_DriverIRQHandler
                0x0000000000000160                ADC0_DriverIRQHandler
                0x0000000000000160                SPI0_DriverIRQHandler
                0x0000000000000160                I2C1_DriverIRQHandler
                0x0000000000000160                PORTB_PORTC_PORTD_PORTE_DriverIRQHandler
                0x0000000000000160                FTFA_DriverIRQHandler
                0x0000000000000160                IntDefaultHandler
                0x0000000000000160                USB0_DriverIRQHandler
                0x0000000000000160                Reserved41_DriverIRQHandler
                0x0000000000000160                TPM0_DriverIRQHandler
                0x0000000000000160                DMA1_DriverIRQHandler
                0x0000000000000160                PORTA_DriverIRQHandler
                0x0000000000000160                PIT_DriverIRQHandler
                0x0000000000000160                Reserved39_DriverIRQHandler
                0x0000000000000160                PMC_DriverIRQHandler
                0x0000000000000160                UART2_FLEXIO_DriverIRQHandler
                0x0000000000000160                RTC_DriverIRQHandler
                0x0000000000000160                Reserved20_DriverIRQHandler
                0x0000000000000160                DMA3_DriverIRQHandler
                0x0000000000000160                TPM1_DriverIRQHandler
                0x0000000000000160                Reserved45_DriverIRQHandler
                0x0000000000000162                DMA0_IRQHandler
                0x000000000000016a                DMA1_IRQHandler
                0x0000000000000172                DMA2_IRQHandler
                0x000000000000017a                DMA3_IRQHandler
                0x0000000000000182                Reserved20_IRQHandler
                0x000000000000018a                FTFA_IRQHandler
                0x0000000000000192                PMC_IRQHandler
                0x000000000000019a                LLWU_IRQHandler
                0x00000000000001a2                I2C0_IRQHandler
                0x00000000000001aa                I2C1_IRQHandler
                0x00000000000001b2                SPI0_IRQHandler
                0x00000000000001ba                SPI1_IRQHandler
                0x00000000000001c2                LPUART0_IRQHandler
                0x00000000000001ca                LPUART1_IRQHandler
                0x00000000000001d2                UART2_FLEXIO_IRQHandler
                0x00000000000001da                ADC0_IRQHandler
                0x00000000000001e2                CMP0_IRQHandler
                0x00000000000001ea                TPM0_IRQHandler
                0x00000000000001f2                TPM1_IRQHandler
                0x00000000000001fa                TPM2_IRQHandler
                0x0000000000000202                RTC_IRQHandler
                0x000000000000020a                RTC_Seconds_IRQHandler
                0x0000000000000212                PIT_IRQHandler
                0x000000000000021a                Reserved39_IRQHandler
                0x0000000000000222                USB0_IRQHandler
                0x000000000000022a                Reserved41_IRQHandler
                0x0000000000000232                Reserved42_IRQHandler
                0x000000000000023a                Reserved43_IRQHandler
                0x0000000000000242                LPTMR0_IRQHandler
                0x000000000000024a                Reserved45_IRQHandler
                0x0000000000000252                PORTA_IRQHandler
                0x000000000000025a                PORTB_PORTC_PORTD_PORTE_IRQHandler
                0x0000000000000400                . = 0x400
 *fill*         0x0000000000000262      0x19e ff
                0x0000000000000400                PROVIDE (__FLASH_CONFIG_START__ = .)
 *(SORT_BY_ALIGNMENT(.FlashConfig))
 .FlashConfig   0x0000000000000400       0x10 ./startup/startup_mkl27z644.o
                0x0000000000000400                Flash_Config
                0x0000000000000410                PROVIDE (__FLASH_CONFIG_END__ = .)
                0x0000000000000001                ASSERT (! ((__FLASH_CONFIG_START__ == __FLASH_CONFIG_END__)), Linker Flash Config Support Enabled, but no .FlashConfig section provided within application)
 *(SORT_BY_ALIGNMENT(.text*))
 .text.__assertion_failed
                0x0000000000000410       0x1c ./utilities/fsl_assert.o
                0x0000000000000410                __assertion_failed
 .text.ADC16_GetChannelConversionValue
                0x000000000000042c       0x30 ./source/adc16_polling.o
 .text.main     0x000000000000045c      0x124 ./source/adc16_polling.o
                0x000000000000045c                main
 .text.HardFault_Handler
                0x0000000000000580       0x30 ./source/semihost_hardfault.o
                0x0000000000000580                HardFault_Handler
 .text.CLOCK_EnableClock
                0x00000000000005b0       0x34 ./drivers/fsl_adc16.o
 .text.ADC16_GetInstance
                0x00000000000005e4       0x48 ./drivers/fsl_adc16.o
 .text.ADC16_Init
                0x000000000000062c      0x114 ./drivers/fsl_adc16.o
                0x000000000000062c                ADC16_Init
 .text.ADC16_GetDefaultConfig
                0x0000000000000740       0x64 ./drivers/fsl_adc16.o
                0x0000000000000740                ADC16_GetDefaultConfig
 .text.ADC16_SetChannelConfig
                0x00000000000007a4       0x6c ./drivers/fsl_adc16.o
                0x00000000000007a4                ADC16_SetChannelConfig
 .text.ADC16_GetChannelStatusFlags
                0x0000000000000810       0x40 ./drivers/fsl_adc16.o
                0x0000000000000810                ADC16_GetChannelStatusFlags
 .text.CLOCK_SetEr32kClock
                0x0000000000000850       0x34 ./drivers/fsl_clock.o
 .text.CLOCK_SetSimConfig
                0x0000000000000884       0x2c ./drivers/fsl_clock.o
                0x0000000000000884                CLOCK_SetSimConfig
 .text.CLOCK_GetPeriphClkFreq
                0x00000000000008b0       0x3c ./drivers/fsl_clock.o
                0x00000000000008b0                CLOCK_GetPeriphClkFreq
 .text.CLOCK_SetMcgliteConfig
                0x00000000000008ec      0x110 ./drivers/fsl_clock.o
                0x00000000000008ec                CLOCK_SetMcgliteConfig
 .text.LPUART0_DriverIRQHandler
                0x00000000000009fc       0x24 ./drivers/fsl_lpuart.o
                0x00000000000009fc                LPUART0_DriverIRQHandler
 .text.LPUART1_DriverIRQHandler
                0x0000000000000a20       0x24 ./drivers/fsl_lpuart.o
                0x0000000000000a20                LPUART1_DriverIRQHandler
 .text.SystemInit
                0x0000000000000a44       0x40 ./device/system_MKL27Z644.o
                0x0000000000000a44                SystemInit
 .text.CLOCK_SetLpuart0Clock
                0x0000000000000a84       0x38 ./board/board.o
 .text.CLOCK_SetSimSafeDivs
                0x0000000000000abc       0x20 ./board/clock_config.o
 .text.BOARD_BootClockRUN
                0x0000000000000adc       0x34 ./board/clock_config.o
                0x0000000000000adc                BOARD_BootClockRUN
 .text.CLOCK_EnableClock
                0x0000000000000b10       0x34 ./board/pin_mux.o
 .text.PORT_SetPinMux
                0x0000000000000b44       0x40 ./board/pin_mux.o
 .text.BOARD_InitPins
                0x0000000000000b84       0x68 ./board/pin_mux.o
                0x0000000000000b84                BOARD_InitPins
 .text.malloc   0x0000000000000bec       0xd0 /Applications/MCUXpressoIDE_11.2.0_4120/ide/plugins/com.nxp.mcuxpresso.tools.macosx_11.2.0.202001021529/tools/bin/../lib/gcc/arm-none-eabi/9.2.1/../../../../arm-none-eabi/lib/thumb/v6-m/nofp/libcr_c.a(alloc.o)
                0x0000000000000bec                malloc
 .text._Csys_alloc
                0x0000000000000cbc       0x20 /Applications/MCUXpressoIDE_11.2.0_4120/ide/plugins/com.nxp.mcuxpresso.tools.macosx_11.2.0.202001021529/tools/bin/../lib/gcc/arm-none-eabi/9.2.1/../../../../arm-none-eabi/lib/thumb/v6-m/nofp/libcr_c.a(alloc.o)
                0x0000000000000cbc                _Csys_alloc
 .text.sprintf  0x0000000000000cdc       0x6c /Applications/MCUXpressoIDE_11.2.0_4120/ide/plugins/com.nxp.mcuxpresso.tools.macosx_11.2.0.202001021529/tools/bin/../lib/gcc/arm-none-eabi/9.2.1/../../../../arm-none-eabi/lib/thumb/v6-m/nofp/libcr_c.a(fpprintf.o)
                0x0000000000000cdc                sprintf
 .text.fp_display
                0x0000000000000d48      0x97c /Applications/MCUXpressoIDE_11.2.0_4120/ide/plugins/com.nxp.mcuxpresso.tools.macosx_11.2.0.202001021529/tools/bin/../lib/gcc/arm-none-eabi/9.2.1/../../../../arm-none-eabi/lib/thumb/v6-m/nofp/libcr_c.a(fpprintf.o)
 .text.vsnprintf
                0x00000000000016c4       0x70 /Applications/MCUXpressoIDE_11.2.0_4120/ide/plugins/com.nxp.mcuxpresso.tools.macosx_11.2.0.202001021529/tools/bin/../lib/gcc/arm-none-eabi/9.2.1/../../../../arm-none-eabi/lib/thumb/v6-m/nofp/libcr_c.a(fpprintf.o)
                0x00000000000016c4                vsnprintf
 .text.printf   0x0000000000001734       0x50 /Applications/MCUXpressoIDE_11.2.0_4120/ide/plugins/com.nxp.mcuxpresso.tools.macosx_11.2.0.202001021529/tools/bin/../lib/gcc/arm-none-eabi/9.2.1/../../../../arm-none-eabi/lib/thumb/v6-m/nofp/libcr_c.a(fpprintf.o)
                0x0000000000001734                printf
 .text._initio  0x0000000000001784       0x7c /Applications/MCUXpressoIDE_11.2.0_4120/ide/plugins/com.nxp.mcuxpresso.tools.macosx_11.2.0.202001021529/tools/bin/../lib/gcc/arm-none-eabi/9.2.1/../../../../arm-none-eabi/lib/thumb/v6-m/nofp/libcr_c.a(initio.o)
                0x0000000000001784                _initio
 .text.__vfprintf
                0x0000000000001800      0xd40 /Applications/MCUXpressoIDE_11.2.0_4120/ide/plugins/com.nxp.mcuxpresso.tools.macosx_11.2.0.202001021529/tools/bin/../lib/gcc/arm-none-eabi/9.2.1/../../../../arm-none-eabi/lib/thumb/v6-m/nofp/libcr_c.a(printf.o)
                0x0000000000001800                __vfprintf
 .text.setvbuf  0x0000000000002540       0x4c /Applications/MCUXpressoIDE_11.2.0_4120/ide/plugins/com.nxp.mcuxpresso.tools.macosx_11.2.0.202001021529/tools/bin/../lib/gcc/arm-none-eabi/9.2.1/../../../../arm-none-eabi/lib/thumb/v6-m/nofp/libcr_c.a(setvbuf.o)
                0x0000000000002540                setvbuf
 .text.strlen   0x000000000000258c       0x58 /Applications/MCUXpressoIDE_11.2.0_4120/ide/plugins/com.nxp.mcuxpresso.tools.macosx_11.2.0.202001021529/tools/bin/../lib/gcc/arm-none-eabi/9.2.1/../../../../arm-none-eabi/lib/thumb/v6-m/nofp/libcr_c.a(strlen.o)
                0x000000000000258c                strlen
 .text._sbrk    0x00000000000025e4       0x44 /Applications/MCUXpressoIDE_11.2.0_4120/ide/plugins/com.nxp.mcuxpresso.tools.macosx_11.2.0.202001021529/tools/bin/../lib/gcc/arm-none-eabi/9.2.1/../../../../arm-none-eabi/lib/thumb/v6-m/nofp/libcr_c.a(_cr_sbrk.o)
                0x00000000000025e4                _sbrk
 .text._deferredlazyseek
                0x0000000000002628       0x40 /Applications/MCUXpressoIDE_11.2.0_4120/ide/plugins/com.nxp.mcuxpresso.tools.macosx_11.2.0.202001021529/tools/bin/../lib/gcc/arm-none-eabi/9.2.1/../../../../arm-none-eabi/lib/thumb/v6-m/nofp/libcr_c.a(_deferredlazyseek.o)
                0x0000000000002628                _deferredlazyseek
 .text.__flsbuf
                0x0000000000002668      0x150 /Applications/MCUXpressoIDE_11.2.0_4120/ide/plugins/com.nxp.mcuxpresso.tools.macosx_11.2.0.202001021529/tools/bin/../lib/gcc/arm-none-eabi/9.2.1/../../../../arm-none-eabi/lib/thumb/v6-m/nofp/libcr_c.a(_deferredlazyseek.o)
                0x0000000000002668                __flsbuf
 .text._fdopen  0x00000000000027b8       0x74 /Applications/MCUXpressoIDE_11.2.0_4120/ide/plugins/com.nxp.mcuxpresso.tools.macosx_11.2.0.202001021529/tools/bin/../lib/gcc/arm-none-eabi/9.2.1/../../../../arm-none-eabi/lib/thumb/v6-m/nofp/libcr_c.a(_fdopen.o)
                0x00000000000027b8                _fdopen
 .text._fflush  0x000000000000282c       0x60 /Applications/MCUXpressoIDE_11.2.0_4120/ide/plugins/com.nxp.mcuxpresso.tools.macosx_11.2.0.202001021529/tools/bin/../lib/gcc/arm-none-eabi/9.2.1/../../../../arm-none-eabi/lib/thumb/v6-m/nofp/libcr_c.a(_fflush.o)
                0x000000000000282c                _fflush
 .text._frexpl  0x000000000000288c       0x80 /Applications/MCUXpressoIDE_11.2.0_4120/ide/plugins/com.nxp.mcuxpresso.tools.macosx_11.2.0.202001021529/tools/bin/../lib/gcc/arm-none-eabi/9.2.1/../../../../arm-none-eabi/lib/thumb/v6-m/nofp/libcr_c.a(_frexpl.o)
                0x000000000000288c                _frexpl
 .text._ldexpl  0x000000000000290c       0x58 /Applications/MCUXpressoIDE_11.2.0_4120/ide/plugins/com.nxp.mcuxpresso.tools.macosx_11.2.0.202001021529/tools/bin/../lib/gcc/arm-none-eabi/9.2.1/../../../../arm-none-eabi/lib/thumb/v6-m/nofp/libcr_c.a(_ldexpl.o)
                0x000000000000290c                _ldexpl
 .text._Cwritebuf
                0x0000000000002964       0x68 /Applications/MCUXpressoIDE_11.2.0_4120/ide/plugins/com.nxp.mcuxpresso.tools.macosx_11.2.0.202001021529/tools/bin/../lib/gcc/arm-none-eabi/9.2.1/../../../../arm-none-eabi/lib/thumb/v6-m/nofp/libcr_c.a(_writebuf.o)
                0x0000000000002964                _Cwritebuf
 .text.fclose   0x00000000000029cc       0x5c /Applications/MCUXpressoIDE_11.2.0_4120/ide/plugins/com.nxp.mcuxpresso.tools.macosx_11.2.0.202001021529/tools/bin/../lib/gcc/arm-none-eabi/9.2.1/../../../../arm-none-eabi/lib/thumb/v6-m/nofp/libcr_c.a(fclose.o)
                0x00000000000029cc                fclose
 .text.fflush   0x0000000000002a28       0x44 /Applications/MCUXpressoIDE_11.2.0_4120/ide/plugins/com.nxp.mcuxpresso.tools.macosx_11.2.0.202001021529/tools/bin/../lib/gcc/arm-none-eabi/9.2.1/../../../../arm-none-eabi/lib/thumb/v6-m/nofp/libcr_c.a(fflush.o)
                0x0000000000002a28                fflush
 .text.fseek    0x0000000000002a6c       0xf4 /Applications/MCUXpressoIDE_11.2.0_4120/ide/plugins/com.nxp.mcuxpresso.tools.macosx_11.2.0.202001021529/tools/bin/../lib/gcc/arm-none-eabi/9.2.1/../../../../arm-none-eabi/lib/thumb/v6-m/nofp/libcr_c.a(fseek.o)
                0x0000000000002a6c                fseek
 .text.ftell    0x0000000000002b60       0x48 /Applications/MCUXpressoIDE_11.2.0_4120/ide/plugins/com.nxp.mcuxpresso.tools.macosx_11.2.0.202001021529/tools/bin/../lib/gcc/arm-none-eabi/9.2.1/../../../../arm-none-eabi/lib/thumb/v6-m/nofp/libcr_c.a(ftell.o)
                0x0000000000002b60                ftell
 .text.__check_heap_overflow
                0x0000000000002ba8       0x14 /Applications/MCUXpressoIDE_11.2.0_4120/ide/plugins/com.nxp.mcuxpresso.tools.macosx_11.2.0.202001021529/tools/bin/../lib/gcc/arm-none-eabi/9.2.1/../../../../arm-none-eabi/lib/thumb/v6-m/nofp/libcr_c.a(_cr_check_heap.o)
                0x0000000000002ba8                __check_heap_overflow
 .text._do_fflush
                0x0000000000002bbc       0x48 /Applications/MCUXpressoIDE_11.2.0_4120/ide/plugins/com.nxp.mcuxpresso.tools.macosx_11.2.0.202001021529/tools/bin/../lib/gcc/arm-none-eabi/9.2.1/../../../../arm-none-eabi/lib/thumb/v6-m/nofp/libcr_c.a(_do_fflush.o)
                0x0000000000002bbc                _do_fflush
 .text.__aeabi_dmul
                0x0000000000002c04      0x184 /Applications/MCUXpressoIDE_11.2.0_4120/ide/plugins/com.nxp.mcuxpresso.tools.macosx_11.2.0.202001021529/tools/bin/../lib/gcc/arm-none-eabi/9.2.1/thumb/v6-m/nofp/libcr_eabihelpers.a(double.o)
                0x0000000000002c04                __aeabi_dmul
 .text.__aeabi_ddiv
                0x0000000000002d88      0x150 /Applications/MCUXpressoIDE_11.2.0_4120/ide/plugins/com.nxp.mcuxpresso.tools.macosx_11.2.0.202001021529/tools/bin/../lib/gcc/arm-none-eabi/9.2.1/thumb/v6-m/nofp/libcr_eabihelpers.a(double.o)
                0x0000000000002d88                __aeabi_ddiv
 .text.__aeabi_dsub
                0x0000000000002ed8      0x1e4 /Applications/MCUXpressoIDE_11.2.0_4120/ide/plugins/com.nxp.mcuxpresso.tools.macosx_11.2.0.202001021529/tools/bin/../lib/gcc/arm-none-eabi/9.2.1/thumb/v6-m/nofp/libcr_eabihelpers.a(double.o)
                0x0000000000002ed8                __aeabi_dsub
 .text.__aeabi_dadd
                0x00000000000030bc      0x134 /Applications/MCUXpressoIDE_11.2.0_4120/ide/plugins/com.nxp.mcuxpresso.tools.macosx_11.2.0.202001021529/tools/bin/../lib/gcc/arm-none-eabi/9.2.1/thumb/v6-m/nofp/libcr_eabihelpers.a(double.o)
                0x00000000000030bc                __aeabi_dadd
 .text.__aeabi_d2f
                0x00000000000031f0       0x60 /Applications/MCUXpressoIDE_11.2.0_4120/ide/plugins/com.nxp.mcuxpresso.tools.macosx_11.2.0.202001021529/tools/bin/../lib/gcc/arm-none-eabi/9.2.1/thumb/v6-m/nofp/libcr_eabihelpers.a(double.o)
                0x00000000000031f0                __aeabi_d2f
 .text.__aeabi_d2iz
                0x0000000000003250       0x50 /Applications/MCUXpressoIDE_11.2.0_4120/ide/plugins/com.nxp.mcuxpresso.tools.macosx_11.2.0.202001021529/tools/bin/../lib/gcc/arm-none-eabi/9.2.1/thumb/v6-m/nofp/libcr_eabihelpers.a(double.o)
                0x0000000000003250                __aeabi_d2iz
 .text.__aeabi_dcmpeq
                0x00000000000032a0       0x30 /Applications/MCUXpressoIDE_11.2.0_4120/ide/plugins/com.nxp.mcuxpresso.tools.macosx_11.2.0.202001021529/tools/bin/../lib/gcc/arm-none-eabi/9.2.1/thumb/v6-m/nofp/libcr_eabihelpers.a(double.o)
                0x00000000000032a0                __aeabi_dcmpeq
 .text.__aeabi_dcmplt
                0x00000000000032d0       0x60 /Applications/MCUXpressoIDE_11.2.0_4120/ide/plugins/com.nxp.mcuxpresso.tools.macosx_11.2.0.202001021529/tools/bin/../lib/gcc/arm-none-eabi/9.2.1/thumb/v6-m/nofp/libcr_eabihelpers.a(double.o)
                0x00000000000032d0                __aeabi_dcmplt
 .text.__aeabi_dcmple
                0x0000000000003330       0x60 /Applications/MCUXpressoIDE_11.2.0_4120/ide/plugins/com.nxp.mcuxpresso.tools.macosx_11.2.0.202001021529/tools/bin/../lib/gcc/arm-none-eabi/9.2.1/thumb/v6-m/nofp/libcr_eabihelpers.a(double.o)
                0x0000000000003330                __aeabi_dcmple
 .text.__aeabi_dcmpge
                0x0000000000003390       0x64 /Applications/MCUXpressoIDE_11.2.0_4120/ide/plugins/com.nxp.mcuxpresso.tools.macosx_11.2.0.202001021529/tools/bin/../lib/gcc/arm-none-eabi/9.2.1/thumb/v6-m/nofp/libcr_eabihelpers.a(double.o)
                0x0000000000003390                __aeabi_dcmpge
 .text.__aeabi_fdiv
                0x00000000000033f4       0xe4 /Applications/MCUXpressoIDE_11.2.0_4120/ide/plugins/com.nxp.mcuxpresso.tools.macosx_11.2.0.202001021529/tools/bin/../lib/gcc/arm-none-eabi/9.2.1/thumb/v6-m/nofp/libcr_eabihelpers.a(float.o)
                0x00000000000033f4                __aeabi_fdiv
 .text.__aeabi_f2d
                0x00000000000034d8       0x40 /Applications/MCUXpressoIDE_11.2.0_4120/ide/plugins/com.nxp.mcuxpresso.tools.macosx_11.2.0.202001021529/tools/bin/../lib/gcc/arm-none-eabi/9.2.1/thumb/v6-m/nofp/libcr_eabihelpers.a(float.o)
                0x00000000000034d8                __aeabi_f2d
 .text.__sys_appexit
                0x0000000000003518        0xc /Applications/MCUXpressoIDE_11.2.0_4120/ide/plugins/com.nxp.mcuxpresso.tools.macosx_11.2.0.202001021529/tools/bin/../lib/gcc/arm-none-eabi/9.2.1/../../../../arm-none-eabi/lib/thumb/v6-m/nofp/libcr_semihost_nf.a(__sys_appexit.o)
                0x0000000000003518                __exit
                0x0000000000003518                __sys_appexit
 .text.ADC16_EnableHardwareTrigger
                0x0000000000003524       0x3a ./source/adc16_polling.o
 .text.ADC16_DoAutoCalibration
                0x000000000000355e      0x13e ./drivers/fsl_adc16.o
                0x000000000000355e                ADC16_DoAutoCalibration
 .text.ADC16_GetStatusFlags
                0x000000000000369c       0x3a ./drivers/fsl_adc16.o
                0x000000000000369c                ADC16_GetStatusFlags
 .text.SystemInitHook
                0x00000000000036d6        0xa ./device/system_MKL27Z644.o
                0x00000000000036d6                SystemInitHook
 .text.DbgConsole_Init
                0x00000000000036e0       0x26 ./board/board.o
 .text.BOARD_InitDebugConsole
                0x0000000000003706       0x2a ./board/board.o
                0x0000000000003706                BOARD_InitDebugConsole
 .text.__main   0x0000000000003730        0xc /Applications/MCUXpressoIDE_11.2.0_4120/ide/plugins/com.nxp.mcuxpresso.tools.macosx_11.2.0.202001021529/tools/bin/../lib/gcc/arm-none-eabi/9.2.1/../../../../arm-none-eabi/lib/thumb/v6-m/nofp/libcr_semihost_nf.a(_cr__main.o)
                0x0000000000003730                __main
                0x0000000000003730                __CR_SEMIHOST
 .text.memset   0x000000000000373c        0x8 /Applications/MCUXpressoIDE_11.2.0_4120/ide/plugins/com.nxp.mcuxpresso.tools.macosx_11.2.0.202001021529/tools/bin/../lib/gcc/arm-none-eabi/9.2.1/../../../../arm-none-eabi/lib/thumb/v6-m/nofp/libcr_c.a(memset.o)
                0x000000000000373c                memset
 .text.free     0x0000000000003744       0x2c /Applications/MCUXpressoIDE_11.2.0_4120/ide/plugins/com.nxp.mcuxpresso.tools.macosx_11.2.0.202001021529/tools/bin/../lib/gcc/arm-none-eabi/9.2.1/../../../../arm-none-eabi/lib/thumb/v6-m/nofp/libcr_c.a(alloc.o)
                0x0000000000003744                free
 .text.fp_round
                0x0000000000003770       0x4a /Applications/MCUXpressoIDE_11.2.0_4120/ide/plugins/com.nxp.mcuxpresso.tools.macosx_11.2.0.202001021529/tools/bin/../lib/gcc/arm-none-eabi/9.2.1/../../../../arm-none-eabi/lib/thumb/v6-m/nofp/libcr_c.a(fpprintf.o)
 .text.pr_dec.constprop.0
                0x00000000000037ba       0x30 /Applications/MCUXpressoIDE_11.2.0_4120/ide/plugins/com.nxp.mcuxpresso.tools.macosx_11.2.0.202001021529/tools/bin/../lib/gcc/arm-none-eabi/9.2.1/../../../../arm-none-eabi/lib/thumb/v6-m/nofp/libcr_c.a(fpprintf.o)
 .text.remove   0x00000000000037ea       0x12 /Applications/MCUXpressoIDE_11.2.0_4120/ide/plugins/com.nxp.mcuxpresso.tools.macosx_11.2.0.202001021529/tools/bin/../lib/gcc/arm-none-eabi/9.2.1/../../../../arm-none-eabi/lib/thumb/v6-m/nofp/libcr_c.a(remove.o)
                0x00000000000037ea                remove
 .text.__aeabi_division_idivmod
                0x00000000000037fc       0x78 /Applications/MCUXpressoIDE_11.2.0_4120/ide/plugins/com.nxp.mcuxpresso.tools.macosx_11.2.0.202001021529/tools/bin/../lib/gcc/arm-none-eabi/9.2.1/thumb/v6-m/nofp/libcr_eabihelpers.a(division_32.o)
                0x00000000000037fc                __aeabi_idiv
                0x00000000000037fc                __aeabi_idivmod
                0x0000000000003802                __aeabi_uidiv
                0x0000000000003802                __aeabi_uidivmod
 .text.__aeabi_division_idiv0
                0x0000000000003874        0x2 /Applications/MCUXpressoIDE_11.2.0_4120/ide/plugins/com.nxp.mcuxpresso.tools.macosx_11.2.0.202001021529/tools/bin/../lib/gcc/arm-none-eabi/9.2.1/thumb/v6-m/nofp/libcr_eabihelpers.a(division_idiv0.o)
                0x0000000000003874                __aeabi_idiv0
 .text.__bhs_ui2d
                0x0000000000003876       0x5e /Applications/MCUXpressoIDE_11.2.0_4120/ide/plugins/com.nxp.mcuxpresso.tools.macosx_11.2.0.202001021529/tools/bin/../lib/gcc/arm-none-eabi/9.2.1/thumb/v6-m/nofp/libcr_eabihelpers.a(double.o)
                0x0000000000003876                __bhs_ui2d
 .text.__aeabi_i2d
                0x00000000000038d4       0x18 /Applications/MCUXpressoIDE_11.2.0_4120/ide/plugins/com.nxp.mcuxpresso.tools.macosx_11.2.0.202001021529/tools/bin/../lib/gcc/arm-none-eabi/9.2.1/thumb/v6-m/nofp/libcr_eabihelpers.a(double.o)
                0x00000000000038d4                __aeabi_i2d
 .text.__bhs_ui2f
                0x00000000000038ec       0x62 /Applications/MCUXpressoIDE_11.2.0_4120/ide/plugins/com.nxp.mcuxpresso.tools.macosx_11.2.0.202001021529/tools/bin/../lib/gcc/arm-none-eabi/9.2.1/thumb/v6-m/nofp/libcr_eabihelpers.a(float.o)
                0x00000000000038ec                __bhs_ui2f
 .text.__aeabi_ui2f
                0x000000000000394e        0xc /Applications/MCUXpressoIDE_11.2.0_4120/ide/plugins/com.nxp.mcuxpresso.tools.macosx_11.2.0.202001021529/tools/bin/../lib/gcc/arm-none-eabi/9.2.1/thumb/v6-m/nofp/libcr_eabihelpers.a(float.o)
                0x000000000000394e                __aeabi_ui2f
 .text.__aeabi_llong_lmul
                0x000000000000395a       0x2e /Applications/MCUXpressoIDE_11.2.0_4120/ide/plugins/com.nxp.mcuxpresso.tools.macosx_11.2.0.202001021529/tools/bin/../lib/gcc/arm-none-eabi/9.2.1/thumb/v6-m/nofp/libcr_eabihelpers.a(llong.o)
                0x000000000000395a                __aeabi_lmul
 .text.__aeabi_memset_lowlevel
                0x0000000000003988       0x2a /Applications/MCUXpressoIDE_11.2.0_4120/ide/plugins/com.nxp.mcuxpresso.tools.macosx_11.2.0.202001021529/tools/bin/../lib/gcc/arm-none-eabi/9.2.1/thumb/v6-m/nofp/libcr_eabihelpers.a(memcpy.o)
                0x0000000000003988                __aeabi_lowlevel_memset
 .text.__gnu_thumb1_case_shi
                0x00000000000039b2       0x10 /Applications/MCUXpressoIDE_11.2.0_4120/ide/plugins/com.nxp.mcuxpresso.tools.macosx_11.2.0.202001021529/tools/bin/../lib/gcc/arm-none-eabi/9.2.1/thumb/v6-m/nofp/libcr_eabihelpers.a(thumb1_switch_helpers.o)
                0x00000000000039b2                __gnu_thumb1_case_shi
 .text.__sys_close
                0x00000000000039c2        0xc /Applications/MCUXpressoIDE_11.2.0_4120/ide/plugins/com.nxp.mcuxpresso.tools.macosx_11.2.0.202001021529/tools/bin/../lib/gcc/arm-none-eabi/9.2.1/../../../../arm-none-eabi/lib/thumb/v6-m/nofp/libcr_semihost_nf.a(__sys_close.o)
                0x00000000000039c2                __sys_close
 .text.__sys_flen
                0x00000000000039ce        0xc /Applications/MCUXpressoIDE_11.2.0_4120/ide/plugins/com.nxp.mcuxpresso.tools.macosx_11.2.0.202001021529/tools/bin/../lib/gcc/arm-none-eabi/9.2.1/../../../../arm-none-eabi/lib/thumb/v6-m/nofp/libcr_semihost_nf.a(__sys_flen.o)
                0x00000000000039ce                __sys_flen
 .text.__sys_istty
                0x00000000000039da        0xc /Applications/MCUXpressoIDE_11.2.0_4120/ide/plugins/com.nxp.mcuxpresso.tools.macosx_11.2.0.202001021529/tools/bin/../lib/gcc/arm-none-eabi/9.2.1/../../../../arm-none-eabi/lib/thumb/v6-m/nofp/libcr_semihost_nf.a(__sys_istty.o)
                0x00000000000039da                __sys_istty
 .text.__sys_remove
                0x00000000000039e6        0xc /Applications/MCUXpressoIDE_11.2.0_4120/ide/plugins/com.nxp.mcuxpresso.tools.macosx_11.2.0.202001021529/tools/bin/../lib/gcc/arm-none-eabi/9.2.1/../../../../arm-none-eabi/lib/thumb/v6-m/nofp/libcr_semihost_nf.a(__sys_remove.o)
                0x00000000000039e6                __sys_remove
 .text.__sys_seek
                0x00000000000039f2        0xc /Applications/MCUXpressoIDE_11.2.0_4120/ide/plugins/com.nxp.mcuxpresso.tools.macosx_11.2.0.202001021529/tools/bin/../lib/gcc/arm-none-eabi/9.2.1/../../../../arm-none-eabi/lib/thumb/v6-m/nofp/libcr_semihost_nf.a(__sys_seek.o)
                0x00000000000039f2                __sys_seek
 .text.__sys_tmpnam
                0x00000000000039fe        0xc /Applications/MCUXpressoIDE_11.2.0_4120/ide/plugins/com.nxp.mcuxpresso.tools.macosx_11.2.0.202001021529/tools/bin/../lib/gcc/arm-none-eabi/9.2.1/../../../../arm-none-eabi/lib/thumb/v6-m/nofp/libcr_semihost_nf.a(__sys_tmpnam.o)
                0x00000000000039fe                __sys_tmpnam
 .text.__sys_write
                0x0000000000003a0a        0xc /Applications/MCUXpressoIDE_11.2.0_4120/ide/plugins/com.nxp.mcuxpresso.tools.macosx_11.2.0.202001021529/tools/bin/../lib/gcc/arm-none-eabi/9.2.1/../../../../arm-none-eabi/lib/thumb/v6-m/nofp/libcr_semihost_nf.a(__sys_write.o)
                0x0000000000003a0a                __sys_write
 *(SORT_BY_ALIGNMENT(.rodata) SORT_BY_ALIGNMENT(.rodata.*) SORT_BY_ALIGNMENT(.constdata) SORT_BY_ALIGNMENT(.constdata.*))
 *fill*         0x0000000000003a16        0x2 ff
 .rodata.__assertion_failed.str1.4
                0x0000000000003a18       0x14 ./utilities/fsl_assert.o
 .rodata.ADC16_GetChannelConversionValue.str1.4
                0x0000000000003a2c       0xaf ./source/adc16_polling.o
 *fill*         0x0000000000003adb        0x1 ff
 .rodata.main.str1.4
                0x0000000000003adc      0x10a ./source/adc16_polling.o
 *fill*         0x0000000000003be6        0x2 ff
 .rodata.ADC16_GetInstance.str1.4
                0x0000000000003be8       0x36 ./drivers/fsl_adc16.o
 *fill*         0x0000000000003c1e        0x2 ff
 .rodata.ADC16_Init.str1.4
                0x0000000000003c20       0x21 ./drivers/fsl_adc16.o
 *fill*         0x0000000000003c41        0x3 ff
 .rodata.ADC16_GetDefaultConfig.str1.4
                0x0000000000003c44       0x22 ./drivers/fsl_adc16.o
 *fill*         0x0000000000003c66        0x2 ff
 .rodata.ADC16_SetChannelConfig.str1.4
                0x0000000000003c68       0x52 ./drivers/fsl_adc16.o
 *fill*         0x0000000000003cba        0x2 ff
 .rodata.ADC16_GetChannelStatusFlags.str1.4
                0x0000000000003cbc       0x30 ./drivers/fsl_adc16.o
 .rodata.CLOCK_SetMcgliteConfig.str1.4
                0x0000000000003cec       0x20 ./drivers/fsl_clock.o
 .rodata.mcgliteConfig_BOARD_BootClockRUN
                0x0000000000003d0c        0x6 ./board/clock_config.o
                0x0000000000003d0c                mcgliteConfig_BOARD_BootClockRUN
 *fill*         0x0000000000003d12        0x2 ff
 .rodata.simConfig_BOARD_BootClockRUN
                0x0000000000003d14        0x8 ./board/clock_config.o
                0x0000000000003d14                simConfig_BOARD_BootClockRUN
 .rodata.__num_Ciob_streams
                0x0000000000003d1c        0x4 /Applications/MCUXpressoIDE_11.2.0_4120/ide/plugins/com.nxp.mcuxpresso.tools.macosx_11.2.0.202001021529/tools/bin/../lib/gcc/arm-none-eabi/9.2.1/../../../../arm-none-eabi/lib/thumb/v6-m/nofp/libcr_semihost_nf.a(__ciob.o)
                0x0000000000003d1c                __num_Ciob_streams
 .rodata._Csys_alloc.str1.1
                0x0000000000003d20       0x18 /Applications/MCUXpressoIDE_11.2.0_4120/ide/plugins/com.nxp.mcuxpresso.tools.macosx_11.2.0.202001021529/tools/bin/../lib/gcc/arm-none-eabi/9.2.1/../../../../arm-none-eabi/lib/thumb/v6-m/nofp/libcr_c.a(alloc.o)
 .rodata.fp_display.str1.1
                0x0000000000003d38       0x34 /Applications/MCUXpressoIDE_11.2.0_4120/ide/plugins/com.nxp.mcuxpresso.tools.macosx_11.2.0.202001021529/tools/bin/../lib/gcc/arm-none-eabi/9.2.1/../../../../arm-none-eabi/lib/thumb/v6-m/nofp/libcr_c.a(fpprintf.o)
                                         0x35 (size before relaxing)
 .rodata._initio.str1.1
                0x0000000000003d6c        0x4 /Applications/MCUXpressoIDE_11.2.0_4120/ide/plugins/com.nxp.mcuxpresso.tools.macosx_11.2.0.202001021529/tools/bin/../lib/gcc/arm-none-eabi/9.2.1/../../../../arm-none-eabi/lib/thumb/v6-m/nofp/libcr_c.a(initio.o)
 .rodata.__vfprintf.str1.1
                0x0000000000003d70       0x31 /Applications/MCUXpressoIDE_11.2.0_4120/ide/plugins/com.nxp.mcuxpresso.tools.macosx_11.2.0.202001021529/tools/bin/../lib/gcc/arm-none-eabi/9.2.1/../../../../arm-none-eabi/lib/thumb/v6-m/nofp/libcr_c.a(printf.o)
                                         0x38 (size before relaxing)
                0x0000000000003da4                . = ALIGN (0x4)
 *fill*         0x0000000000003da1        0x3 ff

.glue_7         0x0000000000003da4        0x0
 .glue_7        0x0000000000003da4        0x0 linker stubs

.glue_7t        0x0000000000003da4        0x0
 .glue_7t       0x0000000000003da4        0x0 linker stubs

.vfp11_veneer   0x0000000000003da4        0x0
 .vfp11_veneer  0x0000000000003da4        0x0 linker stubs

.v4_bx          0x0000000000003da4        0x0
 .v4_bx         0x0000000000003da4        0x0 linker stubs

.iplt           0x0000000000003da4        0x0
 .iplt          0x0000000000003da4        0x0 ./utilities/fsl_assert.o

.rel.dyn        0x0000000000003da4        0x0
 .rel.iplt      0x0000000000003da4        0x0 ./utilities/fsl_assert.o

.ARM.extab
 *(SORT_BY_ALIGNMENT(.ARM.extab*) SORT_BY_ALIGNMENT(.gnu.linkonce.armextab.*))

.ARM.exidx      0x0000000000003da4        0x0
                0x0000000000003da4                __exidx_start = .
 *(SORT_BY_ALIGNMENT(.ARM.exidx*) SORT_BY_ALIGNMENT(.gnu.linkonce.armexidx.*))
                0x0000000000003da4                __exidx_end = .
                0x0000000000003da4                _etext = .

.m_usb_data
 *(SORT_BY_ALIGNMENT(m_usb_bdt))

.mtb_buffer_RAM2
 *(SORT_BY_ALIGNMENT(.mtb.$RAM2*))
 *(SORT_BY_ALIGNMENT(.mtb.$USB_RAM*))

.data_RAM2      0x00000000400fe000        0x0 load address 0x0000000000003da4
 FILL mask 0xff
                [!provide]                        PROVIDE (__start_data_RAM2 = .)
                [!provide]                        PROVIDE (__start_data_USB_RAM = .)
 *(SORT_BY_ALIGNMENT(.ramfunc.$RAM2))
 *(SORT_BY_ALIGNMENT(.ramfunc.$USB_RAM))
 *(SORT_BY_ALIGNMENT(.data.$RAM2))
 *(SORT_BY_ALIGNMENT(.data.$USB_RAM))
 *(SORT_BY_ALIGNMENT(.data.$RAM2.*))
 *(SORT_BY_ALIGNMENT(.data.$USB_RAM.*))
                0x00000000400fe000                . = ALIGN (0x4)
                [!provide]                        PROVIDE (__end_data_RAM2 = .)
                [!provide]                        PROVIDE (__end_data_USB_RAM = .)

.mtb_buffer_default
                0x000000001ffff000       0x80
 *(SORT_BY_ALIGNMENT(.mtb*))
 .mtb.$RAM1     0x000000001ffff000       0x80 ./source/mtb.o
                0x000000001ffff000                __mtb_buffer__

.uninit_RESERVED
                0x000000001ffff080        0x0
                0x000000001ffff080                _start_uninit_RESERVED = .
 *(SORT_BY_ALIGNMENT(.bss.$RESERVED*))
                0x000000001ffff080                . = ALIGN (0x4)
                0x000000001ffff080                _end_uninit_RESERVED = .

.data           0x000000001ffff080        0x4 load address 0x0000000000003da4
 FILL mask 0xff
                0x000000001ffff080                _data = .
                [!provide]                        PROVIDE (__start_data_RAM = .)
                [!provide]                        PROVIDE (__start_data_SRAM = .)
 *(SORT_BY_ALIGNMENT(vtable))
 *(SORT_BY_ALIGNMENT(.ramfunc*))
 *(SORT_BY_ALIGNMENT(CodeQuickAccess))
 *(SORT_BY_ALIGNMENT(DataQuickAccess))
 *(SORT_BY_ALIGNMENT(RamFunction))
 *(SORT_BY_ALIGNMENT(.data*))
 .data.SystemCoreClock
                0x000000001ffff080        0x4 ./device/system_MKL27Z644.o
                0x000000001ffff080                SystemCoreClock
                0x000000001ffff084                . = ALIGN (0x4)
                0x000000001ffff084                _edata = .
                [!provide]                        PROVIDE (__end_data_RAM = .)
                [!provide]                        PROVIDE (__end_data_SRAM = .)

.igot.plt       0x000000001ffff084        0x0 load address 0x0000000000003da8
 .igot.plt      0x000000001ffff084        0x0 ./utilities/fsl_assert.o

.bss_RAM2       0x00000000400fe000        0x0
                [!provide]                        PROVIDE (__start_bss_RAM2 = .)
                [!provide]                        PROVIDE (__start_bss_USB_RAM = .)
 *(SORT_BY_ALIGNMENT(.bss.$RAM2))
 *(SORT_BY_ALIGNMENT(.bss.$USB_RAM))
 *(SORT_BY_ALIGNMENT(.bss.$RAM2.*))
 *(SORT_BY_ALIGNMENT(.bss.$USB_RAM.*))
                0x00000000400fe000                . = ALIGN ((. != 0x0)?0x4:0x1)
                [!provide]                        PROVIDE (__end_bss_RAM2 = .)
                [!provide]                        PROVIDE (__end_bss_USB_RAM = .)

.bss            0x000000001ffff084       0xcc
                0x000000001ffff084                _bss = .
                [!provide]                        PROVIDE (__start_bss_RAM = .)
                [!provide]                        PROVIDE (__start_bss_SRAM = .)
 *(SORT_BY_ALIGNMENT(.bss*))
 .bss.s_lpuartHandle
                0x000000001ffff084        0x8 ./drivers/fsl_lpuart.o
 .bss.s_lpuartIsr
                0x000000001ffff08c        0x4 ./drivers/fsl_lpuart.o
 .bss.__end_of_heap
                0x000000001ffff090        0x4 /Applications/MCUXpressoIDE_11.2.0_4120/ide/plugins/com.nxp.mcuxpresso.tools.macosx_11.2.0.202001021529/tools/bin/../lib/gcc/arm-none-eabi/9.2.1/../../../../arm-none-eabi/lib/thumb/v6-m/nofp/libcr_c.a(__init_alloc.o)
                0x000000001ffff090                __end_of_heap
 .bss.__heaps   0x000000001ffff094        0x4 /Applications/MCUXpressoIDE_11.2.0_4120/ide/plugins/com.nxp.mcuxpresso.tools.macosx_11.2.0.202001021529/tools/bin/../lib/gcc/arm-none-eabi/9.2.1/../../../../arm-none-eabi/lib/thumb/v6-m/nofp/libcr_c.a(__init_alloc.o)
                0x000000001ffff094                __heaps
 .bss.errno     0x000000001ffff098        0x4 /Applications/MCUXpressoIDE_11.2.0_4120/ide/plugins/com.nxp.mcuxpresso.tools.macosx_11.2.0.202001021529/tools/bin/../lib/gcc/arm-none-eabi/9.2.1/../../../../arm-none-eabi/lib/thumb/v6-m/nofp/libcr_c.a(errno.o)
                0x000000001ffff098                errno
 .bss.__Ciob    0x000000001ffff09c       0xb4 /Applications/MCUXpressoIDE_11.2.0_4120/ide/plugins/com.nxp.mcuxpresso.tools.macosx_11.2.0.202001021529/tools/bin/../lib/gcc/arm-none-eabi/9.2.1/../../../../arm-none-eabi/lib/thumb/v6-m/nofp/libcr_semihost_nf.a(__ciob.o)
                0x000000001ffff09c                __Ciob
 *(SORT_BY_ALIGNMENT(COMMON))
                0x000000001ffff150                . = ALIGN (0x4)
                0x000000001ffff150                _ebss = .
                [!provide]                        PROVIDE (__end_bss_RAM = .)
                [!provide]                        PROVIDE (__end_bss_SRAM = .)
                [!provide]                        PROVIDE (end = .)

.noinit_RAM2    0x00000000400fe000        0x0
                [!provide]                        PROVIDE (__start_noinit_RAM2 = .)
                [!provide]                        PROVIDE (__start_noinit_USB_RAM = .)
 *(SORT_BY_ALIGNMENT(.noinit.$RAM2))
 *(SORT_BY_ALIGNMENT(.noinit.$USB_RAM))
 *(SORT_BY_ALIGNMENT(.noinit.$RAM2.*))
 *(SORT_BY_ALIGNMENT(.noinit.$USB_RAM.*))
                0x00000000400fe000                . = ALIGN (0x4)
                [!provide]                        PROVIDE (__end_noinit_RAM2 = .)
                [!provide]                        PROVIDE (__end_noinit_USB_RAM = .)

.noinit         0x000000001ffff150        0x0
                0x000000001ffff150                _noinit = .
                [!provide]                        PROVIDE (__start_noinit_RAM = .)
                [!provide]                        PROVIDE (__start_noinit_SRAM = .)
 *(SORT_BY_ALIGNMENT(.noinit*))
                0x000000001ffff150                . = ALIGN (0x4)
                0x000000001ffff150                _end_noinit = .
                [!provide]                        PROVIDE (__end_noinit_RAM = .)
                [!provide]                        PROVIDE (__end_noinit_SRAM = .)
                0x0000000000000400                _HeapSize = 0x400

.heap           0x000000001ffff150      0x400
                0x000000001ffff150                _pvHeapStart = .
                0x000000001ffff550                . = (. + _HeapSize)
 *fill*         0x000000001ffff150      0x400 
                0x000000001ffff550                . = ALIGN (0x4)
                0x000000001ffff550                _pvHeapLimit = .
                0x0000000000000400                _StackSize = 0x400

.heap2stackfill
                0x000000001ffff550      0x400
                0x000000001ffff950                . = (. + _StackSize)
 *fill*         0x000000001ffff550      0x400 

.stack          0x0000000020002c00        0x0
                0x0000000020002c00                _vStackBase = .
                0x0000000020002c00                . = ALIGN (0x4)
                0x0000000020003000                _vStackTop = (. + _StackSize)
                0x0000000000000000                _image_start = LOADADDR (.text)
                0x0000000000003da8                _image_end = (LOADADDR (.data) + SIZEOF (.data))
                0x0000000000003da8                _image_size = (_image_end - _image_start)
OUTPUT(frdmkl27z_adc16_polling.axf elf32-littlearm)

.debug_info     0x0000000000000000     0x6797
 .debug_info    0x0000000000000000      0x242 ./utilities/fsl_assert.o
 .debug_info    0x0000000000000242      0x4d3 ./startup/startup_mkl27z644.o
 .debug_info    0x0000000000000715      0xc07 ./source/adc16_polling.o
 .debug_info    0x000000000000131c       0x53 ./source/mtb.o
 .debug_info    0x000000000000136f       0x3c ./source/semihost_hardfault.o
 .debug_info    0x00000000000013ab      0xdb8 ./drivers/fsl_adc16.o
 .debug_info    0x0000000000002163     0x1306 ./drivers/fsl_clock.o
 .debug_info    0x0000000000003469     0x17ca ./drivers/fsl_lpuart.o
 .debug_info    0x0000000000004c33      0x425 ./device/system_MKL27Z644.o
 .debug_info    0x0000000000005058      0x79e ./board/board.o
 .debug_info    0x00000000000057f6      0x9fc ./board/clock_config.o
 .debug_info    0x00000000000061f2      0x5a5 ./board/pin_mux.o

.debug_abbrev   0x0000000000000000     0x144c
 .debug_abbrev  0x0000000000000000       0xe9 ./utilities/fsl_assert.o
 .debug_abbrev  0x00000000000000e9      0x1ad ./startup/startup_mkl27z644.o
 .debug_abbrev  0x0000000000000296      0x1de ./source/adc16_polling.o
 .debug_abbrev  0x0000000000000474       0x46 ./source/mtb.o
 .debug_abbrev  0x00000000000004ba       0x31 ./source/semihost_hardfault.o
 .debug_abbrev  0x00000000000004eb      0x299 ./drivers/fsl_adc16.o
 .debug_abbrev  0x0000000000000784      0x2cf ./drivers/fsl_clock.o
 .debug_abbrev  0x0000000000000a53      0x330 ./drivers/fsl_lpuart.o
 .debug_abbrev  0x0000000000000d83      0x170 ./device/system_MKL27Z644.o
 .debug_abbrev  0x0000000000000ef3      0x1e3 ./board/board.o
 .debug_abbrev  0x00000000000010d6      0x1bb ./board/clock_config.o
 .debug_abbrev  0x0000000000001291      0x1bb ./board/pin_mux.o

.debug_aranges  0x0000000000000000      0x540
 .debug_aranges
                0x0000000000000000       0x20 ./utilities/fsl_assert.o
 .debug_aranges
                0x0000000000000020      0x160 ./startup/startup_mkl27z644.o
 .debug_aranges
                0x0000000000000180       0x30 ./source/adc16_polling.o
 .debug_aranges
                0x00000000000001b0       0x18 ./source/mtb.o
 .debug_aranges
                0x00000000000001c8       0x20 ./source/semihost_hardfault.o
 .debug_aranges
                0x00000000000001e8       0x88 ./drivers/fsl_adc16.o
 .debug_aranges
                0x0000000000000270       0xd0 ./drivers/fsl_clock.o
 .debug_aranges
                0x0000000000000340      0x120 ./drivers/fsl_lpuart.o
 .debug_aranges
                0x0000000000000460       0x30 ./device/system_MKL27Z644.o
 .debug_aranges
                0x0000000000000490       0x30 ./board/board.o
 .debug_aranges
                0x00000000000004c0       0x48 ./board/clock_config.o
 .debug_aranges
                0x0000000000000508       0x38 ./board/pin_mux.o

.debug_ranges   0x0000000000000000      0x478
 .debug_ranges  0x0000000000000000       0x10 ./utilities/fsl_assert.o
 .debug_ranges  0x0000000000000010      0x150 ./startup/startup_mkl27z644.o
 .debug_ranges  0x0000000000000160       0x20 ./source/adc16_polling.o
 .debug_ranges  0x0000000000000180       0x10 ./source/semihost_hardfault.o
 .debug_ranges  0x0000000000000190       0x78 ./drivers/fsl_adc16.o
 .debug_ranges  0x0000000000000208       0xc0 ./drivers/fsl_clock.o
 .debug_ranges  0x00000000000002c8      0x110 ./drivers/fsl_lpuart.o
 .debug_ranges  0x00000000000003d8       0x20 ./device/system_MKL27Z644.o
 .debug_ranges  0x00000000000003f8       0x20 ./board/board.o
 .debug_ranges  0x0000000000000418       0x38 ./board/clock_config.o
 .debug_ranges  0x0000000000000450       0x28 ./board/pin_mux.o

.debug_macro    0x0000000000000000     0x8d43
 .debug_macro   0x0000000000000000      0x13b ./utilities/fsl_assert.o
 .debug_macro   0x000000000000013b      0xab4 ./utilities/fsl_assert.o
 .debug_macro   0x0000000000000bef       0x10 ./utilities/fsl_assert.o
 .debug_macro   0x0000000000000bff       0x1c ./utilities/fsl_assert.o
 .debug_macro   0x0000000000000c1b       0x22 ./utilities/fsl_assert.o
 .debug_macro   0x0000000000000c3d      0x12e ./utilities/fsl_assert.o
 .debug_macro   0x0000000000000d6b      0x5b3 ./utilities/fsl_assert.o
 .debug_macro   0x000000000000131e       0x22 ./utilities/fsl_assert.o
 .debug_macro   0x0000000000001340       0x10 ./utilities/fsl_assert.o
 .debug_macro   0x0000000000001350       0x3f ./utilities/fsl_assert.o
 .debug_macro   0x000000000000138f       0x1c ./utilities/fsl_assert.o
 .debug_macro   0x00000000000013ab       0x22 ./utilities/fsl_assert.o
 .debug_macro   0x00000000000013cd       0xd7 ./utilities/fsl_assert.o
 .debug_macro   0x00000000000014a4      0x3ad ./utilities/fsl_assert.o
 .debug_macro   0x0000000000001851       0x3a ./utilities/fsl_assert.o
 .debug_macro   0x000000000000188b     0x547b ./utilities/fsl_assert.o
 .debug_macro   0x0000000000006d06     0x10fb ./utilities/fsl_assert.o
 .debug_macro   0x0000000000007e01       0xd7 ./utilities/fsl_assert.o
 .debug_macro   0x0000000000007ed8       0xed ./utilities/fsl_assert.o
 .debug_macro   0x0000000000007fc5       0x2e ./utilities/fsl_assert.o
 .debug_macro   0x0000000000007ff3       0x2e ./utilities/fsl_assert.o
 .debug_macro   0x0000000000008021       0x47 ./utilities/fsl_assert.o
 .debug_macro   0x0000000000008068       0x16 ./utilities/fsl_assert.o
 .debug_macro   0x000000000000807e       0x9a ./utilities/fsl_assert.o
 .debug_macro   0x0000000000008118       0x1c ./utilities/fsl_assert.o
 .debug_macro   0x0000000000008134       0x29 ./startup/startup_mkl27z644.o
 .debug_macro   0x000000000000815d      0x17e ./source/adc16_polling.o
 .debug_macro   0x00000000000082db       0x16 ./source/adc16_polling.o
 .debug_macro   0x00000000000082f1       0x16 ./source/adc16_polling.o
 .debug_macro   0x0000000000008307      0x196 ./source/adc16_polling.o
 .debug_macro   0x000000000000849d       0x10 ./source/adc16_polling.o
 .debug_macro   0x00000000000084ad       0x4c ./source/adc16_polling.o
 .debug_macro   0x00000000000084f9       0x2f ./source/mtb.o
 .debug_macro   0x0000000000008528       0x82 ./source/mtb.o
 .debug_macro   0x00000000000085aa       0x10 ./source/mtb.o
 .debug_macro   0x00000000000085ba       0x11 ./source/semihost_hardfault.o
 .debug_macro   0x00000000000085cb      0x103 ./drivers/fsl_adc16.o
 .debug_macro   0x00000000000086ce      0x12f ./drivers/fsl_clock.o
 .debug_macro   0x00000000000087fd      0x102 ./drivers/fsl_lpuart.o
 .debug_macro   0x00000000000088ff       0x10 ./drivers/fsl_lpuart.o
 .debug_macro   0x000000000000890f       0x97 ./device/system_MKL27Z644.o
 .debug_macro   0x00000000000089a6      0x162 ./board/board.o
 .debug_macro   0x0000000000008b08      0x116 ./board/clock_config.o
 .debug_macro   0x0000000000008c1e       0x10 ./board/clock_config.o
 .debug_macro   0x0000000000008c2e       0xff ./board/pin_mux.o
 .debug_macro   0x0000000000008d2d       0x16 ./board/pin_mux.o

.debug_line     0x0000000000000000     0x3c9a
 .debug_line    0x0000000000000000      0x4ac ./utilities/fsl_assert.o
 .debug_line    0x00000000000004ac      0x1e7 ./startup/startup_mkl27z644.o
 .debug_line    0x0000000000000693      0x633 ./source/adc16_polling.o
 .debug_line    0x0000000000000cc6       0xd9 ./source/mtb.o
 .debug_line    0x0000000000000d9f       0x59 ./source/semihost_hardfault.o
 .debug_line    0x0000000000000df8      0x6b6 ./drivers/fsl_adc16.o
 .debug_line    0x00000000000014ae      0x888 ./drivers/fsl_clock.o
 .debug_line    0x0000000000001d36      0xe8b ./drivers/fsl_lpuart.o
 .debug_line    0x0000000000002bc1      0x30c ./device/system_MKL27Z644.o
 .debug_line    0x0000000000002ecd      0x56e ./board/board.o
 .debug_line    0x000000000000343b      0x447 ./board/clock_config.o
 .debug_line    0x0000000000003882      0x418 ./board/pin_mux.o

.debug_str      0x0000000000000000    0x38ebb
 .debug_str     0x0000000000000000    0x33f20 ./utilities/fsl_assert.o
                                      0x3412c (size before relaxing)
 .debug_str     0x0000000000033f20      0x402 ./startup/startup_mkl27z644.o
                                       0x3247 (size before relaxing)
 .debug_str     0x0000000000034322     0x20af ./source/adc16_polling.o
                                      0x361bf (size before relaxing)
 .debug_str     0x00000000000363d1      0x532 ./source/mtb.o
                                       0x3325 (size before relaxing)
 .debug_str     0x0000000000036903       0x1f ./source/semihost_hardfault.o
                                       0x2e12 (size before relaxing)
 .debug_str     0x0000000000036922      0x5bf ./drivers/fsl_adc16.o
                                      0x34c67 (size before relaxing)
 .debug_str     0x0000000000036ee1      0x995 ./drivers/fsl_clock.o
                                      0x34f41 (size before relaxing)
 .debug_str     0x0000000000037876     0x103e ./drivers/fsl_lpuart.o
                                      0x35361 (size before relaxing)
 .debug_str     0x00000000000388b4       0x76 ./device/system_MKL27Z644.o
                                      0x32b43 (size before relaxing)
 .debug_str     0x000000000003892a       0xda ./board/board.o
                                      0x3530d (size before relaxing)
 .debug_str     0x0000000000038a04      0x2e8 ./board/clock_config.o
                                      0x347ff (size before relaxing)
 .debug_str     0x0000000000038cec      0x1cf ./board/pin_mux.o
                                      0x33e2a (size before relaxing)

.comment        0x0000000000000000       0x79
 .comment       0x0000000000000000       0x79 ./utilities/fsl_assert.o
                                         0x7a (size before relaxing)
 .comment       0x0000000000000079       0x7a ./startup/startup_mkl27z644.o
 .comment       0x0000000000000079       0x7a ./source/adc16_polling.o
 .comment       0x0000000000000079       0x7a ./source/mtb.o
 .comment       0x0000000000000079       0x7a ./source/semihost_hardfault.o
 .comment       0x0000000000000079       0x7a ./drivers/fsl_adc16.o
 .comment       0x0000000000000079       0x7a ./drivers/fsl_clock.o
 .comment       0x0000000000000079       0x7a ./drivers/fsl_lpuart.o
 .comment       0x0000000000000079       0x7a ./device/system_MKL27Z644.o
 .comment       0x0000000000000079       0x7a ./board/board.o
 .comment       0x0000000000000079       0x7a ./board/clock_config.o
 .comment       0x0000000000000079       0x7a ./board/pin_mux.o
 .comment       0x0000000000000079       0x7a /Applications/MCUXpressoIDE_11.2.0_4120/ide/plugins/com.nxp.mcuxpresso.tools.macosx_11.2.0.202001021529/tools/bin/../lib/gcc/arm-none-eabi/9.2.1/../../../../arm-none-eabi/lib/thumb/v6-m/nofp/libcr_semihost_nf.a(_cr__main.o)
 .comment       0x0000000000000079       0x7a /Applications/MCUXpressoIDE_11.2.0_4120/ide/plugins/com.nxp.mcuxpresso.tools.macosx_11.2.0.202001021529/tools/bin/../lib/gcc/arm-none-eabi/9.2.1/../../../../arm-none-eabi/lib/thumb/v6-m/nofp/libcr_c.a(memset.o)
 .comment       0x0000000000000079       0x7a /Applications/MCUXpressoIDE_11.2.0_4120/ide/plugins/com.nxp.mcuxpresso.tools.macosx_11.2.0.202001021529/tools/bin/../lib/gcc/arm-none-eabi/9.2.1/../../../../arm-none-eabi/lib/thumb/v6-m/nofp/libcr_c.a(alloc.o)
 .comment       0x0000000000000079       0x7a /Applications/MCUXpressoIDE_11.2.0_4120/ide/plugins/com.nxp.mcuxpresso.tools.macosx_11.2.0.202001021529/tools/bin/../lib/gcc/arm-none-eabi/9.2.1/../../../../arm-none-eabi/lib/thumb/v6-m/nofp/libcr_c.a(fpprintf.o)
 .comment       0x0000000000000079       0x7a /Applications/MCUXpressoIDE_11.2.0_4120/ide/plugins/com.nxp.mcuxpresso.tools.macosx_11.2.0.202001021529/tools/bin/../lib/gcc/arm-none-eabi/9.2.1/../../../../arm-none-eabi/lib/thumb/v6-m/nofp/libcr_c.a(initio.o)
 .comment       0x0000000000000079       0x7a /Applications/MCUXpressoIDE_11.2.0_4120/ide/plugins/com.nxp.mcuxpresso.tools.macosx_11.2.0.202001021529/tools/bin/../lib/gcc/arm-none-eabi/9.2.1/../../../../arm-none-eabi/lib/thumb/v6-m/nofp/libcr_c.a(printf.o)
 .comment       0x0000000000000079       0x7a /Applications/MCUXpressoIDE_11.2.0_4120/ide/plugins/com.nxp.mcuxpresso.tools.macosx_11.2.0.202001021529/tools/bin/../lib/gcc/arm-none-eabi/9.2.1/../../../../arm-none-eabi/lib/thumb/v6-m/nofp/libcr_c.a(setvbuf.o)
 .comment       0x0000000000000079       0x7a /Applications/MCUXpressoIDE_11.2.0_4120/ide/plugins/com.nxp.mcuxpresso.tools.macosx_11.2.0.202001021529/tools/bin/../lib/gcc/arm-none-eabi/9.2.1/../../../../arm-none-eabi/lib/thumb/v6-m/nofp/libcr_c.a(strlen.o)
 .comment       0x0000000000000079       0x7a /Applications/MCUXpressoIDE_11.2.0_4120/ide/plugins/com.nxp.mcuxpresso.tools.macosx_11.2.0.202001021529/tools/bin/../lib/gcc/arm-none-eabi/9.2.1/../../../../arm-none-eabi/lib/thumb/v6-m/nofp/libcr_c.a(__init_alloc.o)
 .comment       0x0000000000000079       0x7a /Applications/MCUXpressoIDE_11.2.0_4120/ide/plugins/com.nxp.mcuxpresso.tools.macosx_11.2.0.202001021529/tools/bin/../lib/gcc/arm-none-eabi/9.2.1/../../../../arm-none-eabi/lib/thumb/v6-m/nofp/libcr_c.a(_cr_sbrk.o)
 .comment       0x0000000000000079       0x7a /Applications/MCUXpressoIDE_11.2.0_4120/ide/plugins/com.nxp.mcuxpresso.tools.macosx_11.2.0.202001021529/tools/bin/../lib/gcc/arm-none-eabi/9.2.1/../../../../arm-none-eabi/lib/thumb/v6-m/nofp/libcr_c.a(_deferredlazyseek.o)
 .comment       0x0000000000000079       0x7a /Applications/MCUXpressoIDE_11.2.0_4120/ide/plugins/com.nxp.mcuxpresso.tools.macosx_11.2.0.202001021529/tools/bin/../lib/gcc/arm-none-eabi/9.2.1/../../../../arm-none-eabi/lib/thumb/v6-m/nofp/libcr_c.a(_fdopen.o)
 .comment       0x0000000000000079       0x7a /Applications/MCUXpressoIDE_11.2.0_4120/ide/plugins/com.nxp.mcuxpresso.tools.macosx_11.2.0.202001021529/tools/bin/../lib/gcc/arm-none-eabi/9.2.1/../../../../arm-none-eabi/lib/thumb/v6-m/nofp/libcr_c.a(_fflush.o)
 .comment       0x0000000000000079       0x7a /Applications/MCUXpressoIDE_11.2.0_4120/ide/plugins/com.nxp.mcuxpresso.tools.macosx_11.2.0.202001021529/tools/bin/../lib/gcc/arm-none-eabi/9.2.1/../../../../arm-none-eabi/lib/thumb/v6-m/nofp/libcr_c.a(_frexpl.o)
 .comment       0x0000000000000079       0x7a /Applications/MCUXpressoIDE_11.2.0_4120/ide/plugins/com.nxp.mcuxpresso.tools.macosx_11.2.0.202001021529/tools/bin/../lib/gcc/arm-none-eabi/9.2.1/../../../../arm-none-eabi/lib/thumb/v6-m/nofp/libcr_c.a(_ldexpl.o)
 .comment       0x0000000000000079       0x7a /Applications/MCUXpressoIDE_11.2.0_4120/ide/plugins/com.nxp.mcuxpresso.tools.macosx_11.2.0.202001021529/tools/bin/../lib/gcc/arm-none-eabi/9.2.1/../../../../arm-none-eabi/lib/thumb/v6-m/nofp/libcr_c.a(_writebuf.o)
 .comment       0x0000000000000079       0x7a /Applications/MCUXpressoIDE_11.2.0_4120/ide/plugins/com.nxp.mcuxpresso.tools.macosx_11.2.0.202001021529/tools/bin/../lib/gcc/arm-none-eabi/9.2.1/../../../../arm-none-eabi/lib/thumb/v6-m/nofp/libcr_c.a(errno.o)
 .comment       0x0000000000000079       0x7a /Applications/MCUXpressoIDE_11.2.0_4120/ide/plugins/com.nxp.mcuxpresso.tools.macosx_11.2.0.202001021529/tools/bin/../lib/gcc/arm-none-eabi/9.2.1/../../../../arm-none-eabi/lib/thumb/v6-m/nofp/libcr_c.a(fclose.o)
 .comment       0x0000000000000079       0x7a /Applications/MCUXpressoIDE_11.2.0_4120/ide/plugins/com.nxp.mcuxpresso.tools.macosx_11.2.0.202001021529/tools/bin/../lib/gcc/arm-none-eabi/9.2.1/../../../../arm-none-eabi/lib/thumb/v6-m/nofp/libcr_c.a(fflush.o)
 .comment       0x0000000000000079       0x7a /Applications/MCUXpressoIDE_11.2.0_4120/ide/plugins/com.nxp.mcuxpresso.tools.macosx_11.2.0.202001021529/tools/bin/../lib/gcc/arm-none-eabi/9.2.1/../../../../arm-none-eabi/lib/thumb/v6-m/nofp/libcr_c.a(fseek.o)
 .comment       0x0000000000000079       0x7a /Applications/MCUXpressoIDE_11.2.0_4120/ide/plugins/com.nxp.mcuxpresso.tools.macosx_11.2.0.202001021529/tools/bin/../lib/gcc/arm-none-eabi/9.2.1/../../../../arm-none-eabi/lib/thumb/v6-m/nofp/libcr_c.a(ftell.o)
 .comment       0x0000000000000079       0x7a /Applications/MCUXpressoIDE_11.2.0_4120/ide/plugins/com.nxp.mcuxpresso.tools.macosx_11.2.0.202001021529/tools/bin/../lib/gcc/arm-none-eabi/9.2.1/../../../../arm-none-eabi/lib/thumb/v6-m/nofp/libcr_c.a(remove.o)
 .comment       0x0000000000000079       0x7a /Applications/MCUXpressoIDE_11.2.0_4120/ide/plugins/com.nxp.mcuxpresso.tools.macosx_11.2.0.202001021529/tools/bin/../lib/gcc/arm-none-eabi/9.2.1/../../../../arm-none-eabi/lib/thumb/v6-m/nofp/libcr_c.a(_cr_check_heap.o)
 .comment       0x0000000000000079       0x7a /Applications/MCUXpressoIDE_11.2.0_4120/ide/plugins/com.nxp.mcuxpresso.tools.macosx_11.2.0.202001021529/tools/bin/../lib/gcc/arm-none-eabi/9.2.1/../../../../arm-none-eabi/lib/thumb/v6-m/nofp/libcr_c.a(_do_fflush.o)
 .comment       0x0000000000000079       0x7a /Applications/MCUXpressoIDE_11.2.0_4120/ide/plugins/com.nxp.mcuxpresso.tools.macosx_11.2.0.202001021529/tools/bin/../lib/gcc/arm-none-eabi/9.2.1/thumb/v6-m/nofp/libcr_eabihelpers.a(double.o)
 .comment       0x0000000000000079       0x7a /Applications/MCUXpressoIDE_11.2.0_4120/ide/plugins/com.nxp.mcuxpresso.tools.macosx_11.2.0.202001021529/tools/bin/../lib/gcc/arm-none-eabi/9.2.1/thumb/v6-m/nofp/libcr_eabihelpers.a(float.o)
 .comment       0x0000000000000079       0x7a /Applications/MCUXpressoIDE_11.2.0_4120/ide/plugins/com.nxp.mcuxpresso.tools.macosx_11.2.0.202001021529/tools/bin/../lib/gcc/arm-none-eabi/9.2.1/../../../../arm-none-eabi/lib/thumb/v6-m/nofp/libcr_semihost_nf.a(__ciob.o)

.ARM.attributes
                0x0000000000000000       0x2a
 .ARM.attributes
                0x0000000000000000       0x2c ./utilities/fsl_assert.o
 .ARM.attributes
                0x000000000000002c       0x2c ./startup/startup_mkl27z644.o
 .ARM.attributes
                0x0000000000000058       0x2c ./source/adc16_polling.o
 .ARM.attributes
                0x0000000000000084       0x32 ./source/mtb.o
 .ARM.attributes
                0x00000000000000b6       0x2c ./source/semihost_hardfault.o
 .ARM.attributes
                0x00000000000000e2       0x2c ./drivers/fsl_adc16.o
 .ARM.attributes
                0x000000000000010e       0x2c ./drivers/fsl_clock.o
 .ARM.attributes
                0x000000000000013a       0x2c ./drivers/fsl_lpuart.o
 .ARM.attributes
                0x0000000000000166       0x2c ./device/system_MKL27Z644.o
 .ARM.attributes
                0x0000000000000192       0x2c ./board/board.o
 .ARM.attributes
                0x00000000000001be       0x2c ./board/clock_config.o
 .ARM.attributes
                0x00000000000001ea       0x2c ./board/pin_mux.o
 .ARM.attributes
                0x0000000000000216       0x2c /Applications/MCUXpressoIDE_11.2.0_4120/ide/plugins/com.nxp.mcuxpresso.tools.macosx_11.2.0.202001021529/tools/bin/../lib/gcc/arm-none-eabi/9.2.1/../../../../arm-none-eabi/lib/thumb/v6-m/nofp/libcr_semihost_nf.a(_cr__main.o)
 .ARM.attributes
                0x0000000000000242       0x2c /Applications/MCUXpressoIDE_11.2.0_4120/ide/plugins/com.nxp.mcuxpresso.tools.macosx_11.2.0.202001021529/tools/bin/../lib/gcc/arm-none-eabi/9.2.1/../../../../arm-none-eabi/lib/thumb/v6-m/nofp/libcr_c.a(memset.o)
 .ARM.attributes
                0x000000000000026e       0x2c /Applications/MCUXpressoIDE_11.2.0_4120/ide/plugins/com.nxp.mcuxpresso.tools.macosx_11.2.0.202001021529/tools/bin/../lib/gcc/arm-none-eabi/9.2.1/../../../../arm-none-eabi/lib/thumb/v6-m/nofp/libcr_c.a(alloc.o)
 .ARM.attributes
                0x000000000000029a       0x2c /Applications/MCUXpressoIDE_11.2.0_4120/ide/plugins/com.nxp.mcuxpresso.tools.macosx_11.2.0.202001021529/tools/bin/../lib/gcc/arm-none-eabi/9.2.1/../../../../arm-none-eabi/lib/thumb/v6-m/nofp/libcr_c.a(fpprintf.o)
 .ARM.attributes
                0x00000000000002c6       0x2c /Applications/MCUXpressoIDE_11.2.0_4120/ide/plugins/com.nxp.mcuxpresso.tools.macosx_11.2.0.202001021529/tools/bin/../lib/gcc/arm-none-eabi/9.2.1/../../../../arm-none-eabi/lib/thumb/v6-m/nofp/libcr_c.a(initio.o)
 .ARM.attributes
                0x00000000000002f2       0x2c /Applications/MCUXpressoIDE_11.2.0_4120/ide/plugins/com.nxp.mcuxpresso.tools.macosx_11.2.0.202001021529/tools/bin/../lib/gcc/arm-none-eabi/9.2.1/../../../../arm-none-eabi/lib/thumb/v6-m/nofp/libcr_c.a(printf.o)
 .ARM.attributes
                0x000000000000031e       0x2c /Applications/MCUXpressoIDE_11.2.0_4120/ide/plugins/com.nxp.mcuxpresso.tools.macosx_11.2.0.202001021529/tools/bin/../lib/gcc/arm-none-eabi/9.2.1/../../../../arm-none-eabi/lib/thumb/v6-m/nofp/libcr_c.a(setvbuf.o)
 .ARM.attributes
                0x000000000000034a       0x2c /Applications/MCUXpressoIDE_11.2.0_4120/ide/plugins/com.nxp.mcuxpresso.tools.macosx_11.2.0.202001021529/tools/bin/../lib/gcc/arm-none-eabi/9.2.1/../../../../arm-none-eabi/lib/thumb/v6-m/nofp/libcr_c.a(strlen.o)
 .ARM.attributes
                0x0000000000000376       0x2c /Applications/MCUXpressoIDE_11.2.0_4120/ide/plugins/com.nxp.mcuxpresso.tools.macosx_11.2.0.202001021529/tools/bin/../lib/gcc/arm-none-eabi/9.2.1/../../../../arm-none-eabi/lib/thumb/v6-m/nofp/libcr_c.a(__init_alloc.o)
 .ARM.attributes
                0x00000000000003a2       0x2c /Applications/MCUXpressoIDE_11.2.0_4120/ide/plugins/com.nxp.mcuxpresso.tools.macosx_11.2.0.202001021529/tools/bin/../lib/gcc/arm-none-eabi/9.2.1/../../../../arm-none-eabi/lib/thumb/v6-m/nofp/libcr_c.a(_cr_sbrk.o)
 .ARM.attributes
                0x00000000000003ce       0x2c /Applications/MCUXpressoIDE_11.2.0_4120/ide/plugins/com.nxp.mcuxpresso.tools.macosx_11.2.0.202001021529/tools/bin/../lib/gcc/arm-none-eabi/9.2.1/../../../../arm-none-eabi/lib/thumb/v6-m/nofp/libcr_c.a(_deferredlazyseek.o)
 .ARM.attributes
                0x00000000000003fa       0x2c /Applications/MCUXpressoIDE_11.2.0_4120/ide/plugins/com.nxp.mcuxpresso.tools.macosx_11.2.0.202001021529/tools/bin/../lib/gcc/arm-none-eabi/9.2.1/../../../../arm-none-eabi/lib/thumb/v6-m/nofp/libcr_c.a(_fdopen.o)
 .ARM.attributes
                0x0000000000000426       0x2c /Applications/MCUXpressoIDE_11.2.0_4120/ide/plugins/com.nxp.mcuxpresso.tools.macosx_11.2.0.202001021529/tools/bin/../lib/gcc/arm-none-eabi/9.2.1/../../../../arm-none-eabi/lib/thumb/v6-m/nofp/libcr_c.a(_fflush.o)
 .ARM.attributes
                0x0000000000000452       0x2c /Applications/MCUXpressoIDE_11.2.0_4120/ide/plugins/com.nxp.mcuxpresso.tools.macosx_11.2.0.202001021529/tools/bin/../lib/gcc/arm-none-eabi/9.2.1/../../../../arm-none-eabi/lib/thumb/v6-m/nofp/libcr_c.a(_frexpl.o)
 .ARM.attributes
                0x000000000000047e       0x2c /Applications/MCUXpressoIDE_11.2.0_4120/ide/plugins/com.nxp.mcuxpresso.tools.macosx_11.2.0.202001021529/tools/bin/../lib/gcc/arm-none-eabi/9.2.1/../../../../arm-none-eabi/lib/thumb/v6-m/nofp/libcr_c.a(_ldexpl.o)
 .ARM.attributes
                0x00000000000004aa       0x2c /Applications/MCUXpressoIDE_11.2.0_4120/ide/plugins/com.nxp.mcuxpresso.tools.macosx_11.2.0.202001021529/tools/bin/../lib/gcc/arm-none-eabi/9.2.1/../../../../arm-none-eabi/lib/thumb/v6-m/nofp/libcr_c.a(_writebuf.o)
 .ARM.attributes
                0x00000000000004d6       0x31 /Applications/MCUXpressoIDE_11.2.0_4120/ide/plugins/com.nxp.mcuxpresso.tools.macosx_11.2.0.202001021529/tools/bin/../lib/gcc/arm-none-eabi/9.2.1/../../../../arm-none-eabi/lib/thumb/v6-m/nofp/libcr_c.a(errno.o)
 .ARM.attributes
                0x0000000000000507       0x2c /Applications/MCUXpressoIDE_11.2.0_4120/ide/plugins/com.nxp.mcuxpresso.tools.macosx_11.2.0.202001021529/tools/bin/../lib/gcc/arm-none-eabi/9.2.1/../../../../arm-none-eabi/lib/thumb/v6-m/nofp/libcr_c.a(fclose.o)
 .ARM.attributes
                0x0000000000000533       0x2c /Applications/MCUXpressoIDE_11.2.0_4120/ide/plugins/com.nxp.mcuxpresso.tools.macosx_11.2.0.202001021529/tools/bin/../lib/gcc/arm-none-eabi/9.2.1/../../../../arm-none-eabi/lib/thumb/v6-m/nofp/libcr_c.a(fflush.o)
 .ARM.attributes
                0x000000000000055f       0x2c /Applications/MCUXpressoIDE_11.2.0_4120/ide/plugins/com.nxp.mcuxpresso.tools.macosx_11.2.0.202001021529/tools/bin/../lib/gcc/arm-none-eabi/9.2.1/../../../../arm-none-eabi/lib/thumb/v6-m/nofp/libcr_c.a(fseek.o)
 .ARM.attributes
                0x000000000000058b       0x2c /Applications/MCUXpressoIDE_11.2.0_4120/ide/plugins/com.nxp.mcuxpresso.tools.macosx_11.2.0.202001021529/tools/bin/../lib/gcc/arm-none-eabi/9.2.1/../../../../arm-none-eabi/lib/thumb/v6-m/nofp/libcr_c.a(ftell.o)
 .ARM.attributes
                0x00000000000005b7       0x2c /Applications/MCUXpressoIDE_11.2.0_4120/ide/plugins/com.nxp.mcuxpresso.tools.macosx_11.2.0.202001021529/tools/bin/../lib/gcc/arm-none-eabi/9.2.1/../../../../arm-none-eabi/lib/thumb/v6-m/nofp/libcr_c.a(remove.o)
 .ARM.attributes
                0x00000000000005e3       0x2c /Applications/MCUXpressoIDE_11.2.0_4120/ide/plugins/com.nxp.mcuxpresso.tools.macosx_11.2.0.202001021529/tools/bin/../lib/gcc/arm-none-eabi/9.2.1/../../../../arm-none-eabi/lib/thumb/v6-m/nofp/libcr_c.a(_cr_check_heap.o)
 .ARM.attributes
                0x000000000000060f       0x2c /Applications/MCUXpressoIDE_11.2.0_4120/ide/plugins/com.nxp.mcuxpresso.tools.macosx_11.2.0.202001021529/tools/bin/../lib/gcc/arm-none-eabi/9.2.1/../../../../arm-none-eabi/lib/thumb/v6-m/nofp/libcr_c.a(_do_fflush.o)
 .ARM.attributes
                0x000000000000063b       0x1c /Applications/MCUXpressoIDE_11.2.0_4120/ide/plugins/com.nxp.mcuxpresso.tools.macosx_11.2.0.202001021529/tools/bin/../lib/gcc/arm-none-eabi/9.2.1/thumb/v6-m/nofp/libcr_eabihelpers.a(division_32.o)
 .ARM.attributes
                0x0000000000000657       0x1c /Applications/MCUXpressoIDE_11.2.0_4120/ide/plugins/com.nxp.mcuxpresso.tools.macosx_11.2.0.202001021529/tools/bin/../lib/gcc/arm-none-eabi/9.2.1/thumb/v6-m/nofp/libcr_eabihelpers.a(division_idiv0.o)
 .ARM.attributes
                0x0000000000000673       0x2c /Applications/MCUXpressoIDE_11.2.0_4120/ide/plugins/com.nxp.mcuxpresso.tools.macosx_11.2.0.202001021529/tools/bin/../lib/gcc/arm-none-eabi/9.2.1/thumb/v6-m/nofp/libcr_eabihelpers.a(double.o)
 .ARM.attributes
                0x000000000000069f       0x2c /Applications/MCUXpressoIDE_11.2.0_4120/ide/plugins/com.nxp.mcuxpresso.tools.macosx_11.2.0.202001021529/tools/bin/../lib/gcc/arm-none-eabi/9.2.1/thumb/v6-m/nofp/libcr_eabihelpers.a(float.o)
 .ARM.attributes
                0x00000000000006cb       0x1c /Applications/MCUXpressoIDE_11.2.0_4120/ide/plugins/com.nxp.mcuxpresso.tools.macosx_11.2.0.202001021529/tools/bin/../lib/gcc/arm-none-eabi/9.2.1/thumb/v6-m/nofp/libcr_eabihelpers.a(llong.o)
 .ARM.attributes
                0x00000000000006e7       0x1c /Applications/MCUXpressoIDE_11.2.0_4120/ide/plugins/com.nxp.mcuxpresso.tools.macosx_11.2.0.202001021529/tools/bin/../lib/gcc/arm-none-eabi/9.2.1/thumb/v6-m/nofp/libcr_eabihelpers.a(memcpy.o)
 .ARM.attributes
                0x0000000000000703       0x1c /Applications/MCUXpressoIDE_11.2.0_4120/ide/plugins/com.nxp.mcuxpresso.tools.macosx_11.2.0.202001021529/tools/bin/../lib/gcc/arm-none-eabi/9.2.1/thumb/v6-m/nofp/libcr_eabihelpers.a(thumb1_switch_helpers.o)
 .ARM.attributes
                0x000000000000071f       0x31 /Applications/MCUXpressoIDE_11.2.0_4120/ide/plugins/com.nxp.mcuxpresso.tools.macosx_11.2.0.202001021529/tools/bin/../lib/gcc/arm-none-eabi/9.2.1/../../../../arm-none-eabi/lib/thumb/v6-m/nofp/libcr_semihost_nf.a(__ciob.o)
 .ARM.attributes
                0x0000000000000750       0x1c /Applications/MCUXpressoIDE_11.2.0_4120/ide/plugins/com.nxp.mcuxpresso.tools.macosx_11.2.0.202001021529/tools/bin/../lib/gcc/arm-none-eabi/9.2.1/../../../../arm-none-eabi/lib/thumb/v6-m/nofp/libcr_semihost_nf.a(__sys_appexit.o)
 .ARM.attributes
                0x000000000000076c       0x1c /Applications/MCUXpressoIDE_11.2.0_4120/ide/plugins/com.nxp.mcuxpresso.tools.macosx_11.2.0.202001021529/tools/bin/../lib/gcc/arm-none-eabi/9.2.1/../../../../arm-none-eabi/lib/thumb/v6-m/nofp/libcr_semihost_nf.a(__sys_close.o)
 .ARM.attributes
                0x0000000000000788       0x1c /Applications/MCUXpressoIDE_11.2.0_4120/ide/plugins/com.nxp.mcuxpresso.tools.macosx_11.2.0.202001021529/tools/bin/../lib/gcc/arm-none-eabi/9.2.1/../../../../arm-none-eabi/lib/thumb/v6-m/nofp/libcr_semihost_nf.a(__sys_flen.o)
 .ARM.attributes
                0x00000000000007a4       0x1c /Applications/MCUXpressoIDE_11.2.0_4120/ide/plugins/com.nxp.mcuxpresso.tools.macosx_11.2.0.202001021529/tools/bin/../lib/gcc/arm-none-eabi/9.2.1/../../../../arm-none-eabi/lib/thumb/v6-m/nofp/libcr_semihost_nf.a(__sys_istty.o)
 .ARM.attributes
                0x00000000000007c0       0x1c /Applications/MCUXpressoIDE_11.2.0_4120/ide/plugins/com.nxp.mcuxpresso.tools.macosx_11.2.0.202001021529/tools/bin/../lib/gcc/arm-none-eabi/9.2.1/../../../../arm-none-eabi/lib/thumb/v6-m/nofp/libcr_semihost_nf.a(__sys_remove.o)
 .ARM.attributes
                0x00000000000007dc       0x1c /Applications/MCUXpressoIDE_11.2.0_4120/ide/plugins/com.nxp.mcuxpresso.tools.macosx_11.2.0.202001021529/tools/bin/../lib/gcc/arm-none-eabi/9.2.1/../../../../arm-none-eabi/lib/thumb/v6-m/nofp/libcr_semihost_nf.a(__sys_seek.o)
 .ARM.attributes
                0x00000000000007f8       0x1c /Applications/MCUXpressoIDE_11.2.0_4120/ide/plugins/com.nxp.mcuxpresso.tools.macosx_11.2.0.202001021529/tools/bin/../lib/gcc/arm-none-eabi/9.2.1/../../../../arm-none-eabi/lib/thumb/v6-m/nofp/libcr_semihost_nf.a(__sys_tmpnam.o)
 .ARM.attributes
                0x0000000000000814       0x1c /Applications/MCUXpressoIDE_11.2.0_4120/ide/plugins/com.nxp.mcuxpresso.tools.macosx_11.2.0.202001021529/tools/bin/../lib/gcc/arm-none-eabi/9.2.1/../../../../arm-none-eabi/lib/thumb/v6-m/nofp/libcr_semihost_nf.a(__sys_write.o)

.debug_frame    0x0000000000000000      0xf70
 .debug_frame   0x0000000000000000       0x30 ./utilities/fsl_assert.o
 .debug_frame   0x0000000000000030      0x3b0 ./startup/startup_mkl27z644.o
 .debug_frame   0x00000000000003e0       0x70 ./source/adc16_polling.o
 .debug_frame   0x0000000000000450       0x20 ./source/semihost_hardfault.o
 .debug_frame   0x0000000000000470      0x1d0 ./drivers/fsl_adc16.o
 .debug_frame   0x0000000000000640      0x2e8 ./drivers/fsl_clock.o
 .debug_frame   0x0000000000000928      0x428 ./drivers/fsl_lpuart.o
 .debug_frame   0x0000000000000d50       0x68 ./device/system_MKL27Z644.o
 .debug_frame   0x0000000000000db8       0x70 ./board/board.o
 .debug_frame   0x0000000000000e28       0xc0 ./board/clock_config.o
 .debug_frame   0x0000000000000ee8       0x88 ./board/pin_mux.o

Cross Reference Table

Symbol                                            File
ADC0_DriverIRQHandler                             ./startup/startup_mkl27z644.o
ADC0_IRQHandler                                   ./startup/startup_mkl27z644.o
ADC16_ClearStatusFlags                            ./drivers/fsl_adc16.o
ADC16_Deinit                                      ./drivers/fsl_adc16.o
ADC16_DoAutoCalibration                           ./drivers/fsl_adc16.o
                                                  ./source/adc16_polling.o
ADC16_GetChannelStatusFlags                       ./drivers/fsl_adc16.o
                                                  ./source/adc16_polling.o
ADC16_GetDefaultConfig                            ./drivers/fsl_adc16.o
                                                  ./source/adc16_polling.o
ADC16_GetStatusFlags                              ./drivers/fsl_adc16.o
ADC16_Init                                        ./drivers/fsl_adc16.o
                                                  ./source/adc16_polling.o
ADC16_SetChannelConfig                            ./drivers/fsl_adc16.o
                                                  ./source/adc16_polling.o
ADC16_SetChannelMuxMode                           ./drivers/fsl_adc16.o
ADC16_SetHardwareAverage                          ./drivers/fsl_adc16.o
ADC16_SetHardwareCompareConfig                    ./drivers/fsl_adc16.o
BOARD_BootClockRUN                                ./board/clock_config.o
                                                  ./source/adc16_polling.o
BOARD_BootClockVLPR                               ./board/clock_config.o
BOARD_InitBootClocks                              ./board/clock_config.o
BOARD_InitBootPeripherals                         ./board/peripherals.o
BOARD_InitBootPins                                ./board/pin_mux.o
BOARD_InitDebugConsole                            ./board/board.o
                                                  ./source/adc16_polling.o
BOARD_InitPeripherals                             ./board/peripherals.o
BOARD_InitPins                                    ./board/pin_mux.o
                                                  ./source/adc16_polling.o
CLOCK_DeinitOsc0                                  ./drivers/fsl_clock.o
CLOCK_EnableUsbfs0Clock                           ./drivers/fsl_clock.o
CLOCK_GetBusClkFreq                               ./drivers/fsl_clock.o
CLOCK_GetCoreSysClkFreq                           ./drivers/fsl_clock.o
CLOCK_GetEr32kClkFreq                             ./drivers/fsl_clock.o
CLOCK_GetFlashClkFreq                             ./drivers/fsl_clock.o
CLOCK_GetFreq                                     ./drivers/fsl_clock.o
CLOCK_GetInternalRefClkFreq                       ./drivers/fsl_clock.o
CLOCK_GetMode                                     ./drivers/fsl_clock.o
CLOCK_GetOsc0ErClkFreq                            ./drivers/fsl_clock.o
CLOCK_GetOutClkFreq                               ./drivers/fsl_clock.o
CLOCK_GetPeriphClkFreq                            ./drivers/fsl_clock.o
                                                  ./board/board.o
CLOCK_GetPlatClkFreq                              ./drivers/fsl_clock.o
CLOCK_InitOsc0                                    ./drivers/fsl_clock.o
CLOCK_SetMcgliteConfig                            ./drivers/fsl_clock.o
                                                  ./board/clock_config.o
CLOCK_SetSimConfig                                ./drivers/fsl_clock.o
                                                  ./board/clock_config.o
CMP0_DriverIRQHandler                             ./startup/startup_mkl27z644.o
CMP0_IRQHandler                                   ./startup/startup_mkl27z644.o
DMA0_DriverIRQHandler                             ./startup/startup_mkl27z644.o
DMA0_IRQHandler                                   ./startup/startup_mkl27z644.o
DMA1_DriverIRQHandler                             ./startup/startup_mkl27z644.o
DMA1_IRQHandler                                   ./startup/startup_mkl27z644.o
DMA2_DriverIRQHandler                             ./startup/startup_mkl27z644.o
DMA2_IRQHandler                                   ./startup/startup_mkl27z644.o
DMA3_DriverIRQHandler                             ./startup/startup_mkl27z644.o
DMA3_IRQHandler                                   ./startup/startup_mkl27z644.o
DbgConsole_ReadCharacter                          ./utilities/fsl_debug_console.o
DbgConsole_ReadLine                               ./utilities/fsl_debug_console.o
DbgConsole_ReadOneCharacter                       ./utilities/fsl_debug_console.o
DbgConsole_SendData                               ./utilities/fsl_debug_console.o
DbgConsole_SendDataReliable                       ./utilities/fsl_debug_console.o
FGPIO_PinInit                                     ./drivers/fsl_gpio.o
FGPIO_PortClearInterruptFlags                     ./drivers/fsl_gpio.o
FGPIO_PortGetInterruptFlags                       ./drivers/fsl_gpio.o
FTFA_DriverIRQHandler                             ./startup/startup_mkl27z644.o
FTFA_IRQHandler                                   ./startup/startup_mkl27z644.o
Flash_Config                                      ./startup/startup_mkl27z644.o
GPIO_PinInit                                      ./drivers/fsl_gpio.o
GPIO_PortClearInterruptFlags                      ./drivers/fsl_gpio.o
GPIO_PortGetInterruptFlags                        ./drivers/fsl_gpio.o
HAL_UartDeinit                                    ./component/uart/lpuart_adapter.o
                                                  ./component/serial_manager/serial_port_uart.o
HAL_UartEnterLowpower                             ./component/uart/lpuart_adapter.o
                                                  ./component/serial_manager/serial_port_uart.o
HAL_UartExitLowpower                              ./component/uart/lpuart_adapter.o
                                                  ./component/serial_manager/serial_port_uart.o
HAL_UartInit                                      ./component/uart/lpuart_adapter.o
                                                  ./component/serial_manager/serial_port_uart.o
HAL_UartReceiveBlocking                           ./component/uart/lpuart_adapter.o
                                                  ./component/serial_manager/serial_port_uart.o
HAL_UartSendBlocking                              ./component/uart/lpuart_adapter.o
                                                  ./component/serial_manager/serial_port_uart.o
HardFault_Handler                                 ./source/semihost_hardfault.o
                                                  ./startup/startup_mkl27z644.o
I2C0_DriverIRQHandler                             ./startup/startup_mkl27z644.o
I2C0_IRQHandler                                   ./startup/startup_mkl27z644.o
I2C1_DriverIRQHandler                             ./startup/startup_mkl27z644.o
I2C1_IRQHandler                                   ./startup/startup_mkl27z644.o
IntDefaultHandler                                 ./startup/startup_mkl27z644.o
LIST_AddHead                                      ./component/lists/generic_list.o
LIST_AddPrevElement                               ./component/lists/generic_list.o
LIST_AddTail                                      ./component/lists/generic_list.o
LIST_GetAvailableSize                             ./component/lists/generic_list.o
LIST_GetHead                                      ./component/lists/generic_list.o
LIST_GetList                                      ./component/lists/generic_list.o
LIST_GetNext                                      ./component/lists/generic_list.o
LIST_GetPrev                                      ./component/lists/generic_list.o
LIST_GetSize                                      ./component/lists/generic_list.o
LIST_Init                                         ./component/lists/generic_list.o
LIST_RemoveElement                                ./component/lists/generic_list.o
LIST_RemoveHead                                   ./component/lists/generic_list.o
LLWU_DriverIRQHandler                             ./startup/startup_mkl27z644.o
LLWU_IRQHandler                                   ./startup/startup_mkl27z644.o
LPTMR0_DriverIRQHandler                           ./startup/startup_mkl27z644.o
LPTMR0_IRQHandler                                 ./startup/startup_mkl27z644.o
LPUART0_DriverIRQHandler                          ./drivers/fsl_lpuart.o
                                                  ./startup/startup_mkl27z644.o
LPUART0_IRQHandler                                ./startup/startup_mkl27z644.o
LPUART1_DriverIRQHandler                          ./drivers/fsl_lpuart.o
                                                  ./startup/startup_mkl27z644.o
LPUART1_IRQHandler                                ./startup/startup_mkl27z644.o
LPUART_ClearStatusFlags                           ./drivers/fsl_lpuart.o
LPUART_Deinit                                     ./drivers/fsl_lpuart.o
                                                  ./component/uart/lpuart_adapter.o
LPUART_DisableInterrupts                          ./drivers/fsl_lpuart.o
LPUART_EnableInterrupts                           ./drivers/fsl_lpuart.o
LPUART_GetDefaultConfig                           ./drivers/fsl_lpuart.o
                                                  ./component/uart/lpuart_adapter.o
LPUART_GetEnabledInterrupts                       ./drivers/fsl_lpuart.o
LPUART_GetInstance                                ./drivers/fsl_lpuart.o
LPUART_GetStatusFlags                             ./drivers/fsl_lpuart.o
LPUART_Init                                       ./drivers/fsl_lpuart.o
                                                  ./component/uart/lpuart_adapter.o
LPUART_ReadBlocking                               ./drivers/fsl_lpuart.o
                                                  ./component/uart/lpuart_adapter.o
LPUART_SetBaudRate                                ./drivers/fsl_lpuart.o
LPUART_TransferAbortReceive                       ./drivers/fsl_lpuart.o
LPUART_TransferAbortSend                          ./drivers/fsl_lpuart.o
LPUART_TransferCreateHandle                       ./drivers/fsl_lpuart.o
LPUART_TransferGetReceiveCount                    ./drivers/fsl_lpuart.o
LPUART_TransferGetRxRingBufferLength              ./drivers/fsl_lpuart.o
LPUART_TransferGetSendCount                       ./drivers/fsl_lpuart.o
LPUART_TransferHandleErrorIRQ                     ./drivers/fsl_lpuart.o
LPUART_TransferHandleIRQ                          ./drivers/fsl_lpuart.o
LPUART_TransferReceiveNonBlocking                 ./drivers/fsl_lpuart.o
LPUART_TransferSendNonBlocking                    ./drivers/fsl_lpuart.o
LPUART_TransferStartRingBuffer                    ./drivers/fsl_lpuart.o
LPUART_TransferStopRingBuffer                     ./drivers/fsl_lpuart.o
LPUART_WriteBlocking                              ./drivers/fsl_lpuart.o
                                                  ./component/uart/lpuart_adapter.o
NMI_Handler                                       ./startup/startup_mkl27z644.o
PIT_DriverIRQHandler                              ./startup/startup_mkl27z644.o
PIT_IRQHandler                                    ./startup/startup_mkl27z644.o
PMC_DriverIRQHandler                              ./startup/startup_mkl27z644.o
PMC_IRQHandler                                    ./startup/startup_mkl27z644.o
PORTA_DriverIRQHandler                            ./startup/startup_mkl27z644.o
PORTA_IRQHandler                                  ./startup/startup_mkl27z644.o
PORTB_PORTC_PORTD_PORTE_DriverIRQHandler          ./startup/startup_mkl27z644.o
PORTB_PORTC_PORTD_PORTE_IRQHandler                ./startup/startup_mkl27z644.o
PendSV_Handler                                    ./startup/startup_mkl27z644.o
RTC_DriverIRQHandler                              ./startup/startup_mkl27z644.o
RTC_IRQHandler                                    ./startup/startup_mkl27z644.o
RTC_Seconds_DriverIRQHandler                      ./startup/startup_mkl27z644.o
RTC_Seconds_IRQHandler                            ./startup/startup_mkl27z644.o
Reserved20_DriverIRQHandler                       ./startup/startup_mkl27z644.o
Reserved20_IRQHandler                             ./startup/startup_mkl27z644.o
Reserved39_DriverIRQHandler                       ./startup/startup_mkl27z644.o
Reserved39_IRQHandler                             ./startup/startup_mkl27z644.o
Reserved41_DriverIRQHandler                       ./startup/startup_mkl27z644.o
Reserved41_IRQHandler                             ./startup/startup_mkl27z644.o
Reserved42_DriverIRQHandler                       ./startup/startup_mkl27z644.o
Reserved42_IRQHandler                             ./startup/startup_mkl27z644.o
Reserved43_DriverIRQHandler                       ./startup/startup_mkl27z644.o
Reserved43_IRQHandler                             ./startup/startup_mkl27z644.o
Reserved45_DriverIRQHandler                       ./startup/startup_mkl27z644.o
Reserved45_IRQHandler                             ./startup/startup_mkl27z644.o
ResetISR                                          ./startup/startup_mkl27z644.o
SDK_DelayAtLeastUs                                ./drivers/fsl_common.o
SDK_Free                                          ./drivers/fsl_common.o
SDK_Malloc                                        ./drivers/fsl_common.o
SMC_PostExitStopModes                             ./drivers/fsl_smc.o
SMC_PostExitWaitModes                             ./drivers/fsl_smc.o
SMC_PreEnterStopModes                             ./drivers/fsl_smc.o
SMC_PreEnterWaitModes                             ./drivers/fsl_smc.o
SMC_SetPowerModeLls                               ./drivers/fsl_smc.o
SMC_SetPowerModeRun                               ./drivers/fsl_smc.o
SMC_SetPowerModeStop                              ./drivers/fsl_smc.o
SMC_SetPowerModeVlls                              ./drivers/fsl_smc.o
SMC_SetPowerModeVlpr                              ./drivers/fsl_smc.o
                                                  ./board/clock_config.o
SMC_SetPowerModeVlps                              ./drivers/fsl_smc.o
SMC_SetPowerModeVlpw                              ./drivers/fsl_smc.o
SMC_SetPowerModeWait                              ./drivers/fsl_smc.o
SPI0_DriverIRQHandler                             ./startup/startup_mkl27z644.o
SPI0_IRQHandler                                   ./startup/startup_mkl27z644.o
SPI1_DriverIRQHandler                             ./startup/startup_mkl27z644.o
SPI1_IRQHandler                                   ./startup/startup_mkl27z644.o
SVC_Handler                                       ./startup/startup_mkl27z644.o
SerialManager_CloseReadHandle                     ./component/serial_manager/serial_manager.o
SerialManager_CloseWriteHandle                    ./component/serial_manager/serial_manager.o
SerialManager_Deinit                              ./component/serial_manager/serial_manager.o
SerialManager_EnterLowpower                       ./component/serial_manager/serial_manager.o
SerialManager_ExitLowpower                        ./component/serial_manager/serial_manager.o
SerialManager_Init                                ./component/serial_manager/serial_manager.o
SerialManager_OpenReadHandle                      ./component/serial_manager/serial_manager.o
SerialManager_OpenWriteHandle                     ./component/serial_manager/serial_manager.o
SerialManager_ReadBlocking                        ./component/serial_manager/serial_manager.o
                                                  ./utilities/fsl_debug_console.o
SerialManager_WriteBlocking                       ./component/serial_manager/serial_manager.o
                                                  ./utilities/fsl_debug_console.o
Serial_UartDeinit                                 ./component/serial_manager/serial_port_uart.o
                                                  ./component/serial_manager/serial_manager.o
Serial_UartEnterLowpower                          ./component/serial_manager/serial_port_uart.o
                                                  ./component/serial_manager/serial_manager.o
Serial_UartExitLowpower                           ./component/serial_manager/serial_port_uart.o
                                                  ./component/serial_manager/serial_manager.o
Serial_UartInit                                   ./component/serial_manager/serial_port_uart.o
                                                  ./component/serial_manager/serial_manager.o
Serial_UartRead                                   ./component/serial_manager/serial_port_uart.o
                                                  ./component/serial_manager/serial_manager.o
Serial_UartWrite                                  ./component/serial_manager/serial_port_uart.o
                                                  ./component/serial_manager/serial_manager.o
StrFormatPrintf                                   ./utilities/fsl_str.o
StrFormatScanf                                    ./utilities/fsl_str.o
SysTick_Handler                                   ./startup/startup_mkl27z644.o
SystemCoreClock                                   ./device/system_MKL27Z644.o
                                                  ./board/clock_config.o
SystemCoreClockUpdate                             ./device/system_MKL27Z644.o
SystemInit                                        ./device/system_MKL27Z644.o
                                                  ./startup/startup_mkl27z644.o
SystemInitHook                                    ./device/system_MKL27Z644.o
TPM0_DriverIRQHandler                             ./startup/startup_mkl27z644.o
TPM0_IRQHandler                                   ./startup/startup_mkl27z644.o
TPM1_DriverIRQHandler                             ./startup/startup_mkl27z644.o
TPM1_IRQHandler                                   ./startup/startup_mkl27z644.o
TPM2_DriverIRQHandler                             ./startup/startup_mkl27z644.o
TPM2_IRQHandler                                   ./startup/startup_mkl27z644.o