fsl_clock.h:425:20:CLOCK_EnableClock	24	static
fsl_clock.h:436:20:CLOCK_DisableClock	24	static
fsl_clock.h:447:20:CLOCK_SetEr32kClock	16	static
fsl_clock.h:712:20:OSC_SetExtRefClkConfig	24	static
fsl_clock.h:739:20:OSC_SetCapLoad	24	static
fsl_clock.c:75:17:CLOCK_GetLircClkFreq	8	static
fsl_clock.c:90:16:CLOCK_GetOscRangeFromFreq	24	static
fsl_clock.c:115:10:CLOCK_GetOsc0ErClkFreq	8	static
fsl_clock.c:134:10:CLOCK_GetEr32kClkFreq	16	static
fsl_clock.c:163:10:CLOCK_GetPlatClkFreq	8	static
fsl_clock.c:173:10:CLOCK_GetFlashClkFreq	16	static
fsl_clock.c:188:10:CLOCK_GetBusClkFreq	16	static
fsl_clock.c:203:10:CLOCK_GetCoreSysClkFreq	8	static
fsl_clock.c:218:10:CLOCK_GetFreq	24	static
fsl_clock.c:264:6:CLOCK_SetSimConfig	16	static
fsl_clock.c:277:6:CLOCK_EnableUsbfs0Clock	24	static
fsl_clock.c:311:10:CLOCK_GetInternalRefClkFreq	16	static
fsl_clock.c:327:10:CLOCK_GetPeriphClkFreq	8	static
fsl_clock.c:348:10:CLOCK_GetOutClkFreq	16	static
fsl_clock.c:380:16:CLOCK_GetMode	16	static
fsl_clock.c:419:10:CLOCK_SetMcgliteConfig	16	static
fsl_clock.c:468:6:CLOCK_InitOsc0	32	static
fsl_clock.c:491:6:CLOCK_DeinitOsc0	8	static
fsl_clock.c:505:28:SDK_DelayAtLeastUs	32	static
