Archive member included to satisfy reference by file (symbol)

/Applications/MCUXpressoIDE_11.2.0_4120/ide/plugins/com.nxp.mcuxpresso.tools.macosx_11.2.0.202001021529/tools/bin/../lib/gcc/arm-none-eabi/9.2.1/../../../../arm-none-eabi/lib/thumb/v6-m/nofp/libcr_semihost_nf.a(_cr__main.o)
                              ./startup/startup_mkl27z644.o (__main)
/Applications/MCUXpressoIDE_11.2.0_4120/ide/plugins/com.nxp.mcuxpresso.tools.macosx_11.2.0.202001021529/tools/bin/../lib/gcc/arm-none-eabi/9.2.1/../../../../arm-none-eabi/lib/thumb/v6-m/nofp/libcr_semihost_nf.a(_cr_assert.o)
                              ./utilities/fsl_debug_console.o (__assertion_failed)
/Applications/MCUXpressoIDE_11.2.0_4120/ide/plugins/com.nxp.mcuxpresso.tools.macosx_11.2.0.202001021529/tools/bin/../lib/gcc/arm-none-eabi/9.2.1/../../../../arm-none-eabi/lib/thumb/v6-m/nofp/libcr_semihost_nf.a(__ciob.o)
                              /Applications/MCUXpressoIDE_11.2.0_4120/ide/plugins/com.nxp.mcuxpresso.tools.macosx_11.2.0.202001021529/tools/bin/../lib/gcc/arm-none-eabi/9.2.1/../../../../arm-none-eabi/lib/thumb/v6-m/nofp/libcr_semihost_nf.a(_cr_assert.o) (__Ciob)
/Applications/MCUXpressoIDE_11.2.0_4120/ide/plugins/com.nxp.mcuxpresso.tools.macosx_11.2.0.202001021529/tools/bin/../lib/gcc/arm-none-eabi/9.2.1/../../../../arm-none-eabi/lib/thumb/v6-m/nofp/libcr_semihost_nf.a(__sys_appexit.o)
                              /Applications/MCUXpressoIDE_11.2.0_4120/ide/plugins/com.nxp.mcuxpresso.tools.macosx_11.2.0.202001021529/tools/bin/../lib/gcc/arm-none-eabi/9.2.1/../../../../arm-none-eabi/lib/thumb/v6-m/nofp/libcr_semihost_nf.a(_cr_assert.o) (__sys_appexit)
/Applications/MCUXpressoIDE_11.2.0_4120/ide/plugins/com.nxp.mcuxpresso.tools.macosx_11.2.0.202001021529/tools/bin/../lib/gcc/arm-none-eabi/9.2.1/../../../../arm-none-eabi/lib/thumb/v6-m/nofp/libcr_c.a(memcpy.o)
                              ./source/bmp280.o (memcpy)
/Applications/MCUXpressoIDE_11.2.0_4120/ide/plugins/com.nxp.mcuxpresso.tools.macosx_11.2.0.202001021529/tools/bin/../lib/gcc/arm-none-eabi/9.2.1/../../../../arm-none-eabi/lib/thumb/v6-m/nofp/libcr_c.a(memset.o)
                              ./utilities/fsl_debug_console.o (memset)
/Applications/MCUXpressoIDE_11.2.0_4120/ide/plugins/com.nxp.mcuxpresso.tools.macosx_11.2.0.202001021529/tools/bin/../lib/gcc/arm-none-eabi/9.2.1/../../../../arm-none-eabi/lib/thumb/v6-m/nofp/libcr_c.a(_deferredlazyseek.o)
                              /Applications/MCUXpressoIDE_11.2.0_4120/ide/plugins/com.nxp.mcuxpresso.tools.macosx_11.2.0.202001021529/tools/bin/../lib/gcc/arm-none-eabi/9.2.1/../../../../arm-none-eabi/lib/thumb/v6-m/nofp/libcr_semihost_nf.a(_cr_assert.o) (__flsbuf)
/Applications/MCUXpressoIDE_11.2.0_4120/ide/plugins/com.nxp.mcuxpresso.tools.macosx_11.2.0.202001021529/tools/bin/../lib/gcc/arm-none-eabi/9.2.1/../../../../arm-none-eabi/lib/thumb/v6-m/nofp/libcr_c.a(_fflush.o)
                              /Applications/MCUXpressoIDE_11.2.0_4120/ide/plugins/com.nxp.mcuxpresso.tools.macosx_11.2.0.202001021529/tools/bin/../lib/gcc/arm-none-eabi/9.2.1/../../../../arm-none-eabi/lib/thumb/v6-m/nofp/libcr_c.a(_deferredlazyseek.o) (_fflush)
/Applications/MCUXpressoIDE_11.2.0_4120/ide/plugins/com.nxp.mcuxpresso.tools.macosx_11.2.0.202001021529/tools/bin/../lib/gcc/arm-none-eabi/9.2.1/../../../../arm-none-eabi/lib/thumb/v6-m/nofp/libcr_c.a(_writebuf.o)
                              /Applications/MCUXpressoIDE_11.2.0_4120/ide/plugins/com.nxp.mcuxpresso.tools.macosx_11.2.0.202001021529/tools/bin/../lib/gcc/arm-none-eabi/9.2.1/../../../../arm-none-eabi/lib/thumb/v6-m/nofp/libcr_c.a(_deferredlazyseek.o) (_Cwritebuf)
/Applications/MCUXpressoIDE_11.2.0_4120/ide/plugins/com.nxp.mcuxpresso.tools.macosx_11.2.0.202001021529/tools/bin/../lib/gcc/arm-none-eabi/9.2.1/../../../../arm-none-eabi/lib/thumb/v6-m/nofp/libcr_c.a(alloc.o)
                              ./drivers/fsl_common.o (malloc)
/Applications/MCUXpressoIDE_11.2.0_4120/ide/plugins/com.nxp.mcuxpresso.tools.macosx_11.2.0.202001021529/tools/bin/../lib/gcc/arm-none-eabi/9.2.1/../../../../arm-none-eabi/lib/thumb/v6-m/nofp/libcr_c.a(fputs.o)
                              /Applications/MCUXpressoIDE_11.2.0_4120/ide/plugins/com.nxp.mcuxpresso.tools.macosx_11.2.0.202001021529/tools/bin/../lib/gcc/arm-none-eabi/9.2.1/../../../../arm-none-eabi/lib/thumb/v6-m/nofp/libcr_semihost_nf.a(_cr_assert.o) (fputs)
/Applications/MCUXpressoIDE_11.2.0_4120/ide/plugins/com.nxp.mcuxpresso.tools.macosx_11.2.0.202001021529/tools/bin/../lib/gcc/arm-none-eabi/9.2.1/../../../../arm-none-eabi/lib/thumb/v6-m/nofp/libcr_c.a(fseek.o)
                              /Applications/MCUXpressoIDE_11.2.0_4120/ide/plugins/com.nxp.mcuxpresso.tools.macosx_11.2.0.202001021529/tools/bin/../lib/gcc/arm-none-eabi/9.2.1/../../../../arm-none-eabi/lib/thumb/v6-m/nofp/libcr_c.a(_deferredlazyseek.o) (fseek)
[...]
Memory Configuration

Name             Origin             Length             Attributes
PROGRAM_FLASH    0x0000000000000000 0x0000000000010000 xr
SRAM             0x000000001ffff000 0x0000000000004000 xrw
USB_RAM          0x00000000400fe000 0x0000000000000200 xrw
*default*        0x0000000000000000 0xffffffffffffffff

Linker script and memory map

LOAD ./utilities/fsl_debug_console.o
LOAD ./utilities/fsl_str.o
LOAD ./startup/startup_mkl27z644.o
LOAD ./source/basic.o
LOAD ./source/bmp280.o
LOAD ./source/mtb.o
LOAD ./source/semihost_hardfault.o
LOAD ./drivers/fsl_clock.o
LOAD ./drivers/fsl_common.o
LOAD ./drivers/fsl_gpio.o
LOAD ./drivers/fsl_i2c.o
LOAD ./drivers/fsl_lpuart.o
LOAD ./drivers/fsl_smc.o
LOAD ./drivers/fsl_uart.o
LOAD ./device/system_MKL27Z644.o
LOAD ./component/uart/lpuart_adapter.o
LOAD ./component/serial_manager/serial_manager.o
LOAD ./component/serial_manager/serial_port_uart.o
LOAD ./component/lists/generic_list.o
LOAD ./board/boards/board.o
LOAD ./board/boards/clock_config.o
LOAD ./board/boards/peripherals.o
LOAD ./board/boards/pin_mux.o
START GROUP
LOAD /Applications/MCUXpressoIDE_11.2.0_4120/ide/plugins/com.nxp.mcuxpresso.tools.macosx_11.2.0.202001021529/tools/bin/../lib/gcc/arm-none-eabi/9.2.1/../../../../arm-none-eabi/lib/thumb/v6-m/nofp/libcr_semihost_nf.a
LOAD /Applications/MCUXpressoIDE_11.2.0_4120/ide/plugins/com.nxp.mcuxpresso.tools.macosx_11.2.0.202001021529/tools/bin/../lib/gcc/arm-none-eabi/9.2.1/../../../../arm-none-eabi/lib/thumb/v6-m/nofp/libcr_c.a
LOAD /Applications/MCUXpressoIDE_11.2.0_4120/ide/plugins/com.nxp.mcuxpresso.tools.macosx_11.2.0.202001021529/tools/bin/../lib/gcc/arm-none-eabi/9.2.1/thumb/v6-m/nofp/libcr_eabihelpers.a
LOAD /Applications/MCUXpressoIDE_11.2.0_4120/ide/plugins/com.nxp.mcuxpresso.tools.macosx_11.2.0.202001021529/tools/bin/../lib/gcc/arm-none-eabi/9.2.1/thumb/v6-m/nofp/libgcc.a
END GROUP
                0x0000000000000000                __base_PROGRAM_FLASH = 0x0
                0x0000000000000000                __base_Flash = 0x0
                0x0000000000010000                __top_PROGRAM_FLASH = 0x10000
                0x0000000000010000                __top_Flash = 0x10000
                0x000000001ffff000                __base_SRAM = 0x1ffff000
                0x000000001ffff000                __base_RAM = 0x1ffff000
                0x0000000020003000                __top_SRAM = 0x20003000
                0x0000000020003000                __top_RAM = 0x20003000
                0x00000000400fe000                __base_USB_RAM = 0x400fe000
                0x00000000400fe000                __base_RAM2 = 0x400fe000
                0x00000000400fe200                __top_USB_RAM = 0x400fe200
                0x00000000400fe200                __top_RAM2 = 0x400fe200

.text           0x0000000000000000     0x4a68
 FILL mask 0xff
                0x0000000000000000                __vectors_start__ = ABSOLUTE (.)
 *(SORT_BY_ALIGNMENT(.isr_vector))
 .isr_vector    0x0000000000000000       0xc0 ./startup/startup_mkl27z644.o
                0x0000000000000000                __Vectors
                0x0000000000000000                g_pfnVectors
                0x00000000000000c0                . = ALIGN (0x4)
                0x00000000000000c0                __section_table_start = .
                0x00000000000000c0                __data_section_table = .
                0x00000000000000c0        0x4 LONG 0x4a68 LOADADDR (.data)
                0x00000000000000c4        0x4 LONG 0x1ffff080 ADDR (.data)
                0x00000000000000c8        0x4 LONG 0x4 SIZEOF (.data)
                0x00000000000000cc        0x4 LONG 0x4a68 LOADADDR (.data_RAM2)
                0x00000000000000d0        0x4 LONG 0x400fe000 ADDR (.data_RAM2)
                0x00000000000000d4        0x4 LONG 0x0 SIZEOF (.data_RAM2)
                0x00000000000000d8                __data_section_table_end = .
                0x00000000000000d8                __bss_section_table = .
                0x00000000000000d8        0x4 LONG 0x1ffff084 ADDR (.bss)
                0x00000000000000dc        0x4 LONG 0x13c SIZEOF (.bss)
                0x00000000000000e0        0x4 LONG 0x400fe000 ADDR (.bss_RAM2)
                0x00000000000000e4        0x4 LONG 0x0 SIZEOF (.bss_RAM2)
                0x00000000000000e8                __bss_section_table_end = .
                0x00000000000000e8                __section_table_end = .
 *(SORT_BY_ALIGNMENT(.after_vectors*))
 .after_vectors.reset
                0x00000000000000e8       0x4c ./startup/startup_mkl27z644.o
                0x00000000000000e8                ResetISR
 .after_vectors.init_data
                0x0000000000000134       0x12 ./startup/startup_mkl27z644.o
                0x0000000000000134                data_init
 .after_vectors.init_bss
                0x0000000000000146       0x10 ./startup/startup_mkl27z644.o
                0x0000000000000146                bss_init
 .after_vectors
                0x0000000000000156      0x10c ./startup/startup_mkl27z644.o
                0x0000000000000156                NMI_Handler
                0x000000000000015a                SVC_Handler
                0x000000000000015c                PendSV_Handler
                0x0000000000000160                DMA0_DriverIRQHandler
                0x0000000000000160                Reserved42_DriverIRQHandler
                0x0000000000000160                SPI1_DriverIRQHandler
                0x0000000000000160                LPTMR0_DriverIRQHandler
                0x0000000000000160                TPM1_DriverIRQHandler
                0x0000000000000160                PIT_DriverIRQHandler
                0x0000000000000160                Reserved39_DriverIRQHandler
                0x0000000000000160                TPM0_DriverIRQHandler
                0x0000000000000160                CMP0_DriverIRQHandler
                0x0000000000000160                ADC0_DriverIRQHandler
                0x0000000000000160                Reserved20_DriverIRQHandler
                0x0000000000000160                DMA3_DriverIRQHandler
                0x0000000000000160                Reserved45_DriverIRQHandler
                0x0000000000000160                SPI0_DriverIRQHandler
                0x0000000000000160                UART2_FLEXIO_DriverIRQHandler
                0x0000000000000160                PORTA_DriverIRQHandler
                0x0000000000000160                DMA1_DriverIRQHandler
                0x0000000000000160                RTC_DriverIRQHandler
                0x0000000000000160                PMC_DriverIRQHandler
                0x0000000000000160                TPM2_DriverIRQHandler
                0x0000000000000160                RTC_Seconds_DriverIRQHandler
                0x0000000000000160                LLWU_DriverIRQHandler
                0x0000000000000160                Reserved43_DriverIRQHandler
                0x0000000000000160                DMA2_DriverIRQHandler
                0x0000000000000160                PORTB_PORTC_PORTD_PORTE_DriverIRQHandler
                0x0000000000000160                FTFA_DriverIRQHandler
                0x0000000000000160                IntDefaultHandler
                0x0000000000000160                USB0_DriverIRQHandler
                0x0000000000000160                Reserved41_DriverIRQHandler
                0x0000000000000162                DMA0_IRQHandler
                0x000000000000016a                DMA1_IRQHandler
                0x0000000000000172                DMA2_IRQHandler
                0x000000000000017a                DMA3_IRQHandler
                0x0000000000000182                Reserved20_IRQHandler
                0x000000000000018a                FTFA_IRQHandler
                0x0000000000000192                PMC_IRQHandler
                0x000000000000019a                LLWU_IRQHandler
                0x00000000000001a2                I2C0_IRQHandler
                0x00000000000001aa                I2C1_IRQHandler
                0x00000000000001b2                SPI0_IRQHandler
                0x00000000000001ba                SPI1_IRQHandler
                0x00000000000001c2                LPUART0_IRQHandler
                0x00000000000001ca                LPUART1_IRQHandler
                0x00000000000001d2                UART2_FLEXIO_IRQHandler
                0x00000000000001da                ADC0_IRQHandler
                0x00000000000001e2                CMP0_IRQHandler
                0x00000000000001ea                TPM0_IRQHandler
                0x00000000000001f2                TPM1_IRQHandler
                0x00000000000001fa                TPM2_IRQHandler
                0x0000000000000202                RTC_IRQHandler
                0x000000000000020a                RTC_Seconds_IRQHandler
                0x0000000000000212                PIT_IRQHandler
                0x000000000000021a                Reserved39_IRQHandler
                0x0000000000000222                USB0_IRQHandler
                0x000000000000022a                Reserved41_IRQHandler
                0x0000000000000232                Reserved42_IRQHandler
                0x000000000000023a                Reserved43_IRQHandler
                0x0000000000000242                LPTMR0_IRQHandler
                0x000000000000024a                Reserved45_IRQHandler
                0x0000000000000252                PORTA_IRQHandler
                0x000000000000025a                PORTB_PORTC_PORTD_PORTE_IRQHandler
                0x0000000000000400                . = 0x400
 *fill*         0x0000000000000262      0x19e ff
                0x0000000000000400                PROVIDE (__FLASH_CONFIG_START__ = .)
 *(SORT_BY_ALIGNMENT(.FlashConfig))
 .FlashConfig   0x0000000000000400       0x10 ./startup/startup_mkl27z644.o
                0x0000000000000400                Flash_Config
                0x0000000000000410                PROVIDE (__FLASH_CONFIG_END__ = .)
                0x0000000000000001                ASSERT (! ((__FLASH_CONFIG_START__ == __FLASH_CONFIG_END__)), Linker Flash Config Support Enabled, but no .FlashConfig section provided within application)
 *(SORT_BY_ALIGNMENT(.text*))
 .text.DbgConsole_Init
                0x0000000000000410      0x13c ./utilities/fsl_debug_console.o
                0x0000000000000410                DbgConsole_Init
 .text.__NVIC_SetPriority
                0x000000000000054c       0xdc ./source/basic.o
 .text.SysTick_Config
                0x0000000000000628       0x48 ./source/basic.o
 .text.main     0x0000000000000670       0xc4 ./source/basic.o
                0x0000000000000670                main
 .text.SysTick_Handler
                0x0000000000000734       0x20 ./source/basic.o
                0x0000000000000734                SysTick_Handler
 .text.delay_ms
                0x0000000000000754       0x28 ./source/basic.o
                0x0000000000000754                delay_ms
 .text.i2c_reg_write
                0x000000000000077c       0xf4 ./source/basic.o
                0x000000000000077c                i2c_reg_write
 .text.i2c_reg_read
                0x0000000000000870       0xf4 ./source/basic.o
                0x0000000000000870                i2c_reg_read
 .text.print_rslt
                0x0000000000000964       0xc4 ./source/basic.o
                0x0000000000000964                print_rslt
 .text.HardFault_Handler
                0x0000000000000a28       0x30 ./source/semihost_hardfault.o
                0x0000000000000a28                HardFault_Handler
 .text.CLOCK_EnableClock
                0x0000000000000a58       0x34 ./drivers/fsl_clock.o
 .text.CLOCK_DisableClock
                0x0000000000000a8c       0x38 ./drivers/fsl_clock.o
 .text.CLOCK_SetEr32kClock
                0x0000000000000ac4       0x34 ./drivers/fsl_clock.o
 .text.CLOCK_GetLircClkFreq
                0x0000000000000af8       0x48 ./drivers/fsl_clock.o
 .text.CLOCK_GetOscRangeFromFreq
                0x0000000000000b40       0x4c ./drivers/fsl_clock.o
 .text.CLOCK_GetOsc0ErClkFreq
                0x0000000000000b8c       0x3c ./drivers/fsl_clock.o
                0x0000000000000b8c                CLOCK_GetOsc0ErClkFreq
 .text.CLOCK_GetEr32kClkFreq
                0x0000000000000bc8       0x78 ./drivers/fsl_clock.o
                0x0000000000000bc8                CLOCK_GetEr32kClkFreq
 .text.CLOCK_GetFreq
                0x0000000000000c40       0xc0 ./drivers/fsl_clock.o
                0x0000000000000c40                CLOCK_GetFreq
 .text.CLOCK_SetSimConfig
                0x0000000000000d00       0x2c ./drivers/fsl_clock.o
                0x0000000000000d00                CLOCK_SetSimConfig
 .text.CLOCK_EnableUsbfs0Clock
                0x0000000000000d2c       0x9c ./drivers/fsl_clock.o
                0x0000000000000d2c                CLOCK_EnableUsbfs0Clock
 .text.CLOCK_GetInternalRefClkFreq
                0x0000000000000dc8       0x48 ./drivers/fsl_clock.o
                0x0000000000000dc8                CLOCK_GetInternalRefClkFreq
 .text.CLOCK_GetPeriphClkFreq
                0x0000000000000e10       0x34 ./drivers/fsl_clock.o
                0x0000000000000e10                CLOCK_GetPeriphClkFreq
 .text.CLOCK_GetOutClkFreq
                0x0000000000000e44       0x7c ./drivers/fsl_clock.o
                0x0000000000000e44                CLOCK_GetOutClkFreq
 .text.CLOCK_SetMcgliteConfig
                0x0000000000000ec0      0x110 ./drivers/fsl_clock.o
                0x0000000000000ec0                CLOCK_SetMcgliteConfig
 .text.CLOCK_InitOsc0
                0x0000000000000fd0       0x94 ./drivers/fsl_clock.o
                0x0000000000000fd0                CLOCK_InitOsc0
 .text.CLOCK_EnableClock
                0x0000000000001064       0x34 ./drivers/fsl_i2c.o
 .text.I2C_GetInstance
                0x0000000000001098       0x4c ./drivers/fsl_i2c.o
                0x0000000000001098                I2C_GetInstance
 .text.I2C_CheckAndClearError
                0x00000000000010e4       0x40 ./drivers/fsl_i2c.o
 .text.I2C_TransferCommonIRQHandler
                0x0000000000001124       0x64 ./drivers/fsl_i2c.o
 .text.I2C_MasterInit
                0x0000000000001188      0x108 ./drivers/fsl_i2c.o
                0x0000000000001188                I2C_MasterInit
 .text.I2C_MasterSetBaudRate
                0x0000000000001290       0xf4 ./drivers/fsl_i2c.o
                0x0000000000001290                I2C_MasterSetBaudRate
 .text.I2C_MasterStart
                0x0000000000001384       0x84 ./drivers/fsl_i2c.o
                0x0000000000001384                I2C_MasterStart
 .text.I2C_MasterRepeatedStart
                0x0000000000001408       0xcc ./drivers/fsl_i2c.o
                0x0000000000001408                I2C_MasterRepeatedStart
 .text.I2C_MasterWriteBlocking
                0x00000000000014d4       0xec ./drivers/fsl_i2c.o
                0x00000000000014d4                I2C_MasterWriteBlocking
 .text.I2C_MasterTransferBlocking
                0x00000000000015c0      0x27c ./drivers/fsl_i2c.o
                0x00000000000015c0                I2C_MasterTransferBlocking
 .text.I2C0_DriverIRQHandler
                0x000000000000183c       0x20 ./drivers/fsl_i2c.o
                0x000000000000183c                I2C0_DriverIRQHandler
 .text.I2C1_DriverIRQHandler
                0x000000000000185c       0x20 ./drivers/fsl_i2c.o
                0x000000000000185c                I2C1_DriverIRQHandler
 .text.CLOCK_EnableClock
                0x000000000000187c       0x34 ./drivers/fsl_lpuart.o
 .text.LPUART_GetInstance
                0x00000000000018b0       0x4c ./drivers/fsl_lpuart.o
                0x00000000000018b0                LPUART_GetInstance
 .text.LPUART_Init
                0x00000000000018fc      0x2a4 ./drivers/fsl_lpuart.o
                0x00000000000018fc                LPUART_Init
 .text.LPUART_GetDefaultConfig
                0x0000000000001ba0       0x68 ./drivers/fsl_lpuart.o
                0x0000000000001ba0                LPUART_GetDefaultConfig
 .text.LPUART0_DriverIRQHandler
                0x0000000000001c08       0x24 ./drivers/fsl_lpuart.o
                0x0000000000001c08                LPUART0_DriverIRQHandler
 .text.LPUART1_DriverIRQHandler
                0x0000000000001c2c       0x24 ./drivers/fsl_lpuart.o
                0x0000000000001c2c                LPUART1_DriverIRQHandler
 .text.SystemInit
                0x0000000000001c50       0x40 ./device/system_MKL27Z644.o
                0x0000000000001c50                SystemInit
 .text.HAL_UartGetStatus
                0x0000000000001c90       0x20 ./component/uart/lpuart_adapter.o
 .text.HAL_UartInit
                0x0000000000001cb0      0x11c ./component/uart/lpuart_adapter.o
                0x0000000000001cb0                HAL_UartInit
 .text.SerialManager_Init
                0x0000000000001dcc       0x88 ./component/serial_manager/serial_manager.o
                0x0000000000001dcc                SerialManager_Init
 .text.SerialManager_OpenWriteHandle
                0x0000000000001e54       0x5c ./component/serial_manager/serial_manager.o
                0x0000000000001e54                SerialManager_OpenWriteHandle
 .text.SerialManager_OpenReadHandle
                0x0000000000001eb0       0x68 ./component/serial_manager/serial_manager.o
                0x0000000000001eb0                SerialManager_OpenReadHandle
 .text.Serial_UartInit
                0x0000000000001f18       0x94 ./component/serial_manager/serial_port_uart.o
                0x0000000000001f18                Serial_UartInit
 .text.CLOCK_SetLpuart0Clock
                0x0000000000001fac       0x38 ./board/boards/board.o
 .text.CLOCK_SetLpuart0Clock
                0x0000000000001fe4       0x38 ./board/boards/clock_config.o
 .text.CLOCK_SetLpuart1Clock
                0x000000000000201c       0x38 ./board/boards/clock_config.o
 .text.CLOCK_SetTpmClock
                0x0000000000002054       0x38 ./board/boards/clock_config.o
 .text.CLOCK_SetFlexio0Clock
                0x000000000000208c       0x38 ./board/boards/clock_config.o
 .text.CLOCK_SetClkOutClock
                0x00000000000020c4       0x34 ./board/boards/clock_config.o
 .text.CLOCK_SetRtcClkOutClock
                0x00000000000020f8       0x34 ./board/boards/clock_config.o
 .text.CLOCK_SetSimSafeDivs
                0x000000000000212c       0x20 ./board/boards/clock_config.o
 .text.CLOCK_SetXtal0Freq
                0x000000000000214c       0x1c ./board/boards/clock_config.o
 .text.BOARD_BootClockRUN
                0x0000000000002168       0x7c ./board/boards/clock_config.o
                0x0000000000002168                BOARD_BootClockRUN
 .text.I2C0_init
                0x00000000000021e4       0x24 ./board/boards/peripherals.o
 .text.CLOCK_EnableClock
                0x0000000000002208       0x34 ./board/boards/pin_mux.o
 .text.PORT_SetPinConfig
                0x000000000000223c       0x38 ./board/boards/pin_mux.o
 .text.PORT_SetPinMux
                0x0000000000002274       0x40 ./board/boards/pin_mux.o
 .text.BOARD_InitPins
                0x00000000000022b4       0x34 ./board/boards/pin_mux.o
                0x00000000000022b4                BOARD_InitPins
 .text.BOARD_InitDEBUG_UARTPins
                0x00000000000022e8       0x7c ./board/boards/pin_mux.o
                0x00000000000022e8                BOARD_InitDEBUG_UARTPins
 .text.__assertion_failed
                0x0000000000002364       0x4c /Applications/MCUXpressoIDE_11.2.0_4120/ide/plugins/com.nxp.mcuxpresso.tools.macosx_11.2.0.202001021529/tools/bin/../lib/gcc/arm-none-eabi/9.2.1/../../../../arm-none-eabi/lib/thumb/v6-m/nofp/libcr_semihost_nf.a(_cr_assert.o)
                0x0000000000002364                __assertion_failed
 .text.__sys_appexit
                0x00000000000023b0        0xc /Applications/MCUXpressoIDE_11.2.0_4120/ide/plugins/com.nxp.mcuxpresso.tools.macosx_11.2.0.202001021529/tools/bin/../lib/gcc/arm-none-eabi/9.2.1/../../../../arm-none-eabi/lib/thumb/v6-m/nofp/libcr_semihost_nf.a(__sys_appexit.o)
                0x00000000000023b0                __exit
                0x00000000000023b0                __sys_appexit
 .text._deferredlazyseek
                0x00000000000023bc       0x40 /Applications/MCUXpressoIDE_11.2.0_4120/ide/plugins/com.nxp.mcuxpresso.tools.macosx_11.2.0.202001021529/tools/bin/../lib/gcc/arm-none-eabi/9.2.1/../../../../arm-none-eabi/lib/thumb/v6-m/nofp/libcr_c.a(_deferredlazyseek.o)
                0x00000000000023bc                _deferredlazyseek
 .text.__flsbuf
                0x00000000000023fc      0x150 /Applications/MCUXpressoIDE_11.2.0_4120/ide/plugins/com.nxp.mcuxpresso.tools.macosx_11.2.0.202001021529/tools/bin/../lib/gcc/arm-none-eabi/9.2.1/../../../../arm-none-eabi/lib/thumb/v6-m/nofp/libcr_c.a(_deferredlazyseek.o)
                0x00000000000023fc                __flsbuf
 .text._fflush  0x000000000000254c       0x60 /Applications/MCUXpressoIDE_11.2.0_4120/ide/plugins/com.nxp.mcuxpresso.tools.macosx_11.2.0.202001021529/tools/bin/../lib/gcc/arm-none-eabi/9.2.1/../../../../arm-none-eabi/lib/thumb/v6-m/nofp/libcr_c.a(_fflush.o)
                0x000000000000254c                _fflush
 .text._Cwritebuf
                0x00000000000025ac       0x68 /Applications/MCUXpressoIDE_11.2.0_4120/ide/plugins/com.nxp.mcuxpresso.tools.macosx_11.2.0.202001021529/tools/bin/../lib/gcc/arm-none-eabi/9.2.1/../../../../arm-none-eabi/lib/thumb/v6-m/nofp/libcr_c.a(_writebuf.o)
                0x00000000000025ac                _Cwritebuf
 .text.malloc   0x0000000000002614       0xd0 /Applications/MCUXpressoIDE_11.2.0_4120/ide/plugins/com.nxp.mcuxpresso.tools.macosx_11.2.0.202001021529/tools/bin/../lib/gcc/arm-none-eabi/9.2.1/../../../../arm-none-eabi/lib/thumb/v6-m/nofp/libcr_c.a(alloc.o)
                0x0000000000002614                malloc
 .text._Csys_alloc
                0x00000000000026e4       0x20 /Applications/MCUXpressoIDE_11.2.0_4120/ide/plugins/com.nxp.mcuxpresso.tools.macosx_11.2.0.202001021529/tools/bin/../lib/gcc/arm-none-eabi/9.2.1/../../../../arm-none-eabi/lib/thumb/v6-m/nofp/libcr_c.a(alloc.o)
                0x00000000000026e4                _Csys_alloc
 .text.fseek    0x0000000000002704       0xf4 /Applications/MCUXpressoIDE_11.2.0_4120/ide/plugins/com.nxp.mcuxpresso.tools.macosx_11.2.0.202001021529/tools/bin/../lib/gcc/arm-none-eabi/9.2.1/../../../../arm-none-eabi/lib/thumb/v6-m/nofp/libcr_c.a(fseek.o)
                0x0000000000002704                fseek
 .text.ftell    0x00000000000027f8       0x48 /Applications/MCUXpressoIDE_11.2.0_4120/ide/plugins/com.nxp.mcuxpresso.tools.macosx_11.2.0.202001021529/tools/bin/../lib/gcc/arm-none-eabi/9.2.1/../../../../arm-none-eabi/lib/thumb/v6-m/nofp/libcr_c.a(ftell.o)
                0x00000000000027f8                ftell
 .text._initio  0x0000000000002840       0x7c /Applications/MCUXpressoIDE_11.2.0_4120/ide/plugins/com.nxp.mcuxpresso.tools.macosx_11.2.0.202001021529/tools/bin/../lib/gcc/arm-none-eabi/9.2.1/../../../../arm-none-eabi/lib/thumb/v6-m/nofp/libcr_c.a(initio.o)
                0x0000000000002840                _initio
 .text.__vfprintf
                0x00000000000028bc      0xd40 /Applications/MCUXpressoIDE_11.2.0_4120/ide/plugins/com.nxp.mcuxpresso.tools.macosx_11.2.0.202001021529/tools/bin/../lib/gcc/arm-none-eabi/9.2.1/../../../../arm-none-eabi/lib/thumb/v6-m/nofp/libcr_c.a(printf.o)
                0x00000000000028bc                __vfprintf
 .text._vsnprintf
                0x00000000000035fc       0x70 /Applications/MCUXpressoIDE_11.2.0_4120/ide/plugins/com.nxp.mcuxpresso.tools.macosx_11.2.0.202001021529/tools/bin/../lib/gcc/arm-none-eabi/9.2.1/../../../../arm-none-eabi/lib/thumb/v6-m/nofp/libcr_c.a(printf.o)
                0x00000000000035fc                _vsnprintf
 .text._printf  0x000000000000366c       0x50 /Applications/MCUXpressoIDE_11.2.0_4120/ide/plugins/com.nxp.mcuxpresso.tools.macosx_11.2.0.202001021529/tools/bin/../lib/gcc/arm-none-eabi/9.2.1/../../../../arm-none-eabi/lib/thumb/v6-m/nofp/libcr_c.a(printf.o)
                0x000000000000366c                _printf
 .text.setvbuf  0x00000000000036bc       0x4c /Applications/MCUXpressoIDE_11.2.0_4120/ide/plugins/com.nxp.mcuxpresso.tools.macosx_11.2.0.202001021529/tools/bin/../lib/gcc/arm-none-eabi/9.2.1/../../../../arm-none-eabi/lib/thumb/v6-m/nofp/libcr_c.a(setvbuf.o)
                0x00000000000036bc                setvbuf
 .text.strlen   0x0000000000003708       0x58 /Applications/MCUXpressoIDE_11.2.0_4120/ide/plugins/com.nxp.mcuxpresso.tools.macosx_11.2.0.202001021529/tools/bin/../lib/gcc/arm-none-eabi/9.2.1/../../../../arm-none-eabi/lib/thumb/v6-m/nofp/libcr_c.a(strlen.o)
                0x0000000000003708                strlen
 .text._sbrk    0x0000000000003760       0x44 /Applications/MCUXpressoIDE_11.2.0_4120/ide/plugins/com.nxp.mcuxpresso.tools.macosx_11.2.0.202001021529/tools/bin/../lib/gcc/arm-none-eabi/9.2.1/../../../../arm-none-eabi/lib/thumb/v6-m/nofp/libcr_c.a(_cr_sbrk.o)
                0x0000000000003760                _sbrk
 .text._fdopen  0x00000000000037a4       0x74 /Applications/MCUXpressoIDE_11.2.0_4120/ide/plugins/com.nxp.mcuxpresso.tools.macosx_11.2.0.202001021529/tools/bin/../lib/gcc/arm-none-eabi/9.2.1/../../../../arm-none-eabi/lib/thumb/v6-m/nofp/libcr_c.a(_fdopen.o)
                0x00000000000037a4                _fdopen
 .text.fclose   0x0000000000003818       0x5c /Applications/MCUXpressoIDE_11.2.0_4120/ide/plugins/com.nxp.mcuxpresso.tools.macosx_11.2.0.202001021529/tools/bin/../lib/gcc/arm-none-eabi/9.2.1/../../../../arm-none-eabi/lib/thumb/v6-m/nofp/libcr_c.a(fclose.o)
                0x0000000000003818                fclose
 .text.fflush   0x0000000000003874       0x44 /Applications/MCUXpressoIDE_11.2.0_4120/ide/plugins/com.nxp.mcuxpresso.tools.macosx_11.2.0.202001021529/tools/bin/../lib/gcc/arm-none-eabi/9.2.1/../../../../arm-none-eabi/lib/thumb/v6-m/nofp/libcr_c.a(fflush.o)
                0x0000000000003874                fflush
 .text.__check_heap_overflow
                0x00000000000038b8       0x14 /Applications/MCUXpressoIDE_11.2.0_4120/ide/plugins/com.nxp.mcuxpresso.tools.macosx_11.2.0.202001021529/tools/bin/../lib/gcc/arm-none-eabi/9.2.1/../../../../arm-none-eabi/lib/thumb/v6-m/nofp/libcr_c.a(_cr_check_heap.o)
                0x00000000000038b8                __check_heap_overflow
 .text._do_fflush
                0x00000000000038cc       0x48 /Applications/MCUXpressoIDE_11.2.0_4120/ide/plugins/com.nxp.mcuxpresso.tools.macosx_11.2.0.202001021529/tools/bin/../lib/gcc/arm-none-eabi/9.2.1/../../../../arm-none-eabi/lib/thumb/v6-m/nofp/libcr_c.a(_do_fflush.o)
                0x00000000000038cc                _do_fflush
 .text.bmp280_get_regs
                0x0000000000003914       0xa2 ./source/bmp280.o
                0x0000000000003914                bmp280_get_regs
 .text.bmp280_set_regs
                0x00000000000039b6      0x12a ./source/bmp280.o
                0x00000000000039b6                bmp280_set_regs
 .text.bmp280_soft_reset
                0x0000000000003ae0       0x5e ./source/bmp280.o
                0x0000000000003ae0                bmp280_soft_reset
 .text.bmp280_init
                0x0000000000003b3e      0x104 ./source/bmp280.o
                0x0000000000003b3e                bmp280_init
 .text.null_ptr_check
                0x0000000000003c42       0x48 ./source/bmp280.o
 .text.interleave_data
                0x0000000000003c8a       0x70 ./source/bmp280.o
 .text.get_calib_param
                0x0000000000003cfa      0x174 ./source/bmp280.o
 .text.OSC_SetExtRefClkConfig
                0x0000000000003e6e       0x3e ./drivers/fsl_clock.o
 .text.OSC_SetCapLoad
                0x0000000000003eac       0x42 ./drivers/fsl_clock.o
 .text.I2C_MasterClearStatusFlags
                0x0000000000003eee       0x56 ./drivers/fsl_i2c.o
 .text.I2C_MasterStop
                0x0000000000003f44       0x36 ./drivers/fsl_i2c.o
                0x0000000000003f44                I2C_MasterStop
 .text.I2C_MasterGetStatusFlags
                0x0000000000003f7a       0x4a ./drivers/fsl_i2c.o
                0x0000000000003f7a                I2C_MasterGetStatusFlags
 .text.I2C_MasterReadBlocking
                0x0000000000003fc4       0xea ./drivers/fsl_i2c.o
                0x0000000000003fc4                I2C_MasterReadBlocking
 .text.SystemInitHook
                0x00000000000040ae        0xa ./device/system_MKL27Z644.o
                0x00000000000040ae                SystemInitHook
 .text.BOARD_InitDebugConsole
                0x00000000000040b8       0x2a ./board/boards/board.o
                0x00000000000040b8                BOARD_InitDebugConsole
 .text.BOARD_InitBootClocks
                0x00000000000040e2        0xe ./board/boards/clock_config.o
                0x00000000000040e2                BOARD_InitBootClocks
 .text.BOARD_InitPeripherals
                0x00000000000040f0        0xe ./board/boards/peripherals.o
                0x00000000000040f0                BOARD_InitPeripherals
 .text.BOARD_InitBootPeripherals
                0x00000000000040fe        0xe ./board/boards/peripherals.o
                0x00000000000040fe                BOARD_InitBootPeripherals
 .text.BOARD_InitBootPins
                0x000000000000410c       0x12 ./board/boards/pin_mux.o
                0x000000000000410c                BOARD_InitBootPins
 .text.__main   0x000000000000411e        0xc /Applications/MCUXpressoIDE_11.2.0_4120/ide/plugins/com.nxp.mcuxpresso.tools.macosx_11.2.0.202001021529/tools/bin/../lib/gcc/arm-none-eabi/9.2.1/../../../../arm-none-eabi/lib/thumb/v6-m/nofp/libcr_semihost_nf.a(_cr__main.o)
                0x000000000000411e                __main
                0x000000000000411e                __CR_SEMIHOST
 .text.memset   0x000000000000412a        0x8 /Applications/MCUXpressoIDE_11.2.0_4120/ide/plugins/com.nxp.mcuxpresso.tools.macosx_11.2.0.202001021529/tools/bin/../lib/gcc/arm-none-eabi/9.2.1/../../../../arm-none-eabi/lib/thumb/v6-m/nofp/libcr_c.a(memset.o)
                0x000000000000412a                memset
 .text.free     0x0000000000004132       0x2c /Applications/MCUXpressoIDE_11.2.0_4120/ide/plugins/com.nxp.mcuxpresso.tools.macosx_11.2.0.202001021529/tools/bin/../lib/gcc/arm-none-eabi/9.2.1/../../../../arm-none-eabi/lib/thumb/v6-m/nofp/libcr_c.a(alloc.o)
                0x0000000000004132                free
 .text.fputs    0x000000000000415e       0x2e /Applications/MCUXpressoIDE_11.2.0_4120/ide/plugins/com.nxp.mcuxpresso.tools.macosx_11.2.0.202001021529/tools/bin/../lib/gcc/arm-none-eabi/9.2.1/../../../../arm-none-eabi/lib/thumb/v6-m/nofp/libcr_c.a(fputs.o)
                0x000000000000415e                fputs
 .text.no_fp_display
                0x000000000000418c        0x4 /Applications/MCUXpressoIDE_11.2.0_4120/ide/plugins/com.nxp.mcuxpresso.tools.macosx_11.2.0.202001021529/tools/bin/../lib/gcc/arm-none-eabi/9.2.1/../../../../arm-none-eabi/lib/thumb/v6-m/nofp/libcr_c.a(printf.o)
 .text.remove   0x0000000000004190       0x12 /Applications/MCUXpressoIDE_11.2.0_4120/ide/plugins/com.nxp.mcuxpresso.tools.macosx_11.2.0.202001021529/tools/bin/../lib/gcc/arm-none-eabi/9.2.1/../../../../arm-none-eabi/lib/thumb/v6-m/nofp/libcr_c.a(remove.o)
                0x0000000000004190                remove
 .text.__aeabi_division_idivmod
                0x00000000000041a2       0x78 /Applications/MCUXpressoIDE_11.2.0_4120/ide/plugins/com.nxp.mcuxpresso.tools.macosx_11.2.0.202001021529/tools/bin/../lib/gcc/arm-none-eabi/9.2.1/thumb/v6-m/nofp/libcr_eabihelpers.a(division_32.o)
                0x00000000000041a2                __aeabi_idiv
                0x00000000000041a2                __aeabi_idivmod
                0x00000000000041a8                __aeabi_uidiv
                0x00000000000041a8                __aeabi_uidivmod
 .text.__aeabi_division_idiv0
                0x000000000000421a        0x2 /Applications/MCUXpressoIDE_11.2.0_4120/ide/plugins/com.nxp.mcuxpresso.tools.macosx_11.2.0.202001021529/tools/bin/../lib/gcc/arm-none-eabi/9.2.1/thumb/v6-m/nofp/libcr_eabihelpers.a(division_idiv0.o)
                0x000000000000421a                __aeabi_idiv0
 .text.__aeabi_llong_lmul
                0x000000000000421c       0x2e /Applications/MCUXpressoIDE_11.2.0_4120/ide/plugins/com.nxp.mcuxpresso.tools.macosx_11.2.0.202001021529/tools/bin/../lib/gcc/arm-none-eabi/9.2.1/thumb/v6-m/nofp/libcr_eabihelpers.a(llong.o)
                0x000000000000421c                __aeabi_lmul
 .text.__aeabi_memset_lowlevel
                0x000000000000424a       0x2a /Applications/MCUXpressoIDE_11.2.0_4120/ide/plugins/com.nxp.mcuxpresso.tools.macosx_11.2.0.202001021529/tools/bin/../lib/gcc/arm-none-eabi/9.2.1/thumb/v6-m/nofp/libcr_eabihelpers.a(memcpy.o)
                0x000000000000424a                __aeabi_lowlevel_memset
 .text.__gnu_thumb1_case_shi
                0x0000000000004274       0x10 /Applications/MCUXpressoIDE_11.2.0_4120/ide/plugins/com.nxp.mcuxpresso.tools.macosx_11.2.0.202001021529/tools/bin/../lib/gcc/arm-none-eabi/9.2.1/thumb/v6-m/nofp/libcr_eabihelpers.a(thumb1_switch_helpers.o)
                0x0000000000004274                __gnu_thumb1_case_shi
 .text.__sys_close
                0x0000000000004284        0xc /Applications/MCUXpressoIDE_11.2.0_4120/ide/plugins/com.nxp.mcuxpresso.tools.macosx_11.2.0.202001021529/tools/bin/../lib/gcc/arm-none-eabi/9.2.1/../../../../arm-none-eabi/lib/thumb/v6-m/nofp/libcr_semihost_nf.a(__sys_close.o)
                0x0000000000004284                __sys_close
 .text.__sys_flen
                0x0000000000004290        0xc /Applications/MCUXpressoIDE_11.2.0_4120/ide/plugins/com.nxp.mcuxpresso.tools.macosx_11.2.0.202001021529/tools/bin/../lib/gcc/arm-none-eabi/9.2.1/../../../../arm-none-eabi/lib/thumb/v6-m/nofp/libcr_semihost_nf.a(__sys_flen.o)
                0x0000000000004290                __sys_flen
 .text.__sys_istty
                0x000000000000429c        0xc /Applications/MCUXpressoIDE_11.2.0_4120/ide/plugins/com.nxp.mcuxpresso.tools.macosx_11.2.0.202001021529/tools/bin/../lib/gcc/arm-none-eabi/9.2.1/../../../../arm-none-eabi/lib/thumb/v6-m/nofp/libcr_semihost_nf.a(__sys_istty.o)
                0x000000000000429c                __sys_istty
 .text.__sys_remove
                0x00000000000042a8        0xc /Applications/MCUXpressoIDE_11.2.0_4120/ide/plugins/com.nxp.mcuxpresso.tools.macosx_11.2.0.202001021529/tools/bin/../lib/gcc/arm-none-eabi/9.2.1/../../../../arm-none-eabi/lib/thumb/v6-m/nofp/libcr_semihost_nf.a(__sys_remove.o)
                0x00000000000042a8                __sys_remove
 .text.__sys_seek
                0x00000000000042b4        0xc /Applications/MCUXpressoIDE_11.2.0_4120/ide/plugins/com.nxp.mcuxpresso.tools.macosx_11.2.0.202001021529/tools/bin/../lib/gcc/arm-none-eabi/9.2.1/../../../../arm-none-eabi/lib/thumb/v6-m/nofp/libcr_semihost_nf.a(__sys_seek.o)
                0x00000000000042b4                __sys_seek
 .text.__sys_tmpnam
                0x00000000000042c0        0xc /Applications/MCUXpressoIDE_11.2.0_4120/ide/plugins/com.nxp.mcuxpresso.tools.macosx_11.2.0.202001021529/tools/bin/../lib/gcc/arm-none-eabi/9.2.1/../../../../arm-none-eabi/lib/thumb/v6-m/nofp/libcr_semihost_nf.a(__sys_tmpnam.o)
                0x00000000000042c0                __sys_tmpnam
 .text.__sys_write
                0x00000000000042cc        0xc /Applications/MCUXpressoIDE_11.2.0_4120/ide/plugins/com.nxp.mcuxpresso.tools.macosx_11.2.0.202001021529/tools/bin/../lib/gcc/arm-none-eabi/9.2.1/../../../../arm-none-eabi/lib/thumb/v6-m/nofp/libcr_semihost_nf.a(__sys_write.o)
                0x00000000000042cc                __sys_write
 *(SORT_BY_ALIGNMENT(.rodata) SORT_BY_ALIGNMENT(.rodata.*) SORT_BY_ALIGNMENT(.constdata) SORT_BY_ALIGNMENT(.constdata.*))
 .rodata.DbgConsole_Init.str1.4
                0x00000000000042d8       0xcb ./utilities/fsl_debug_console.o
 *fill*         0x00000000000043a3        0x1 ff
 .rodata.main.str1.4
                0x00000000000043a4       0x70 ./source/basic.o
 .rodata.print_rslt.str1.4
                0x0000000000004414       0xb6 ./source/basic.o
 *fill*         0x00000000000044ca        0x2 ff
 .rodata.CLOCK_GetOsc0ErClkFreq.str1.4
                0x00000000000044cc       0x1f ./drivers/fsl_clock.o
 *fill*         0x00000000000044eb        0x1 ff
 .rodata.CLOCK_GetEr32kClkFreq.str1.4
                0x00000000000044ec       0x20 ./drivers/fsl_clock.o
 .rodata.CLOCK_GetFreq
                0x000000000000450c       0x50 ./drivers/fsl_clock.o
 .rodata.CLOCK_GetOutClkFreq.str1.4
                0x000000000000455c       0x1f ./drivers/fsl_clock.o
 *fill*         0x000000000000457b        0x1 ff
 .rodata.CLOCK_SetMcgliteConfig.str1.4
                0x000000000000457c       0x20 ./drivers/fsl_clock.o
 .rodata.lircFreqs.5198
                0x000000000000459c        0x8 ./drivers/fsl_clock.o
 .rodata.s_i2cDividerTable
                0x00000000000045a4       0x80 ./drivers/fsl_i2c.o
 .rodata.s_i2cClocks
                0x0000000000004624        0x8 ./drivers/fsl_i2c.o
 .rodata.s_i2cBases
                0x000000000000462c        0x8 ./drivers/fsl_i2c.o
 .rodata.I2C_GetInstance.str1.4
                0x0000000000004634       0x33 ./drivers/fsl_i2c.o
 *fill*         0x0000000000004667        0x1 ff
 .rodata.I2C_MasterInit.str1.4
                0x0000000000004668       0x4b ./drivers/fsl_i2c.o
 *fill*         0x00000000000046b3        0x1 ff
 .rodata.I2C_MasterTransferBlocking.str1.4
                0x00000000000046b4       0x1f ./drivers/fsl_i2c.o
 *fill*         0x00000000000046d3        0x1 ff
 .rodata.s_lpuartBases
                0x00000000000046d4        0x8 ./drivers/fsl_lpuart.o
 .rodata.s_lpuartClock
                0x00000000000046dc        0x8 ./drivers/fsl_lpuart.o
 .rodata.LPUART_GetInstance.str1.4
                0x00000000000046e4       0x39 ./drivers/fsl_lpuart.o
 *fill*         0x000000000000471d        0x3 ff
 .rodata.LPUART_Init.str1.4
                0x0000000000004720       0x52 ./drivers/fsl_lpuart.o
 *fill*         0x0000000000004772        0x2 ff
 .rodata.LPUART_GetDefaultConfig.str1.4
                0x0000000000004774       0x23 ./drivers/fsl_lpuart.o
 *fill*         0x0000000000004797        0x1 ff
 .rodata.s_LpuartAdapterBase
                0x0000000000004798        0x8 ./component/uart/lpuart_adapter.o
 .rodata.HAL_UartInit.str1.4
                0x00000000000047a0       0xe2 ./component/uart/lpuart_adapter.o
 *fill*         0x0000000000004882        0x2 ff
 .rodata.SerialManager_Init.str1.4
                0x0000000000004884       0x45 ./component/serial_manager/serial_manager.o
 *fill*         0x00000000000048c9        0x3 ff
 .rodata.SerialManager_OpenWriteHandle.str1.4
                0x00000000000048cc       0x4c ./component/serial_manager/serial_manager.o
 .rodata.SerialManager_OpenReadHandle.str1.4
                0x0000000000004918       0x4c ./component/serial_manager/serial_manager.o
 .rodata.Serial_UartInit.str1.4
                0x0000000000004964       0x4f ./component/serial_manager/serial_port_uart.o
 *fill*         0x00000000000049b3        0x1 ff
 .rodata.mcgliteConfig_BOARD_BootClockRUN
                0x00000000000049b4        0x6 ./board/boards/clock_config.o
                0x00000000000049b4                mcgliteConfig_BOARD_BootClockRUN
 *fill*         0x00000000000049ba        0x2 ff
 .rodata.simConfig_BOARD_BootClockRUN
                0x00000000000049bc        0x8 ./board/boards/clock_config.o
                0x00000000000049bc                simConfig_BOARD_BootClockRUN
 .rodata.oscConfig_BOARD_BootClockRUN
                0x00000000000049c4        0x8 ./board/boards/clock_config.o
                0x00000000000049c4                oscConfig_BOARD_BootClockRUN
 .rodata.I2C0_config
                0x00000000000049cc        0xc ./board/boards/peripherals.o
                0x00000000000049cc                I2C0_config
 .rodata.PORT_SetPinConfig.str1.4
                0x00000000000049d8       0x23 ./board/boards/pin_mux.o
 *fill*         0x00000000000049fb        0x1 ff
 .rodata.__num_Ciob_streams
                0x00000000000049fc        0x4 /Applications/MCUXpressoIDE_11.2.0_4120/ide/plugins/com.nxp.mcuxpresso.tools.macosx_11.2.0.202001021529/tools/bin/../lib/gcc/arm-none-eabi/9.2.1/../../../../arm-none-eabi/lib/thumb/v6-m/nofp/libcr_semihost_nf.a(__ciob.o)
                0x00000000000049fc                __num_Ciob_streams
 .rodata.__assertion_failed.str1.1
                0x0000000000004a00       0x15 /Applications/MCUXpressoIDE_11.2.0_4120/ide/plugins/com.nxp.mcuxpresso.tools.macosx_11.2.0.202001021529/tools/bin/../lib/gcc/arm-none-eabi/9.2.1/../../../../arm-none-eabi/lib/thumb/v6-m/nofp/libcr_semihost_nf.a(_cr_assert.o)
 .rodata._Csys_alloc.str1.1
                0x0000000000004a15       0x18 /Applications/MCUXpressoIDE_11.2.0_4120/ide/plugins/com.nxp.mcuxpresso.tools.macosx_11.2.0.202001021529/tools/bin/../lib/gcc/arm-none-eabi/9.2.1/../../../../arm-none-eabi/lib/thumb/v6-m/nofp/libcr_c.a(alloc.o)
 .rodata._initio.str1.1
                0x0000000000004a2d        0x4 /Applications/MCUXpressoIDE_11.2.0_4120/ide/plugins/com.nxp.mcuxpresso.tools.macosx_11.2.0.202001021529/tools/bin/../lib/gcc/arm-none-eabi/9.2.1/../../../../arm-none-eabi/lib/thumb/v6-m/nofp/libcr_c.a(initio.o)
 .rodata.__vfprintf.str1.1
                0x0000000000004a31       0x35 /Applications/MCUXpressoIDE_11.2.0_4120/ide/plugins/com.nxp.mcuxpresso.tools.macosx_11.2.0.202001021529/tools/bin/../lib/gcc/arm-none-eabi/9.2.1/../../../../arm-none-eabi/lib/thumb/v6-m/nofp/libcr_c.a(printf.o)
                                         0x38 (size before relaxing)
                0x0000000000004a68                . = ALIGN (0x4)
 *fill*         0x0000000000004a66        0x2 ff

.glue_7         0x0000000000004a68        0x0
 .glue_7        0x0000000000004a68        0x0 linker stubs

.glue_7t        0x0000000000004a68        0x0
 .glue_7t       0x0000000000004a68        0x0 linker stubs

.vfp11_veneer   0x0000000000004a68        0x0
 .vfp11_veneer  0x0000000000004a68        0x0 linker stubs

.v4_bx          0x0000000000004a68        0x0
 .v4_bx         0x0000000000004a68        0x0 linker stubs

.iplt           0x0000000000004a68        0x0
 .iplt          0x0000000000004a68        0x0 ./utilities/fsl_debug_console.o

.rel.dyn        0x0000000000004a68        0x0
 .rel.iplt      0x0000000000004a68        0x0 ./utilities/fsl_debug_console.o

.ARM.extab
 *(SORT_BY_ALIGNMENT(.ARM.extab*) SORT_BY_ALIGNMENT(.gnu.linkonce.armextab.*))

.ARM.exidx      0x0000000000004a68        0x0
                0x0000000000004a68                __exidx_start = .
 *(SORT_BY_ALIGNMENT(.ARM.exidx*) SORT_BY_ALIGNMENT(.gnu.linkonce.armexidx.*))
                0x0000000000004a68                __exidx_end = .
                0x0000000000004a68                _etext = .

.m_usb_data
 *(SORT_BY_ALIGNMENT(m_usb_bdt))

.mtb_buffer_RAM2
 *(SORT_BY_ALIGNMENT(.mtb.$RAM2*))
 *(SORT_BY_ALIGNMENT(.mtb.$USB_RAM*))

.data_RAM2      0x00000000400fe000        0x0 load address 0x0000000000004a68
 FILL mask 0xff
                [!provide]                        PROVIDE (__start_data_RAM2 = .)
                [!provide]                        PROVIDE (__start_data_USB_RAM = .)
 *(SORT_BY_ALIGNMENT(.ramfunc.$RAM2))
 *(SORT_BY_ALIGNMENT(.ramfunc.$USB_RAM))
 *(SORT_BY_ALIGNMENT(.data.$RAM2))
 *(SORT_BY_ALIGNMENT(.data.$USB_RAM))
 *(SORT_BY_ALIGNMENT(.data.$RAM2.*))
 *(SORT_BY_ALIGNMENT(.data.$USB_RAM.*))
                0x00000000400fe000                . = ALIGN (0x4)
                [!provide]                        PROVIDE (__end_data_RAM2 = .)
                [!provide]                        PROVIDE (__end_data_USB_RAM = .)

.mtb_buffer_default
                0x000000001ffff000       0x80
 *(SORT_BY_ALIGNMENT(.mtb*))
 .mtb.$RAM1     0x000000001ffff000       0x80 ./source/mtb.o
                0x000000001ffff000                __mtb_buffer__

.uninit_RESERVED
                0x000000001ffff080        0x0
                0x000000001ffff080                _start_uninit_RESERVED = .
 *(SORT_BY_ALIGNMENT(.bss.$RESERVED*))
                0x000000001ffff080                . = ALIGN (0x4)
                0x000000001ffff080                _end_uninit_RESERVED = .

.data           0x000000001ffff080        0x4 load address 0x0000000000004a68
 FILL mask 0xff
                0x000000001ffff080                _data = .
                [!provide]                        PROVIDE (__start_data_RAM = .)
                [!provide]                        PROVIDE (__start_data_SRAM = .)
 *(SORT_BY_ALIGNMENT(vtable))
 *(SORT_BY_ALIGNMENT(.ramfunc*))
 *(SORT_BY_ALIGNMENT(CodeQuickAccess))
 *(SORT_BY_ALIGNMENT(DataQuickAccess))
 *(SORT_BY_ALIGNMENT(RamFunction))
 *(SORT_BY_ALIGNMENT(.data*))
 .data.SystemCoreClock
                0x000000001ffff080        0x4 ./device/system_MKL27Z644.o
                0x000000001ffff080                SystemCoreClock
                0x000000001ffff084                . = ALIGN (0x4)
                0x000000001ffff084                _edata = .
                [!provide]                        PROVIDE (__end_data_RAM = .)
                [!provide]                        PROVIDE (__end_data_SRAM = .)

.igot.plt       0x000000001ffff084        0x0 load address 0x0000000000004a6c
 .igot.plt      0x000000001ffff084        0x0 ./utilities/fsl_debug_console.o

.bss_RAM2       0x00000000400fe000        0x0
                [!provide]                        PROVIDE (__start_bss_RAM2 = .)
                [!provide]                        PROVIDE (__start_bss_USB_RAM = .)
 *(SORT_BY_ALIGNMENT(.bss.$RAM2))
 *(SORT_BY_ALIGNMENT(.bss.$USB_RAM))
 *(SORT_BY_ALIGNMENT(.bss.$RAM2.*))
 *(SORT_BY_ALIGNMENT(.bss.$USB_RAM.*))
                0x00000000400fe000                . = ALIGN ((. != 0x0)?0x4:0x1)
                [!provide]                        PROVIDE (__end_bss_RAM2 = .)
                [!provide]                        PROVIDE (__end_bss_USB_RAM = .)

.bss            0x000000001ffff084      0x13c
                0x000000001ffff084                _bss = .
                [!provide]                        PROVIDE (__start_bss_RAM = .)
                [!provide]                        PROVIDE (__start_bss_SRAM = .)
 *(SORT_BY_ALIGNMENT(.bss*))
 .bss.s_debugConsoleState
                0x000000001ffff084       0x1c ./utilities/fsl_debug_console.o
 .bss.g_serialHandle
                0x000000001ffff0a0        0x4 ./utilities/fsl_debug_console.o
                0x000000001ffff0a0                g_serialHandle
 .bss.bmp       0x000000001ffff0a4       0x34 ./source/basic.o
                0x000000001ffff0a4                bmp
 .bss.g_systickCounter
                0x000000001ffff0d8        0x4 ./source/basic.o
                0x000000001ffff0d8                g_systickCounter
 .bss.g_xtal0Freq
                0x000000001ffff0dc        0x4 ./drivers/fsl_clock.o
                0x000000001ffff0dc                g_xtal0Freq
 .bss.g_xtal32Freq
                0x000000001ffff0e0        0x4 ./drivers/fsl_clock.o
                0x000000001ffff0e0                g_xtal32Freq
 .bss.s_i2cHandle
                0x000000001ffff0e4        0x8 ./drivers/fsl_i2c.o
 .bss.s_i2cMasterIsr
                0x000000001ffff0ec        0x4 ./drivers/fsl_i2c.o
 .bss.s_i2cSlaveIsr
                0x000000001ffff0f0        0x4 ./drivers/fsl_i2c.o
 .bss.s_lpuartHandle
                0x000000001ffff0f4        0x8 ./drivers/fsl_lpuart.o
 .bss.s_lpuartIsr
                0x000000001ffff0fc        0x4 ./drivers/fsl_lpuart.o
 .bss.__Ciob    0x000000001ffff100       0xb4 /Applications/MCUXpressoIDE_11.2.0_4120/ide/plugins/com.nxp.mcuxpresso.tools.macosx_11.2.0.202001021529/tools/bin/../lib/gcc/arm-none-eabi/9.2.1/../../../../arm-none-eabi/lib/thumb/v6-m/nofp/libcr_semihost_nf.a(__ciob.o)
                0x000000001ffff100                __Ciob
 .bss.__end_of_heap
                0x000000001ffff1b4        0x4 /Applications/MCUXpressoIDE_11.2.0_4120/ide/plugins/com.nxp.mcuxpresso.tools.macosx_11.2.0.202001021529/tools/bin/../lib/gcc/arm-none-eabi/9.2.1/../../../../arm-none-eabi/lib/thumb/v6-m/nofp/libcr_c.a(__init_alloc.o)
                0x000000001ffff1b4                __end_of_heap
 .bss.__heaps   0x000000001ffff1b8        0x4 /Applications/MCUXpressoIDE_11.2.0_4120/ide/plugins/com.nxp.mcuxpresso.tools.macosx_11.2.0.202001021529/tools/bin/../lib/gcc/arm-none-eabi/9.2.1/../../../../arm-none-eabi/lib/thumb/v6-m/nofp/libcr_c.a(__init_alloc.o)
                0x000000001ffff1b8                __heaps
 .bss.errno     0x000000001ffff1bc        0x4 /Applications/MCUXpressoIDE_11.2.0_4120/ide/plugins/com.nxp.mcuxpresso.tools.macosx_11.2.0.202001021529/tools/bin/../lib/gcc/arm-none-eabi/9.2.1/../../../../arm-none-eabi/lib/thumb/v6-m/nofp/libcr_c.a(errno.o)
                0x000000001ffff1bc                errno
 *(SORT_BY_ALIGNMENT(COMMON))
                0x000000001ffff1c0                . = ALIGN (0x4)
                0x000000001ffff1c0                _ebss = .
                [!provide]                        PROVIDE (__end_bss_RAM = .)
                [!provide]                        PROVIDE (__end_bss_SRAM = .)
                [!provide]                        PROVIDE (end = .)

.noinit_RAM2    0x00000000400fe000        0x0
                [!provide]                        PROVIDE (__start_noinit_RAM2 = .)
                [!provide]                        PROVIDE (__start_noinit_USB_RAM = .)
 *(SORT_BY_ALIGNMENT(.noinit.$RAM2))
 *(SORT_BY_ALIGNMENT(.noinit.$USB_RAM))
 *(SORT_BY_ALIGNMENT(.noinit.$RAM2.*))
 *(SORT_BY_ALIGNMENT(.noinit.$USB_RAM.*))
                0x00000000400fe000                . = ALIGN (0x4)
                [!provide]                        PROVIDE (__end_noinit_RAM2 = .)
                [!provide]                        PROVIDE (__end_noinit_USB_RAM = .)

.noinit         0x000000001ffff1c0        0x0
                0x000000001ffff1c0                _noinit = .
                [!provide]                        PROVIDE (__start_noinit_RAM = .)
                [!provide]                        PROVIDE (__start_noinit_SRAM = .)
 *(SORT_BY_ALIGNMENT(.noinit*))
                0x000000001ffff1c0                . = ALIGN (0x4)
                0x000000001ffff1c0                _end_noinit = .
                [!provide]                        PROVIDE (__end_noinit_RAM = .)
                [!provide]                        PROVIDE (__end_noinit_SRAM = .)
                0x0000000000000400                _HeapSize = 0x400

.heap           0x000000001ffff1c0      0x400
                0x000000001ffff1c0                _pvHeapStart = .
                0x000000001ffff5c0                . = (. + _HeapSize)
 *fill*         0x000000001ffff1c0      0x400 
                0x000000001ffff5c0                . = ALIGN (0x4)
                0x000000001ffff5c0                _pvHeapLimit = .
                0x0000000000000400                _StackSize = 0x400

.heap2stackfill
                0x000000001ffff5c0      0x400
                0x000000001ffff9c0                . = (. + _StackSize)
 *fill*         0x000000001ffff5c0      0x400 

.stack          0x0000000020002c00        0x0
                0x0000000020002c00                _vStackBase = .
                0x0000000020002c00                . = ALIGN (0x4)
                0x0000000020003000                _vStackTop = (. + _StackSize)
                0x0000000000000000                _image_start = LOADADDR (.text)
                0x0000000000004a6c                _image_end = (LOADADDR (.data) + SIZEOF (.data))
                0x0000000000004a6c                _image_size = (_image_end - _image_start)
OUTPUT(temperature_BMP280.axf elf32-littlearm)

.debug_info     0x0000000000000000     0xacd2
 .debug_info    0x0000000000000000      0x922 ./utilities/fsl_debug_console.o
 .debug_info    0x0000000000000922      0x4d3 ./startup/startup_mkl27z644.o
 .debug_info    0x0000000000000df5     0x116f ./source/basic.o
 .debug_info    0x0000000000001f64      0xc2b ./source/bmp280.o
 .debug_info    0x0000000000002b8f       0x53 ./source/mtb.o
 .debug_info    0x0000000000002be2       0x3c ./source/semihost_hardfault.o
 .debug_info    0x0000000000002c1e     0x12f2 ./drivers/fsl_clock.o
 .debug_info    0x0000000000003f10     0x1c6f ./drivers/fsl_i2c.o
 .debug_info    0x0000000000005b7f     0x1735 ./drivers/fsl_lpuart.o
 .debug_info    0x00000000000072b4      0x425 ./device/system_MKL27Z644.o
 .debug_info    0x00000000000076d9      0x8c1 ./component/uart/lpuart_adapter.o
 .debug_info    0x0000000000007f9a      0x74e ./component/serial_manager/serial_manager.o
 .debug_info    0x00000000000086e8      0x4e5 ./component/serial_manager/serial_port_uart.o
 .debug_info    0x0000000000008bcd      0x6ea ./board/boards/board.o
 .debug_info    0x00000000000092b7      0xb0e ./board/boards/clock_config.o
 .debug_info    0x0000000000009dc5      0x532 ./board/boards/peripherals.o
 .debug_info    0x000000000000a2f7      0x9db ./board/boards/pin_mux.o

.debug_abbrev   0x0000000000000000     0x1f96
 .debug_abbrev  0x0000000000000000      0x19a ./utilities/fsl_debug_console.o
 .debug_abbrev  0x000000000000019a      0x1ad ./startup/startup_mkl27z644.o
 .debug_abbrev  0x0000000000000347      0x2c5 ./source/basic.o
 .debug_abbrev  0x000000000000060c      0x20e ./source/bmp280.o
 .debug_abbrev  0x000000000000081a       0x46 ./source/mtb.o
 .debug_abbrev  0x0000000000000860       0x31 ./source/semihost_hardfault.o
 .debug_abbrev  0x0000000000000891      0x2d8 ./drivers/fsl_clock.o
 .debug_abbrev  0x0000000000000b69      0x379 ./drivers/fsl_i2c.o
 .debug_abbrev  0x0000000000000ee2      0x31d ./drivers/fsl_lpuart.o
 .debug_abbrev  0x00000000000011ff      0x170 ./device/system_MKL27Z644.o
 .debug_abbrev  0x000000000000136f      0x1b0 ./component/uart/lpuart_adapter.o
 .debug_abbrev  0x000000000000151f      0x17d ./component/serial_manager/serial_manager.o
 .debug_abbrev  0x000000000000169c      0x160 ./component/serial_manager/serial_port_uart.o
 .debug_abbrev  0x00000000000017fc      0x1a3 ./board/boards/board.o
 .debug_abbrev  0x000000000000199f      0x1ed ./board/boards/clock_config.o
 .debug_abbrev  0x0000000000001b8c      0x14f ./board/boards/peripherals.o
 .debug_abbrev  0x0000000000001cdb      0x2bb ./board/boards/pin_mux.o

.debug_aranges  0x0000000000000000      0x910
 .debug_aranges
                0x0000000000000000       0x50 ./utilities/fsl_debug_console.o
 .debug_aranges
                0x0000000000000050      0x160 ./startup/startup_mkl27z644.o
 .debug_aranges
                0x00000000000001b0       0x68 ./source/basic.o
 .debug_aranges
                0x0000000000000218       0xc0 ./source/bmp280.o
 .debug_aranges
                0x00000000000002d8       0x18 ./source/mtb.o
 .debug_aranges
                0x00000000000002f0       0x20 ./source/semihost_hardfault.o
 .debug_aranges
                0x0000000000000310       0xd8 ./drivers/fsl_clock.o
 .debug_aranges
                0x00000000000003e8      0x178 ./drivers/fsl_i2c.o
 .debug_aranges
                0x0000000000000560      0x120 ./drivers/fsl_lpuart.o
 .debug_aranges
                0x0000000000000680       0x30 ./device/system_MKL27Z644.o
 .debug_aranges
                0x00000000000006b0       0x40 ./component/uart/lpuart_adapter.o
 .debug_aranges
                0x00000000000006f0       0x88 ./component/serial_manager/serial_manager.o
 .debug_aranges
                0x0000000000000778       0x38 ./component/serial_manager/serial_port_uart.o
 .debug_aranges
                0x00000000000007b0       0x28 ./board/boards/board.o
 .debug_aranges
                0x00000000000007d8       0x80 ./board/boards/clock_config.o
 .debug_aranges
                0x0000000000000858       0x30 ./board/boards/peripherals.o
 .debug_aranges
                0x0000000000000888       0x88 ./board/boards/pin_mux.o

.debug_ranges   0x0000000000000000      0x7f8
 .debug_ranges  0x0000000000000000       0x40 ./utilities/fsl_debug_console.o
 .debug_ranges  0x0000000000000040      0x150 ./startup/startup_mkl27z644.o
 .debug_ranges  0x0000000000000190       0x58 ./source/basic.o
 .debug_ranges  0x00000000000001e8       0xb0 ./source/bmp280.o
 .debug_ranges  0x0000000000000298       0x10 ./source/semihost_hardfault.o
 .debug_ranges  0x00000000000002a8       0xc8 ./drivers/fsl_clock.o
 .debug_ranges  0x0000000000000370      0x168 ./drivers/fsl_i2c.o
 .debug_ranges  0x00000000000004d8      0x110 ./drivers/fsl_lpuart.o
 .debug_ranges  0x00000000000005e8       0x20 ./device/system_MKL27Z644.o
 .debug_ranges  0x0000000000000608       0x30 ./component/uart/lpuart_adapter.o
 .debug_ranges  0x0000000000000638       0x78 ./component/serial_manager/serial_manager.o
 .debug_ranges  0x00000000000006b0       0x28 ./component/serial_manager/serial_port_uart.o
 .debug_ranges  0x00000000000006d8       0x18 ./board/boards/board.o
 .debug_ranges  0x00000000000006f0       0x70 ./board/boards/clock_config.o
 .debug_ranges  0x0000000000000760       0x20 ./board/boards/peripherals.o
 .debug_ranges  0x0000000000000780       0x78 ./board/boards/pin_mux.o

.debug_macro    0x0000000000000000     0x9bfc
 .debug_macro   0x0000000000000000      0x183 ./utilities/fsl_debug_console.o
 .debug_macro   0x0000000000000183      0xab4 ./utilities/fsl_debug_console.o
 .debug_macro   0x0000000000000c37       0x10 ./utilities/fsl_debug_console.o
 .debug_macro   0x0000000000000c47       0x16 ./utilities/fsl_debug_console.o
 .debug_macro   0x0000000000000c5d       0x10 ./utilities/fsl_debug_console.o
 .debug_macro   0x0000000000000c6d      0x12e ./utilities/fsl_debug_console.o
 .debug_macro   0x0000000000000d9b       0x28 ./utilities/fsl_debug_console.o
 .debug_macro   0x0000000000000dc3       0x56 ./utilities/fsl_debug_console.o
 .debug_macro   0x0000000000000e19       0x16 ./utilities/fsl_debug_console.o
 .debug_macro   0x0000000000000e2f       0x22 ./utilities/fsl_debug_console.o
 .debug_macro   0x0000000000000e51      0x5b3 ./utilities/fsl_debug_console.o
 .debug_macro   0x0000000000001404       0x10 ./utilities/fsl_debug_console.o
 .debug_macro   0x0000000000001414       0x3f ./utilities/fsl_debug_console.o
 .debug_macro   0x0000000000001453       0x1c ./utilities/fsl_debug_console.o
 .debug_macro   0x000000000000146f       0x22 ./utilities/fsl_debug_console.o
 .debug_macro   0x0000000000001491       0xb5 ./utilities/fsl_debug_console.o
 .debug_macro   0x0000000000001546      0x37c ./utilities/fsl_debug_console.o
 .debug_macro   0x00000000000018c2       0x3a ./utilities/fsl_debug_console.o
 .debug_macro   0x00000000000018fc     0x547b ./utilities/fsl_debug_console.o
 .debug_macro   0x0000000000006d77     0x10f4 ./utilities/fsl_debug_console.o
 .debug_macro   0x0000000000007e6b       0xc9 ./utilities/fsl_debug_console.o
 .debug_macro   0x0000000000007f34       0xee ./utilities/fsl_debug_console.o
 .debug_macro   0x0000000000008022       0x34 ./utilities/fsl_debug_console.o
 .debug_macro   0x0000000000008056       0x10 ./utilities/fsl_debug_console.o
 .debug_macro   0x0000000000008066       0x32 ./utilities/fsl_debug_console.o
 .debug_macro   0x0000000000008098       0x1c ./utilities/fsl_debug_console.o
 .debug_macro   0x00000000000080b4       0xd2 ./utilities/fsl_debug_console.o
 .debug_macro   0x0000000000008186       0x1c ./utilities/fsl_debug_console.o
 .debug_macro   0x00000000000081a2       0x29 ./startup/startup_mkl27z644.o
 .debug_macro   0x00000000000081cb      0x1b8 ./source/basic.o
 .debug_macro   0x0000000000008383       0xd8 ./source/basic.o
 .debug_macro   0x000000000000845b       0x22 ./source/basic.o
 .debug_macro   0x000000000000847d       0x1c ./source/basic.o
 .debug_macro   0x0000000000008499       0x10 ./source/basic.o
 .debug_macro   0x00000000000084a9      0x196 ./source/basic.o
 .debug_macro   0x000000000000863f       0x22 ./source/basic.o
 .debug_macro   0x0000000000008661       0x16 ./source/basic.o
 .debug_macro   0x0000000000008677      0x2e8 ./source/basic.o
 .debug_macro   0x000000000000895f       0x2e ./source/basic.o
 .debug_macro   0x000000000000898d       0x16 ./source/basic.o
 .debug_macro   0x00000000000089a3      0x4a5 ./source/basic.o
 .debug_macro   0x0000000000008e48       0x68 ./source/bmp280.o
 .debug_macro   0x0000000000008eb0       0x16 ./source/bmp280.o
 .debug_macro   0x0000000000008ec6       0x2f ./source/mtb.o
 .debug_macro   0x0000000000008ef5       0x82 ./source/mtb.o
 .debug_macro   0x0000000000008f77       0x10 ./source/mtb.o
 .debug_macro   0x0000000000008f87       0x11 ./source/semihost_hardfault.o
 .debug_macro   0x0000000000008f98      0x12f ./drivers/fsl_clock.o
 .debug_macro   0x00000000000090c7       0x1c ./drivers/fsl_clock.o
 .debug_macro   0x00000000000090e3      0x102 ./drivers/fsl_i2c.o
 .debug_macro   0x00000000000091e5       0x1c ./drivers/fsl_i2c.o
 .debug_macro   0x0000000000009201      0x103 ./drivers/fsl_lpuart.o
 .debug_macro   0x0000000000009304       0x97 ./device/system_MKL27Z644.o
 .debug_macro   0x000000000000939b       0xff ./component/uart/lpuart_adapter.o
 .debug_macro   0x000000000000949a       0x10 ./component/uart/lpuart_adapter.o
 .debug_macro   0x00000000000094aa       0x22 ./component/uart/lpuart_adapter.o
 .debug_macro   0x00000000000094cc      0x126 ./component/serial_manager/serial_manager.o
 .debug_macro   0x00000000000095f2      0x117 ./component/serial_manager/serial_port_uart.o
 .debug_macro   0x0000000000009709       0x22 ./component/serial_manager/serial_port_uart.o
 .debug_macro   0x000000000000972b      0x152 ./board/boards/board.o
 .debug_macro   0x000000000000987d       0x16 ./board/boards/board.o
 .debug_macro   0x0000000000009893       0x22 ./board/boards/board.o
 .debug_macro   0x00000000000098b5      0x13a ./board/boards/clock_config.o
 .debug_macro   0x00000000000099ef      0x105 ./board/boards/peripherals.o
 .debug_macro   0x0000000000009af4      0x108 ./board/boards/pin_mux.o

.debug_line     0x0000000000000000     0x643c
 .debug_line    0x0000000000000000      0x528 ./utilities/fsl_debug_console.o
 .debug_line    0x0000000000000528      0x1e7 ./startup/startup_mkl27z644.o
 .debug_line    0x000000000000070f      0x639 ./source/basic.o
 .debug_line    0x0000000000000d48      0xb75 ./source/bmp280.o
 .debug_line    0x00000000000018bd       0xd9 ./source/mtb.o
 .debug_line    0x0000000000001996       0x5a ./source/semihost_hardfault.o
 .debug_line    0x00000000000019f0      0x818 ./drivers/fsl_clock.o
 .debug_line    0x0000000000002208     0x139f ./drivers/fsl_i2c.o
 .debug_line    0x00000000000035a7      0xd5f ./drivers/fsl_lpuart.o
 .debug_line    0x0000000000004306      0x2be ./device/system_MKL27Z644.o
 .debug_line    0x00000000000045c4      0x3f8 ./component/uart/lpuart_adapter.o
 .debug_line    0x00000000000049bc      0x5cc ./component/serial_manager/serial_manager.o
 .debug_line    0x0000000000004f88      0x405 ./component/serial_manager/serial_port_uart.o
 .debug_line    0x000000000000538d      0x36b ./board/boards/board.o
 .debug_line    0x00000000000056f8      0x471 ./board/boards/clock_config.o
 .debug_line    0x0000000000005b69      0x2f1 ./board/boards/peripherals.o
 .debug_line    0x0000000000005e5a      0x5e2 ./board/boards/pin_mux.o

.debug_str      0x0000000000000000    0x3ca08
 .debug_str     0x0000000000000000    0x34b6e ./utilities/fsl_debug_console.o
                                      0x34dc0 (size before relaxing)
 .debug_str     0x0000000000034b6e      0x40c ./startup/startup_mkl27z644.o
                                       0x323d (size before relaxing)
 .debug_str     0x0000000000034f7a     0x3c4e ./source/basic.o
                                      0x3817b (size before relaxing)
 .debug_str     0x0000000000038bc8      0x2a0 ./source/bmp280.o
                                       0x6250 (size before relaxing)
 .debug_str     0x0000000000038e68      0x532 ./source/mtb.o
                                       0x331b (size before relaxing)
 .debug_str     0x000000000003939a       0x1f ./source/semihost_hardfault.o
                                       0x2e08 (size before relaxing)
 .debug_str     0x00000000000393b9      0xb7d ./drivers/fsl_clock.o
                                      0x34c88 (size before relaxing)
 .debug_str     0x0000000000039f36      0xaf7 ./drivers/fsl_i2c.o
                                      0x34f6b (size before relaxing)
 .debug_str     0x000000000003aa2d      0xd73 ./drivers/fsl_lpuart.o
                                      0x3505c (size before relaxing)
 .debug_str     0x000000000003b7a0       0x7e ./device/system_MKL27Z644.o
                                      0x32924 (size before relaxing)
 .debug_str     0x000000000003b81e      0x337 ./component/uart/lpuart_adapter.o
                                      0x34487 (size before relaxing)
 .debug_str     0x000000000003bb55      0x388 ./component/serial_manager/serial_manager.o
                                      0x33dab (size before relaxing)
 .debug_str     0x000000000003bedd       0xfc ./component/serial_manager/serial_port_uart.o
                                      0x33e59 (size before relaxing)
 .debug_str     0x000000000003bfd9       0x54 ./board/boards/board.o
                                      0x34d99 (size before relaxing)
 .debug_str     0x000000000003c02d      0x42e ./board/boards/clock_config.o
                                      0x346e8 (size before relaxing)
 .debug_str     0x000000000003c45b       0x58 ./board/boards/peripherals.o
                                      0x34082 (size before relaxing)
 .debug_str     0x000000000003c4b3      0x555 ./board/boards/pin_mux.o
                                      0x34ace (size before relaxing)

.comment        0x0000000000000000       0x79
 .comment       0x0000000000000000       0x79 ./utilities/fsl_debug_console.o
                                         0x7a (size before relaxing)
 .comment       0x0000000000000079       0x7a ./startup/startup_mkl27z644.o
 .comment       0x0000000000000079       0x7a ./source/basic.o
 .comment       0x0000000000000079       0x7a ./source/bmp280.o
 .comment       0x0000000000000079       0x7a ./source/mtb.o
 .comment       0x0000000000000079       0x7a ./source/semihost_hardfault.o
 .comment       0x0000000000000079       0x7a ./drivers/fsl_clock.o
 .comment       0x0000000000000079       0x7a ./drivers/fsl_i2c.o
 .comment       0x0000000000000079       0x7a ./drivers/fsl_lpuart.o
 .comment       0x0000000000000079       0x7a ./device/system_MKL27Z644.o
 .comment       0x0000000000000079       0x7a ./component/uart/lpuart_adapter.o
 .comment       0x0000000000000079       0x7a ./component/serial_manager/serial_manager.o
 .comment       0x0000000000000079       0x7a ./component/serial_manager/serial_port_uart.o
 .comment       0x0000000000000079       0x7a ./board/boards/board.o
 .comment       0x0000000000000079       0x7a ./board/boards/clock_config.o
 .comment       0x0000000000000079       0x7a ./board/boards/peripherals.o
 .comment       0x0000000000000079       0x7a ./board/boards/pin_mux.o
 .comment       0x0000000000000079       0x7a /Applications/MCUXpressoIDE_11.2.0_4120/ide/plugins/com.nxp.mcuxpresso.tools.macosx_11.2.0.202001021529/tools/bin/../lib/gcc/arm-none-eabi/9.2.1/../../../../arm-none-eabi/lib/thumb/v6-m/nofp/libcr_semihost_nf.a(_cr__main.o)
 .comment       0x0000000000000079       0x7a /Applications/MCUXpressoIDE_11.2.0_4120/ide/plugins/com.nxp.mcuxpresso.tools.macosx_11.2.0.202001021529/tools/bin/../lib/gcc/arm-none-eabi/9.2.1/../../../../arm-none-eabi/lib/thumb/v6-m/nofp/libcr_semihost_nf.a(_cr_assert.o)
 .comment       0x0000000000000079       0x7a /Applications/MCUXpressoIDE_11.2.0_4120/ide/plugins/com.nxp.mcuxpresso.tools.macosx_11.2.0.202001021529/tools/bin/../lib/gcc/arm-none-eabi/9.2.1/../../../../arm-none-eabi/lib/thumb/v6-m/nofp/libcr_semihost_nf.a(__ciob.o)
 .comment       0x0000000000000079       0x7a /Applications/MCUXpressoIDE_11.2.0_4120/ide/plugins/com.nxp.mcuxpresso.tools.macosx_11.2.0.202001021529/tools/bin/../lib/gcc/arm-none-eabi/9.2.1/../../../../arm-none-eabi/lib/thumb/v6-m/nofp/libcr_c.a(memset.o)
 .comment       0x0000000000000079       0x7a /Applications/MCUXpressoIDE_11.2.0_4120/ide/plugins/com.nxp.mcuxpresso.tools.macosx_11.2.0.202001021529/tools/bin/../lib/gcc/arm-none-eabi/9.2.1/../../../../arm-none-eabi/lib/thumb/v6-m/nofp/libcr_c.a(_deferredlazyseek.o)
 .comment       0x0000000000000079       0x7a /Applications/MCUXpressoIDE_11.2.0_4120/ide/plugins/com.nxp.mcuxpresso.tools.macosx_11.2.0.202001021529/tools/bin/../lib/gcc/arm-none-eabi/9.2.1/../../../../arm-none-eabi/lib/thumb/v6-m/nofp/libcr_c.a(_fflush.o)
 .comment       0x0000000000000079       0x7a /Applications/MCUXpressoIDE_11.2.0_4120/ide/plugins/com.nxp.mcuxpresso.tools.macosx_11.2.0.202001021529/tools/bin/../lib/gcc/arm-none-eabi/9.2.1/../../../../arm-none-eabi/lib/thumb/v6-m/nofp/libcr_c.a(_writebuf.o)
 .comment       0x0000000000000079       0x7a /Applications/MCUXpressoIDE_11.2.0_4120/ide/plugins/com.nxp.mcuxpresso.tools.macosx_11.2.0.202001021529/tools/bin/../lib/gcc/arm-none-eabi/9.2.1/../../../../arm-none-eabi/lib/thumb/v6-m/nofp/libcr_c.a(alloc.o)
 .comment       0x0000000000000079       0x7a /Applications/MCUXpressoIDE_11.2.0_4120/ide/plugins/com.nxp.mcuxpresso.tools.macosx_11.2.0.202001021529/tools/bin/../lib/gcc/arm-none-eabi/9.2.1/../../../../arm-none-eabi/lib/thumb/v6-m/nofp/libcr_c.a(fputs.o)
 .comment       0x0000000000000079       0x7a /Applications/MCUXpressoIDE_11.2.0_4120/ide/plugins/com.nxp.mcuxpresso.tools.macosx_11.2.0.202001021529/tools/bin/../lib/gcc/arm-none-eabi/9.2.1/../../../../arm-none-eabi/lib/thumb/v6-m/nofp/libcr_c.a(fseek.o)
 .comment       0x0000000000000079       0x7a /Applications/MCUXpressoIDE_11.2.0_4120/ide/plugins/com.nxp.mcuxpresso.tools.macosx_11.2.0.202001021529/tools/bin/../lib/gcc/arm-none-eabi/9.2.1/../../../../arm-none-eabi/lib/thumb/v6-m/nofp/libcr_c.a(ftell.o)
 .comment       0x0000000000000079       0x7a /Applications/MCUXpressoIDE_11.2.0_4120/ide/plugins/com.nxp.mcuxpresso.tools.macosx_11.2.0.202001021529/tools/bin/../lib/gcc/arm-none-eabi/9.2.1/../../../../arm-none-eabi/lib/thumb/v6-m/nofp/libcr_c.a(initio.o)
 .comment       0x0000000000000079       0x7a /Applications/MCUXpressoIDE_11.2.0_4120/ide/plugins/com.nxp.mcuxpresso.tools.macosx_11.2.0.202001021529/tools/bin/../lib/gcc/arm-none-eabi/9.2.1/../../../../arm-none-eabi/lib/thumb/v6-m/nofp/libcr_c.a(printf.o)
 .comment       0x0000000000000079       0x7a /Applications/MCUXpressoIDE_11.2.0_4120/ide/plugins/com.nxp.mcuxpresso.tools.macosx_11.2.0.202001021529/tools/bin/../lib/gcc/arm-none-eabi/9.2.1/../../../../arm-none-eabi/lib/thumb/v6-m/nofp/libcr_c.a(setvbuf.o)
 .comment       0x0000000000000079       0x7a /Applications/MCUXpressoIDE_11.2.0_4120/ide/plugins/com.nxp.mcuxpresso.tools.macosx_11.2.0.202001021529/tools/bin/../lib/gcc/arm-none-eabi/9.2.1/../../../../arm-none-eabi/lib/thumb/v6-m/nofp/libcr_c.a(strlen.o)
 .comment       0x0000000000000079       0x7a /Applications/MCUXpressoIDE_11.2.0_4120/ide/plugins/com.nxp.mcuxpresso.tools.macosx_11.2.0.202001021529/tools/bin/../lib/gcc/arm-none-eabi/9.2.1/../../../../arm-none-eabi/lib/thumb/v6-m/nofp/libcr_c.a(__init_alloc.o)
 .comment       0x0000000000000079       0x7a /Applications/MCUXpressoIDE_11.2.0_4120/ide/plugins/com.nxp.mcuxpresso.tools.macosx_11.2.0.202001021529/tools/bin/../lib/gcc/arm-none-eabi/9.2.1/../../../../arm-none-eabi/lib/thumb/v6-m/nofp/libcr_c.a(_cr_sbrk.o)
 .comment       0x0000000000000079       0x7a /Applications/MCUXpressoIDE_11.2.0_4120/ide/plugins/com.nxp.mcuxpresso.tools.macosx_11.2.0.202001021529/tools/bin/../lib/gcc/arm-none-eabi/9.2.1/../../../../arm-none-eabi/lib/thumb/v6-m/nofp/libcr_c.a(_fdopen.o)
 .comment       0x0000000000000079       0x7a /Applications/MCUXpressoIDE_11.2.0_4120/ide/plugins/com.nxp.mcuxpresso.tools.macosx_11.2.0.202001021529/tools/bin/../lib/gcc/arm-none-eabi/9.2.1/../../../../arm-none-eabi/lib/thumb/v6-m/nofp/libcr_c.a(errno.o)
 .comment       0x0000000000000079       0x7a /Applications/MCUXpressoIDE_11.2.0_4120/ide/plugins/com.nxp.mcuxpresso.tools.macosx_11.2.0.202001021529/tools/bin/../lib/gcc/arm-none-eabi/9.2.1/../../../../arm-none-eabi/lib/thumb/v6-m/nofp/libcr_c.a(fclose.o)
 .comment       0x0000000000000079       0x7a /Applications/MCUXpressoIDE_11.2.0_4120/ide/plugins/com.nxp.mcuxpresso.tools.macosx_11.2.0.202001021529/tools/bin/../lib/gcc/arm-none-eabi/9.2.1/../../../../arm-none-eabi/lib/thumb/v6-m/nofp/libcr_c.a(fflush.o)
 .comment       0x0000000000000079       0x7a /Applications/MCUXpressoIDE_11.2.0_4120/ide/plugins/com.nxp.mcuxpresso.tools.macosx_11.2.0.202001021529/tools/bin/../lib/gcc/arm-none-eabi/9.2.1/../../../../arm-none-eabi/lib/thumb/v6-m/nofp/libcr_c.a(remove.o)
 .comment       0x0000000000000079       0x7a /Applications/MCUXpressoIDE_11.2.0_4120/ide/plugins/com.nxp.mcuxpresso.tools.macosx_11.2.0.202001021529/tools/bin/../lib/gcc/arm-none-eabi/9.2.1/../../../../arm-none-eabi/lib/thumb/v6-m/nofp/libcr_c.a(_cr_check_heap.o)
 .comment       0x0000000000000079       0x7a /Applications/MCUXpressoIDE_11.2.0_4120/ide/plugins/com.nxp.mcuxpresso.tools.macosx_11.2.0.202001021529/tools/bin/../lib/gcc/arm-none-eabi/9.2.1/../../../../arm-none-eabi/lib/thumb/v6-m/nofp/libcr_c.a(_do_fflush.o)

.ARM.attributes
                0x0000000000000000       0x2a
 .ARM.attributes
                0x0000000000000000       0x2c ./utilities/fsl_debug_console.o
 .ARM.attributes
                0x000000000000002c       0x2c ./startup/startup_mkl27z644.o
 .ARM.attributes
                0x0000000000000058       0x2c ./source/basic.o
 .ARM.attributes
                0x0000000000000084       0x2c ./source/bmp280.o
 .ARM.attributes
                0x00000000000000b0       0x32 ./source/mtb.o
 .ARM.attributes
                0x00000000000000e2       0x2c ./source/semihost_hardfault.o
 .ARM.attributes
                0x000000000000010e       0x2c ./drivers/fsl_clock.o
 .ARM.attributes
                0x000000000000013a       0x2c ./drivers/fsl_i2c.o
 .ARM.attributes
                0x0000000000000166       0x2c ./drivers/fsl_lpuart.o
 .ARM.attributes
                0x0000000000000192       0x2c ./device/system_MKL27Z644.o
 .ARM.attributes
                0x00000000000001be       0x2c ./component/uart/lpuart_adapter.o
 .ARM.attributes
                0x00000000000001ea       0x2c ./component/serial_manager/serial_manager.o
 .ARM.attributes
                0x0000000000000216       0x2c ./component/serial_manager/serial_port_uart.o
 .ARM.attributes
                0x0000000000000242       0x2c ./board/boards/board.o
 .ARM.attributes
                0x000000000000026e       0x2c ./board/boards/clock_config.o
 .ARM.attributes
                0x000000000000029a       0x2c ./board/boards/peripherals.o
 .ARM.attributes
                0x00000000000002c6       0x2c ./board/boards/pin_mux.o
 .ARM.attributes
                0x00000000000002f2       0x2c /Applications/MCUXpressoIDE_11.2.0_4120/ide/plugins/com.nxp.mcuxpresso.tools.macosx_11.2.0.202001021529/tools/bin/../lib/gcc/arm-none-eabi/9.2.1/../../../../arm-none-eabi/lib/thumb/v6-m/nofp/libcr_semihost_nf.a(_cr__main.o)
 .ARM.attributes
                0x000000000000031e       0x2c /Applications/MCUXpressoIDE_11.2.0_4120/ide/plugins/com.nxp.mcuxpresso.tools.macosx_11.2.0.202001021529/tools/bin/../lib/gcc/arm-none-eabi/9.2.1/../../../../arm-none-eabi/lib/thumb/v6-m/nofp/libcr_semihost_nf.a(_cr_assert.o)
 .ARM.attributes
                0x000000000000034a       0x31 /Applications/MCUXpressoIDE_11.2.0_4120/ide/plugins/com.nxp.mcuxpresso.tools.macosx_11.2.0.202001021529/tools/bin/../lib/gcc/arm-none-eabi/9.2.1/../../../../arm-none-eabi/lib/thumb/v6-m/nofp/libcr_semihost_nf.a(__ciob.o)
 .ARM.attributes
                0x000000000000037b       0x1c /Applications/MCUXpressoIDE_11.2.0_4120/ide/plugins/com.nxp.mcuxpresso.tools.macosx_11.2.0.202001021529/tools/bin/../lib/gcc/arm-none-eabi/9.2.1/../../../../arm-none-eabi/lib/thumb/v6-m/nofp/libcr_semihost_nf.a(__sys_appexit.o)
 .ARM.attributes
                0x0000000000000397       0x2c /Applications/MCUXpressoIDE_11.2.0_4120/ide/plugins/com.nxp.mcuxpresso.tools.macosx_11.2.0.202001021529/tools/bin/../lib/gcc/arm-none-eabi/9.2.1/../../../../arm-none-eabi/lib/thumb/v6-m/nofp/libcr_c.a(memset.o)
 .ARM.attributes
                0x00000000000003c3       0x2c /Applications/MCUXpressoIDE_11.2.0_4120/ide/plugins/com.nxp.mcuxpresso.tools.macosx_11.2.0.202001021529/tools/bin/../lib/gcc/arm-none-eabi/9.2.1/../../../../arm-none-eabi/lib/thumb/v6-m/nofp/libcr_c.a(_deferredlazyseek.o)
 .ARM.attributes
                0x00000000000003ef       0x2c /Applications/MCUXpressoIDE_11.2.0_4120/ide/plugins/com.nxp.mcuxpresso.tools.macosx_11.2.0.202001021529/tools/bin/../lib/gcc/arm-none-eabi/9.2.1/../../../../arm-none-eabi/lib/thumb/v6-m/nofp/libcr_c.a(_fflush.o)
 .ARM.attributes
                0x000000000000041b       0x2c /Applications/MCUXpressoIDE_11.2.0_4120/ide/plugins/com.nxp.mcuxpresso.tools.macosx_11.2.0.202001021529/tools/bin/../lib/gcc/arm-none-eabi/9.2.1/../../../../arm-none-eabi/lib/thumb/v6-m/nofp/libcr_c.a(_writebuf.o)
 .ARM.attributes
                0x0000000000000447       0x2c /Applications/MCUXpressoIDE_11.2.0_4120/ide/plugins/com.nxp.mcuxpresso.tools.macosx_11.2.0.202001021529/tools/bin/../lib/gcc/arm-none-eabi/9.2.1/../../../../arm-none-eabi/lib/thumb/v6-m/nofp/libcr_c.a(alloc.o)
 .ARM.attributes
                0x0000000000000473       0x2c /Applications/MCUXpressoIDE_11.2.0_4120/ide/plugins/com.nxp.mcuxpresso.tools.macosx_11.2.0.202001021529/tools/bin/../lib/gcc/arm-none-eabi/9.2.1/../../../../arm-none-eabi/lib/thumb/v6-m/nofp/libcr_c.a(fputs.o)
 .ARM.attributes
                0x000000000000049f       0x2c /Applications/MCUXpressoIDE_11.2.0_4120/ide/plugins/com.nxp.mcuxpresso.tools.macosx_11.2.0.202001021529/tools/bin/../lib/gcc/arm-none-eabi/9.2.1/../../../../arm-none-eabi/lib/thumb/v6-m/nofp/libcr_c.a(fseek.o)
 .ARM.attributes
                0x00000000000004cb       0x2c /Applications/MCUXpressoIDE_11.2.0_4120/ide/plugins/com.nxp.mcuxpresso.tools.macosx_11.2.0.202001021529/tools/bin/../lib/gcc/arm-none-eabi/9.2.1/../../../../arm-none-eabi/lib/thumb/v6-m/nofp/libcr_c.a(ftell.o)
 .ARM.attributes
                0x00000000000004f7       0x2c /Applications/MCUXpressoIDE_11.2.0_4120/ide/plugins/com.nxp.mcuxpresso.tools.macosx_11.2.0.202001021529/tools/bin/../lib/gcc/arm-none-eabi/9.2.1/../../../../arm-none-eabi/lib/thumb/v6-m/nofp/libcr_c.a(initio.o)
 .ARM.attributes
                0x0000000000000523       0x2c /Applications/MCUXpressoIDE_11.2.0_4120/ide/plugins/com.nxp.mcuxpresso.tools.macosx_11.2.0.202001021529/tools/bin/../lib/gcc/arm-none-eabi/9.2.1/../../../../arm-none-eabi/lib/thumb/v6-m/nofp/libcr_c.a(printf.o)
 .ARM.attributes
                0x000000000000054f       0x2c /Applications/MCUXpressoIDE_11.2.0_4120/ide/plugins/com.nxp.mcuxpresso.tools.macosx_11.2.0.202001021529/tools/bin/../lib/gcc/arm-none-eabi/9.2.1/../../../../arm-none-eabi/lib/thumb/v6-m/nofp/libcr_c.a(setvbuf.o)
 .ARM.attributes
                0x000000000000057b       0x2c /Applications/MCUXpressoIDE_11.2.0_4120/ide/plugins/com.nxp.mcuxpresso.tools.macosx_11.2.0.202001021529/tools/bin/../lib/gcc/arm-none-eabi/9.2.1/../../../../arm-none-eabi/lib/thumb/v6-m/nofp/libcr_c.a(strlen.o)
 .ARM.attributes
                0x00000000000005a7       0x2c /Applications/MCUXpressoIDE_11.2.0_4120/ide/plugins/com.nxp.mcuxpresso.tools.macosx_11.2.0.202001021529/tools/bin/../lib/gcc/arm-none-eabi/9.2.1/../../../../arm-none-eabi/lib/thumb/v6-m/nofp/libcr_c.a(__init_alloc.o)
 .ARM.attributes
                0x00000000000005d3       0x2c /Applications/MCUXpressoIDE_11.2.0_4120/ide/plugins/com.nxp.mcuxpresso.tools.macosx_11.2.0.202001021529/tools/bin/../lib/gcc/arm-none-eabi/9.2.1/../../../../arm-none-eabi/lib/thumb/v6-m/nofp/libcr_c.a(_cr_sbrk.o)
 .ARM.attributes
                0x00000000000005ff       0x2c /Applications/MCUXpressoIDE_11.2.0_4120/ide/plugins/com.nxp.mcuxpresso.tools.macosx_11.2.0.202001021529/tools/bin/../lib/gcc/arm-none-eabi/9.2.1/../../../../arm-none-eabi/lib/thumb/v6-m/nofp/libcr_c.a(_fdopen.o)
 .ARM.attributes
                0x000000000000062b       0x31 /Applications/MCUXpressoIDE_11.2.0_4120/ide/plugins/com.nxp.mcuxpresso.tools.macosx_11.2.0.202001021529/tools/bin/../lib/gcc/arm-none-eabi/9.2.1/../../../../arm-none-eabi/lib/thumb/v6-m/nofp/libcr_c.a(errno.o)
 .ARM.attributes
                0x000000000000065c       0x2c /Applications/MCUXpressoIDE_11.2.0_4120/ide/plugins/com.nxp.mcuxpresso.tools.macosx_11.2.0.202001021529/tools/bin/../lib/gcc/arm-none-eabi/9.2.1/../../../../arm-none-eabi/lib/thumb/v6-m/nofp/libcr_c.a(fclose.o)
 .ARM.attributes
                0x0000000000000688       0x2c /Applications/MCUXpressoIDE_11.2.0_4120/ide/plugins/com.nxp.mcuxpresso.tools.macosx_11.2.0.202001021529/tools/bin/../lib/gcc/arm-none-eabi/9.2.1/../../../../arm-none-eabi/lib/thumb/v6-m/nofp/libcr_c.a(fflush.o)
 .ARM.attributes
                0x00000000000006b4       0x2c /Applications/MCUXpressoIDE_11.2.0_4120/ide/plugins/com.nxp.mcuxpresso.tools.macosx_11.2.0.202001021529/tools/bin/../lib/gcc/arm-none-eabi/9.2.1/../../../../arm-none-eabi/lib/thumb/v6-m/nofp/libcr_c.a(remove.o)
 .ARM.attributes
                0x00000000000006e0       0x2c /Applications/MCUXpressoIDE_11.2.0_4120/ide/plugins/com.nxp.mcuxpresso.tools.macosx_11.2.0.202001021529/tools/bin/../lib/gcc/arm-none-eabi/9.2.1/../../../../arm-none-eabi/lib/thumb/v6-m/nofp/libcr_c.a(_cr_check_heap.o)
 .ARM.attributes
                0x000000000000070c       0x2c /Applications/MCUXpressoIDE_11.2.0_4120/ide/plugins/com.nxp.mcuxpresso.tools.macosx_11.2.0.202001021529/tools/bin/../lib/gcc/arm-none-eabi/9.2.1/../../../../arm-none-eabi/lib/thumb/v6-m/nofp/libcr_c.a(_do_fflush.o)
 .ARM.attributes
                0x0000000000000738       0x1c /Applications/MCUXpressoIDE_11.2.0_4120/ide/plugins/com.nxp.mcuxpresso.tools.macosx_11.2.0.202001021529/tools/bin/../lib/gcc/arm-none-eabi/9.2.1/thumb/v6-m/nofp/libcr_eabihelpers.a(division_32.o)
 .ARM.attributes
                0x0000000000000754       0x1c /Applications/MCUXpressoIDE_11.2.0_4120/ide/plugins/com.nxp.mcuxpresso.tools.macosx_11.2.0.202001021529/tools/bin/../lib/gcc/arm-none-eabi/9.2.1/thumb/v6-m/nofp/libcr_eabihelpers.a(division_idiv0.o)
 .ARM.attributes
                0x0000000000000770       0x1c /Applications/MCUXpressoIDE_11.2.0_4120/ide/plugins/com.nxp.mcuxpresso.tools.macosx_11.2.0.202001021529/tools/bin/../lib/gcc/arm-none-eabi/9.2.1/thumb/v6-m/nofp/libcr_eabihelpers.a(llong.o)
 .ARM.attributes
                0x000000000000078c       0x1c /Applications/MCUXpressoIDE_11.2.0_4120/ide/plugins/com.nxp.mcuxpresso.tools.macosx_11.2.0.202001021529/tools/bin/../lib/gcc/arm-none-eabi/9.2.1/thumb/v6-m/nofp/libcr_eabihelpers.a(memcpy.o)
 .ARM.attributes
                0x00000000000007a8       0x1c /Applications/MCUXpressoIDE_11.2.0_4120/ide/plugins/com.nxp.mcuxpresso.tools.macosx_11.2.0.202001021529/tools/bin/../lib/gcc/arm-none-eabi/9.2.1/thumb/v6-m/nofp/libcr_eabihelpers.a(thumb1_switch_helpers.o)
 .ARM.attributes
                0x00000000000007c4       0x1c /Applications/MCUXpressoIDE_11.2.0_4120/ide/plugins/com.nxp.mcuxpresso.tools.macosx_11.2.0.202001021529/tools/bin/../lib/gcc/arm-none-eabi/9.2.1/../../../../arm-none-eabi/lib/thumb/v6-m/nofp/libcr_semihost_nf.a(__sys_close.o)
 .ARM.attributes
                0x00000000000007e0       0x1c /Applications/MCUXpressoIDE_11.2.0_4120/ide/plugins/com.nxp.mcuxpresso.tools.macosx_11.2.0.202001021529/tools/bin/../lib/gcc/arm-none-eabi/9.2.1/../../../../arm-none-eabi/lib/thumb/v6-m/nofp/libcr_semihost_nf.a(__sys_flen.o)
 .ARM.attributes
                0x00000000000007fc       0x1c /Applications/MCUXpressoIDE_11.2.0_4120/ide/plugins/com.nxp.mcuxpresso.tools.macosx_11.2.0.202001021529/tools/bin/../lib/gcc/arm-none-eabi/9.2.1/../../../../arm-none-eabi/lib/thumb/v6-m/nofp/libcr_semihost_nf.a(__sys_istty.o)
 .ARM.attributes
                0x0000000000000818       0x1c /Applications/MCUXpressoIDE_11.2.0_4120/ide/plugins/com.nxp.mcuxpresso.tools.macosx_11.2.0.202001021529/tools/bin/../lib/gcc/arm-none-eabi/9.2.1/../../../../arm-none-eabi/lib/thumb/v6-m/nofp/libcr_semihost_nf.a(__sys_remove.o)
 .ARM.attributes
                0x0000000000000834       0x1c /Applications/MCUXpressoIDE_11.2.0_4120/ide/plugins/com.nxp.mcuxpresso.tools.macosx_11.2.0.202001021529/tools/bin/../lib/gcc/arm-none-eabi/9.2.1/../../../../arm-none-eabi/lib/thumb/v6-m/nofp/libcr_semihost_nf.a(__sys_seek.o)
 .ARM.attributes
                0x0000000000000850       0x1c /Applications/MCUXpressoIDE_11.2.0_4120/ide/plugins/com.nxp.mcuxpresso.tools.macosx_11.2.0.202001021529/tools/bin/../lib/gcc/arm-none-eabi/9.2.1/../../../../arm-none-eabi/lib/thumb/v6-m/nofp/libcr_semihost_nf.a(__sys_tmpnam.o)
 .ARM.attributes
                0x000000000000086c       0x1c /Applications/MCUXpressoIDE_11.2.0_4120/ide/plugins/com.nxp.mcuxpresso.tools.macosx_11.2.0.202001021529/tools/bin/../lib/gcc/arm-none-eabi/9.2.1/../../../../arm-none-eabi/lib/thumb/v6-m/nofp/libcr_semihost_nf.a(__sys_write.o)

.debug_frame    0x0000000000000000     0x1d50
 .debug_frame   0x0000000000000000       0xec ./utilities/fsl_debug_console.o
 .debug_frame   0x00000000000000ec      0x3b0 ./startup/startup_mkl27z644.o
 .debug_frame   0x000000000000049c      0x154 ./source/basic.o
 .debug_frame   0x00000000000005f0      0x2fc ./source/bmp280.o
 .debug_frame   0x00000000000008ec       0x20 ./source/semihost_hardfault.o
 .debug_frame   0x000000000000090c      0x300 ./drivers/fsl_clock.o
 .debug_frame   0x0000000000000c0c      0x58c ./drivers/fsl_i2c.o
 .debug_frame   0x0000000000001198      0x42c ./drivers/fsl_lpuart.o
 .debug_frame   0x00000000000015c4       0x68 ./device/system_MKL27Z644.o
 .debug_frame   0x000000000000162c       0xb0 ./component/uart/lpuart_adapter.o
 .debug_frame   0x00000000000016dc      0x1d0 ./component/serial_manager/serial_manager.o
 .debug_frame   0x00000000000018ac       0x90 ./component/serial_manager/serial_port_uart.o
 .debug_frame   0x000000000000193c       0x50 ./board/boards/board.o
 .debug_frame   0x000000000000198c      0x1a0 ./board/boards/clock_config.o
 .debug_frame   0x0000000000001b2c       0x64 ./board/boards/peripherals.o
 .debug_frame   0x0000000000001b90      0x1c0 ./board/boards/pin_mux.o

Cross Reference Table

Symbol                                            File
ADC0_DriverIRQHandler                             ./startup/startup_mkl27z644.o
ADC0_IRQHandler                                   ./startup/startup_mkl27z644.o
BOARD_BootClockRUN                                ./board/boards/clock_config.o
BOARD_BootClockVLPR                               ./board/boards/clock_config.o
BOARD_InitACCEL_I2CPins                           ./board/boards/pin_mux.o
BOARD_InitBootClocks                              ./board/boards/clock_config.o
                                                  ./source/basic.o
BOARD_InitBootPeripherals                         ./board/boards/peripherals.o
                                                  ./source/basic.o
BOARD_InitBootPins                                ./board/boards/pin_mux.o
                                                  ./source/basic.o
BOARD_InitButtonsPins                             ./board/boards/pin_mux.o
BOARD_InitDEBUG_UARTPins                          ./board/boards/pin_mux.o
BOARD_InitDebugConsole                            ./board/boards/board.o
                                                  ./source/basic.o
BOARD_InitLEDsPins                                ./board/boards/pin_mux.o
BOARD_InitMAGNET_I2CPins                          ./board/boards/pin_mux.o
BOARD_InitOSCPins                                 ./board/boards/pin_mux.o
BOARD_InitPeripherals                             ./board/boards/peripherals.o
BOARD_InitPins                                    ./board/boards/pin_mux.o
BOARD_InitTHERPins                                ./board/boards/pin_mux.o
BOARD_InitTSIPins                                 ./board/boards/pin_mux.o
BOARD_InitUSBPins                                 ./board/boards/pin_mux.o
CLOCK_DeinitOsc0                                  ./drivers/fsl_clock.o
CLOCK_EnableUsbfs0Clock                           ./drivers/fsl_clock.o
                                                  ./board/boards/clock_config.o
CLOCK_GetBusClkFreq                               ./drivers/fsl_clock.o
CLOCK_GetCoreSysClkFreq                           ./drivers/fsl_clock.o
CLOCK_GetEr32kClkFreq                             ./drivers/fsl_clock.o
CLOCK_GetFlashClkFreq                             ./drivers/fsl_clock.o
CLOCK_GetFreq                                     ./drivers/fsl_clock.o
                                                  ./board/boards/peripherals.o
CLOCK_GetInternalRefClkFreq                       ./drivers/fsl_clock.o
CLOCK_GetMode                                     ./drivers/fsl_clock.o
CLOCK_GetOsc0ErClkFreq                            ./drivers/fsl_clock.o
CLOCK_GetOutClkFreq                               ./drivers/fsl_clock.o
CLOCK_GetPeriphClkFreq                            ./drivers/fsl_clock.o
                                                  ./board/boards/board.o
CLOCK_GetPlatClkFreq                              ./drivers/fsl_clock.o
CLOCK_InitOsc0                                    ./drivers/fsl_clock.o
                                                  ./board/boards/clock_config.o
CLOCK_SetMcgliteConfig                            ./drivers/fsl_clock.o
                                                  ./board/boards/clock_config.o
CLOCK_SetSimConfig                                ./drivers/fsl_clock.o
                                                  ./board/boards/clock_config.o
CMP0_DriverIRQHandler                             ./startup/startup_mkl27z644.o
CMP0_IRQHandler                                   ./startup/startup_mkl27z644.o
DMA0_DriverIRQHandler                             ./startup/startup_mkl27z644.o
DMA0_IRQHandler                                   ./startup/startup_mkl27z644.o
DMA1_DriverIRQHandler                             ./startup/startup_mkl27z644.o
DMA1_IRQHandler                                   ./startup/startup_mkl27z644.o
DMA2_DriverIRQHandler                             ./startup/startup_mkl27z644.o
DMA2_IRQHandler                                   ./startup/startup_mkl27z644.o
DMA3_DriverIRQHandler                             ./startup/startup_mkl27z644.o
DMA3_IRQHandler                                   ./startup/startup_mkl27z644.o
DbgConsole_Deinit                                 ./utilities/fsl_debug_console.o
DbgConsole_Init                                   ./utilities/fsl_debug_console.o
                                                  ./board/boards/board.o
DbgConsole_ReadCharacter                          ./utilities/fsl_debug_console.o
DbgConsole_ReadLine                               ./utilities/fsl_debug_console.o
DbgConsole_ReadOneCharacter                       ./utilities/fsl_debug_console.o
DbgConsole_SendData                               ./utilities/fsl_debug_console.o
DbgConsole_SendDataReliable                       ./utilities/fsl_debug_console.o
FGPIO_PinInit                                     ./drivers/fsl_gpio.o
FGPIO_PortClearInterruptFlags                     ./drivers/fsl_gpio.o
FGPIO_PortGetInterruptFlags                       ./drivers/fsl_gpio.o
FTFA_DriverIRQHandler                             ./startup/startup_mkl27z644.o
FTFA_IRQHandler                                   ./startup/startup_mkl27z644.o
Flash_Config                                      ./startup/startup_mkl27z644.o
GPIO_PinInit                                      ./drivers/fsl_gpio.o
                                                  ./board/boards/pin_mux.o
GPIO_PortClearInterruptFlags                      ./drivers/fsl_gpio.o
GPIO_PortGetInterruptFlags                        ./drivers/fsl_gpio.o
HAL_UartDeinit                                    ./component/uart/lpuart_adapter.o
                                                  ./component/serial_manager/serial_port_uart.o
HAL_UartInit                                      ./component/uart/lpuart_adapter.o
                                                  ./component/serial_manager/serial_port_uart.o
HAL_UartReceiveBlocking                           ./component/uart/lpuart_adapter.o
                                                  ./component/serial_manager/serial_port_uart.o
HAL_UartSendBlocking                              ./component/uart/lpuart_adapter.o
                                                  ./component/serial_manager/serial_port_uart.o
HardFault_Handler                                 ./source/semihost_hardfault.o
                                                  ./startup/startup_mkl27z644.o
I2C0_DriverIRQHandler                             ./drivers/fsl_i2c.o
                                                  ./startup/startup_mkl27z644.o
I2C0_IRQHandler                                   ./startup/startup_mkl27z644.o
I2C0_config                                       ./board/boards/peripherals.o
I2C1_DriverIRQHandler                             ./drivers/fsl_i2c.o
                                                  ./startup/startup_mkl27z644.o
I2C1_IRQHandler                                   ./startup/startup_mkl27z644.o
I2C_DisableInterrupts                             ./drivers/fsl_i2c.o
I2C_EnableInterrupts                              ./drivers/fsl_i2c.o
I2C_GetInstance                                   ./drivers/fsl_i2c.o
I2C_MasterDeinit                                  ./drivers/fsl_i2c.o
I2C_MasterGetDefaultConfig                        ./drivers/fsl_i2c.o
I2C_MasterGetStatusFlags                          ./drivers/fsl_i2c.o
I2C_MasterInit                                    ./drivers/fsl_i2c.o
                                                  ./board/boards/peripherals.o
I2C_MasterReadBlocking                            ./drivers/fsl_i2c.o
I2C_MasterRepeatedStart                           ./drivers/fsl_i2c.o
I2C_MasterSetBaudRate                             ./drivers/fsl_i2c.o
I2C_MasterStart                                   ./drivers/fsl_i2c.o
I2C_MasterStop                                    ./drivers/fsl_i2c.o
I2C_MasterTransferAbort                           ./drivers/fsl_i2c.o
I2C_MasterTransferBlocking                        ./drivers/fsl_i2c.o
                                                  ./source/basic.o
I2C_MasterTransferCreateHandle                    ./drivers/fsl_i2c.o
I2C_MasterTransferGetCount                        ./drivers/fsl_i2c.o
I2C_MasterTransferHandleIRQ                       ./drivers/fsl_i2c.o
I2C_MasterTransferNonBlocking                     ./drivers/fsl_i2c.o
I2C_MasterWriteBlocking                           ./drivers/fsl_i2c.o