Archive member included to satisfy reference by file (symbol)

c:/nxp/mcuxpressoide_11.8.1_1197/ide/plugins/com.nxp.mcuxpresso.tools.win32_11.8.1.202308071233/tools/bin/../lib/gcc/arm-none-eabi/12.2.1/../../../../arm-none-eabi/lib/thumb/v6-m/nofp\libcr_semihost_nf.a(_cr__main.o)
                              ./startup/startup_mkl27z644.o (__main)
c:/nxp/mcuxpressoide_11.8.1_1197/ide/plugins/com.nxp.mcuxpresso.tools.win32_11.8.1.202308071233/tools/bin/../lib/gcc/arm-none-eabi/12.2.1/../../../../arm-none-eabi/lib/thumb/v6-m/nofp\libcr_semihost_nf.a(_cr_assert.o)
                              ./utilities/fsl_debug_console.o (__assertion_failed)
c:/nxp/mcuxpressoide_11.8.1_1197/ide/plugins/com.nxp.mcuxpresso.tools.win32_11.8.1.202308071233/tools/bin/../lib/gcc/arm-none-eabi/12.2.1/../../../../arm-none-eabi/lib/thumb/v6-m/nofp\libcr_semihost_nf.a(__ciob.o)
                              c:/nxp/mcuxpressoide_11.8.1_1197/ide/plugins/com.nxp.mcuxpresso.tools.win32_11.8.1.202308071233/tools/bin/../lib/gcc/arm-none-eabi/12.2.1/../../../../arm-none-eabi/lib/thumb/v6-m/nofp\libcr_semihost_nf.a(_cr_assert.o) (__Ciob)
c:/nxp/mcuxpressoide_11.8.1_1197/ide/plugins/com.nxp.mcuxpresso.tools.win32_11.8.1.202308071233/tools/bin/../lib/gcc/arm-none-eabi/12.2.1/../../../../arm-none-eabi/lib/thumb/v6-m/nofp\libcr_semihost_nf.a(__sys_appexit.o)
                              c:/nxp/mcuxpressoide_11.8.1_1197/ide/plugins/com.nxp.mcuxpresso.tools.win32_11.8.1.202308071233/tools/bin/../lib/gcc/arm-none-eabi/12.2.1/../../../../arm-none-eabi/lib/thumb/v6-m/nofp\libcr_semihost_nf.a(_cr_assert.o) (__sys_appexit)
c:/nxp/mcuxpressoide_11.8.1_1197/ide/plugins/com.nxp.mcuxpresso.tools.win32_11.8.1.202308071233/tools/bin/../lib/gcc/arm-none-eabi/12.2.1/../../../../arm-none-eabi/lib/thumb/v6-m/nofp\libcr_c.a(memset.o)
                              ./utilities/fsl_debug_console.o (memset)
c:/nxp/mcuxpressoide_11.8.1_1197/ide/plugins/com.nxp.mcuxpresso.tools.win32_11.8.1.202308071233/tools/bin/../lib/gcc/arm-none-eabi/12.2.1/../../../../arm-none-eabi/lib/thumb/v6-m/nofp\libcr_c.a(_deferredlazyseek.o)
                              c:/nxp/mcuxpressoide_11.8.1_1197/ide/plugins/com.nxp.mcuxpresso.tools.win32_11.8.1.202308071233/tools/bin/../lib/gcc/arm-none-eabi/12.2.1/../../../../arm-none-eabi/lib/thumb/v6-m/nofp\libcr_semihost_nf.a(_cr_assert.o) (__flsbuf)
c:/nxp/mcuxpressoide_11.8.1_1197/ide/plugins/com.nxp.mcuxpresso.tools.win32_11.8.1.202308071233/tools/bin/../lib/gcc/arm-none-eabi/12.2.1/../../../../arm-none-eabi/lib/thumb/v6-m/nofp\libcr_c.a(_fflush.o)
                              c:/nxp/mcuxpressoide_11.8.1_1197/ide/plugins/com.nxp.mcuxpresso.tools.win32_11.8.1.202308071233/tools/bin/../lib/gcc/arm-none-eabi/12.2.1/../../../../arm-none-eabi/lib/thumb/v6-m/nofp\libcr_c.a(_deferredlazyseek.o) (_fflush)
c:/nxp/mcuxpressoide_11.8.1_1197/ide/plugins/com.nxp.mcuxpresso.tools.win32_11.8.1.202308071233/tools/bin/../lib/gcc/arm-none-eabi/12.2.1/../../../../arm-none-eabi/lib/thumb/v6-m/nofp\libcr_c.a(_writebuf.o)
                              c:/nxp/mcuxpressoide_11.8.1_1197/ide/plugins/com.nxp.mcuxpresso.tools.win32_11.8.1.202308071233/tools/bin/../lib/gcc/arm-none-eabi/12.2.1/../../../../arm-none-eabi/lib/thumb/v6-m/nofp\libcr_c.a(_deferredlazyseek.o) (_Cwritebuf)
c:/nxp/mcuxpressoide_11.8.1_1197/ide/plugins/com.nxp.mcuxpresso.tools.win32_11.8.1.202308071233/tools/bin/../lib/gcc/arm-none-eabi/12.2.1/../../../../arm-none-eabi/lib/thumb/v6-m/nofp\libcr_c.a(alloc.o)
                              ./drivers/fsl_common.o (malloc)
c:/nxp/mcuxpressoide_11.8.1_1197/ide/plugins/com.nxp.mcuxpresso.tools.win32_11.8.1.202308071233/tools/bin/../lib/gcc/arm-none-eabi/12.2.1/../../../../arm-none-eabi/lib/thumb/v6-m/nofp\libcr_c.a(fputs.o)
                              c:/nxp/mcuxpressoide_11.8.1_1197/ide/plugins/com.nxp.mcuxpresso.tools.win32_11.8.1.202308071233/tools/bin/../lib/gcc/arm-none-eabi/12.2.1/../../../../arm-none-eabi/lib/thumb/v6-m/nofp\libcr_semihost_nf.a(_cr_assert.o) (fputs)
c:/nxp/mcuxpressoide_11.8.1_1197/ide/plugins/com.nxp.mcuxpresso.tools.win32_11.8.1.202308071233/tools/bin/../lib/gcc/arm-none-eabi/12.2.1/../../../../arm-none-eabi/lib/thumb/v6-m/nofp\libcr_c.a(fseek.o)
                              c:/nxp/mcuxpressoide_11.8.1_1197/ide/plugins/com.nxp.mcuxpresso.tools.win32_11.8.1.202308071233/tools/bin/../lib/gcc/arm-none-eabi/12.2.1/../../../../arm-none-eabi/lib/thumb/v6-m/nofp\libcr_c.a(_deferredlazyseek.o) (fseek)
c:/nxp/mcuxpressoide_11.8.1_1197/ide/plugins/com.nxp.mcuxpresso.tools.win32_11.8.1.202308071233/tools/bin/../lib/gcc/arm-none-eabi/12.2.1/../../../../arm-none-eabi/lib/thumb/v6-m/nofp\libcr_c.a(ftell.o)
                              c:/nxp/mcuxpressoide_11.8.1_1197/ide/plugins/com.nxp.mcuxpresso.tools.win32_11.8.1.202308071233/tools/bin/../lib/gcc/arm-none-eabi/12.2.1/../../../../arm-none-eabi/lib/thumb/v6-m/nofp\libcr_c.a(fseek.o) (ftell)
[...]
Memory Configuration

Name             Origin             Length             Attributes
PROGRAM_FLASH    0x00000000         0x00010000         xr
SRAM             0x1ffff000         0x00004000         xrw
USB_RAM          0x400fe000         0x00000200         xrw
*default*        0x00000000         0xffffffff

Linker script and memory map

LOAD ./utilities/fsl_debug_console.o
LOAD ./utilities/fsl_str.o
LOAD ./startup/startup_mkl27z644.o
LOAD ./source/bmp180.o
LOAD ./source/mtb.o
LOAD ./source/semihost_hardfault.o
LOAD ./source/temperature.o
LOAD ./drivers/fsl_clock.o
LOAD ./drivers/fsl_common.o
LOAD ./drivers/fsl_gpio.o
LOAD ./drivers/fsl_i2c.o
LOAD ./drivers/fsl_lpuart.o
LOAD ./drivers/fsl_smc.o
LOAD ./drivers/fsl_uart.o
LOAD ./device/system_MKL27Z644.o
LOAD ./component/uart/lpuart_adapter.o
LOAD ./component/serial_manager/serial_manager.o
LOAD ./component/serial_manager/serial_port_uart.o
LOAD ./component/lists/generic_list.o
LOAD ./board/boards/board.o
LOAD ./board/boards/clock_config.o
LOAD ./board/boards/peripherals.o
LOAD ./board/boards/pin_mux.o
START GROUP
LOAD c:/nxp/mcuxpressoide_11.8.1_1197/ide/plugins/com.nxp.mcuxpresso.tools.win32_11.8.1.202308071233/tools/bin/../lib/gcc/arm-none-eabi/12.2.1/../../../../arm-none-eabi/lib/thumb/v6-m/nofp\libcr_semihost_nf.a
LOAD c:/nxp/mcuxpressoide_11.8.1_1197/ide/plugins/com.nxp.mcuxpresso.tools.win32_11.8.1.202308071233/tools/bin/../lib/gcc/arm-none-eabi/12.2.1/../../../../arm-none-eabi/lib/thumb/v6-m/nofp\libcr_c.a
LOAD c:/nxp/mcuxpressoide_11.8.1_1197/ide/plugins/com.nxp.mcuxpresso.tools.win32_11.8.1.202308071233/tools/bin/../lib/gcc/arm-none-eabi/12.2.1/thumb/v6-m/nofp\libcr_eabihelpers.a
LOAD c:/nxp/mcuxpressoide_11.8.1_1197/ide/plugins/com.nxp.mcuxpresso.tools.win32_11.8.1.202308071233/tools/bin/../lib/gcc/arm-none-eabi/12.2.1/thumb/v6-m/nofp\libgcc.a
END GROUP
                0x00000000                __base_PROGRAM_FLASH = 0x0
                0x00000000                __base_Flash = 0x0
                0x00010000                __top_PROGRAM_FLASH = 0x10000
                0x00010000                __top_Flash = 0x10000
                0x1ffff000                __base_SRAM = 0x1ffff000
                0x1ffff000                __base_RAM = 0x1ffff000
                0x20003000                __top_SRAM = 0x20003000
                0x20003000                __top_RAM = 0x20003000
                0x400fe000                __base_USB_RAM = 0x400fe000
                0x400fe000                __base_RAM2 = 0x400fe000
                0x400fe200                __top_USB_RAM = 0x400fe200
                0x400fe200                __top_RAM2 = 0x400fe200

.text           0x00000000     0x48d8
 FILL mask 0xff
                0x00000000                __vectors_start__ = ABSOLUTE (.)
 *(SORT_BY_ALIGNMENT(.isr_vector))
 .isr_vector    0x00000000       0xc0 ./startup/startup_mkl27z644.o
                0x00000000                g_pfnVectors
                0x00000000                __Vectors
                0x000000c0                . = ALIGN (0x4)
                0x000000c0                __section_table_start = .
                0x000000c0                __data_section_table = .
                0x000000c0        0x4 LONG 0x48d8 LOADADDR (.data)
                0x000000c4        0x4 LONG 0x1ffff080 ADDR (.data)
                0x000000c8        0x4 LONG 0x4 SIZEOF (.data)
                0x000000cc        0x4 LONG 0x48d8 LOADADDR (.data_RAM2)
                0x000000d0        0x4 LONG 0x400fe000 ADDR (.data_RAM2)
                0x000000d4        0x4 LONG 0x0 SIZEOF (.data_RAM2)
                0x000000d8                __data_section_table_end = .
                0x000000d8                __bss_section_table = .
                0x000000d8        0x4 LONG 0x1ffff084 ADDR (.bss)
                0x000000dc        0x4 LONG 0x140 SIZEOF (.bss)
                0x000000e0        0x4 LONG 0x400fe000 ADDR (.bss_RAM2)
                0x000000e4        0x4 LONG 0x0 SIZEOF (.bss_RAM2)
                0x000000e8                __bss_section_table_end = .
                0x000000e8                __section_table_end = .
 *(SORT_BY_ALIGNMENT(.after_vectors*))
 .after_vectors.reset
                0x000000e8       0x4c ./startup/startup_mkl27z644.o
                0x000000e8                ResetISR
 .after_vectors.init_data
                0x00000134       0x12 ./startup/startup_mkl27z644.o
                0x00000134                data_init
 .after_vectors.init_bss
                0x00000146       0x10 ./startup/startup_mkl27z644.o
                0x00000146                bss_init
 .after_vectors
                0x00000156      0x10c ./startup/startup_mkl27z644.o
                0x00000156                NMI_Handler
                0x0000015a                SVC_Handler
                0x0000015c                PendSV_Handler
                0x00000160                DMA0_DriverIRQHandler
                0x00000160                PIT_DriverIRQHandler
                0x00000160                SPI1_DriverIRQHandler
                0x00000160                LPTMR0_DriverIRQHandler
                0x00000160                Reserved43_DriverIRQHandler
                0x00000160                Reserved42_DriverIRQHandler
                0x00000160                Reserved39_DriverIRQHandler
                0x00000160                DMA2_DriverIRQHandler
                0x00000160                CMP0_DriverIRQHandler
                0x00000160                TPM2_DriverIRQHandler
                0x00000160                ADC0_DriverIRQHandler
                0x00000160                SPI0_DriverIRQHandler
                0x00000160                RTC_Seconds_DriverIRQHandler
                0x00000160                LLWU_DriverIRQHandler
                0x00000160                Reserved45_DriverIRQHandler
                0x00000160                DMA1_DriverIRQHandler
                0x00000160                PMC_DriverIRQHandler
                0x00000160                PORTB_PORTC_PORTD_PORTE_DriverIRQHandler
                0x00000160                RTC_DriverIRQHandler
                0x00000160                FTFA_DriverIRQHandler
                0x00000160                IntDefaultHandler
                0x00000160                USB0_DriverIRQHandler
                0x00000160                Reserved41_DriverIRQHandler
                0x00000160                TPM0_DriverIRQHandler
                0x00000160                TPM1_DriverIRQHandler
                0x00000160                PORTA_DriverIRQHandler
                0x00000160                UART2_FLEXIO_DriverIRQHandler
                0x00000160                Reserved20_DriverIRQHandler
                0x00000160                DMA3_DriverIRQHandler
                0x00000162                DMA0_IRQHandler
                0x0000016a                DMA1_IRQHandler
                0x00000172                DMA2_IRQHandler
                0x0000017a                DMA3_IRQHandler
                0x00000182                Reserved20_IRQHandler
                0x0000018a                FTFA_IRQHandler
                0x00000192                PMC_IRQHandler
                0x0000019a                LLWU_IRQHandler
                0x000001a2                I2C0_IRQHandler
                0x000001aa                I2C1_IRQHandler
                0x000001b2                SPI0_IRQHandler
                0x000001ba                SPI1_IRQHandler
                0x000001c2                LPUART0_IRQHandler
                0x000001ca                LPUART1_IRQHandler
                0x000001d2                UART2_FLEXIO_IRQHandler
                0x000001da                ADC0_IRQHandler
                0x000001e2                CMP0_IRQHandler
                0x000001ea                TPM0_IRQHandler
                0x000001f2                TPM1_IRQHandler
                0x000001fa                TPM2_IRQHandler
                0x00000202                RTC_IRQHandler
                0x0000020a                RTC_Seconds_IRQHandler
                0x00000212                PIT_IRQHandler
                0x0000021a                Reserved39_IRQHandler
                0x00000222                USB0_IRQHandler
                0x0000022a                Reserved41_IRQHandler
                0x00000232                Reserved42_IRQHandler
                0x0000023a                Reserved43_IRQHandler
                0x00000242                LPTMR0_IRQHandler
                0x0000024a                Reserved45_IRQHandler
                0x00000252                PORTA_IRQHandler
                0x0000025a                PORTB_PORTC_PORTD_PORTE_IRQHandler
                0x00000400                . = 0x400
 *fill*         0x00000262      0x19e ff
                0x00000400                PROVIDE (__FLASH_CONFIG_START__ = .)
 *(SORT_BY_ALIGNMENT(.FlashConfig))
 .FlashConfig   0x00000400       0x10 ./startup/startup_mkl27z644.o
                0x00000400                Flash_Config
                0x00000410                PROVIDE (__FLASH_CONFIG_END__ = .)
                0x00000001                ASSERT (! ((__FLASH_CONFIG_START__ == __FLASH_CONFIG_END__)), Linker Flash Config Support Enabled, but no .FlashConfig section provided within application)
 *(SORT_BY_ALIGNMENT(.text*))
 .text.DbgConsole_Init
                0x00000410      0x13c ./utilities/fsl_debug_console.o
                0x00000410                DbgConsole_Init
 .text.bmp180_init
                0x0000054c       0xc8 ./source/bmp180.o
                0x0000054c                bmp180_init
 .text.bmp180_get_calib_param
                0x00000614      0x168 ./source/bmp180.o
                0x00000614                bmp180_get_calib_param
 .text.bmp180_get_temperature
                0x0000077c       0x94 ./source/bmp180.o
                0x0000077c                bmp180_get_temperature
 .text.bmp180_get_uncomp_temperature
                0x00000810       0xb4 ./source/bmp180.o
                0x00000810                bmp180_get_uncomp_temperature
 .text.HardFault_Handler
                0x000008c4       0x30 ./source/semihost_hardfault.o
                0x000008c4                HardFault_Handler
 .text.__NVIC_SetPriority
                0x000008f4       0xdc ./source/temperature.o
 .text.SysTick_Config
                0x000009d0       0x48 ./source/temperature.o
 .text.SysTick_Handler
                0x00000a18       0x20 ./source/temperature.o
                0x00000a18                SysTick_Handler
 .text.SysTick_DelayTicks
                0x00000a38       0x28 ./source/temperature.o
                0x00000a38                SysTick_DelayTicks
 .text.BMP180_I2C_bus_write
                0x00000a60      0x100 ./source/temperature.o
                0x00000a60                BMP180_I2C_bus_write
 .text.BMP180_I2C_bus_read
                0x00000b60      0x134 ./source/temperature.o
                0x00000b60                BMP180_I2C_bus_read
 .text.I2C_routine
                0x00000c94       0x34 ./source/temperature.o
                0x00000c94                I2C_routine
 .text.bmp180_data_read
                0x00000cc8       0x84 ./source/temperature.o
                0x00000cc8                bmp180_data_read
 .text.main     0x00000d4c       0x88 ./source/temperature.o
                0x00000d4c                main
 .text.CLOCK_EnableClock
                0x00000dd4       0x34 ./drivers/fsl_clock.o
 .text.CLOCK_DisableClock
                0x00000e08       0x38 ./drivers/fsl_clock.o
 .text.CLOCK_SetEr32kClock
                0x00000e40       0x34 ./drivers/fsl_clock.o
 .text.CLOCK_GetLircClkFreq
                0x00000e74       0x48 ./drivers/fsl_clock.o
 .text.CLOCK_GetOscRangeFromFreq
                0x00000ebc       0x4c ./drivers/fsl_clock.o
 .text.CLOCK_GetOsc0ErClkFreq
                0x00000f08       0x3c ./drivers/fsl_clock.o
                0x00000f08                CLOCK_GetOsc0ErClkFreq
 .text.CLOCK_GetEr32kClkFreq
                0x00000f44       0x78 ./drivers/fsl_clock.o
                0x00000f44                CLOCK_GetEr32kClkFreq
 .text.CLOCK_GetFreq
                0x00000fbc       0xc0 ./drivers/fsl_clock.o
                0x00000fbc                CLOCK_GetFreq
 .text.CLOCK_SetSimConfig
                0x0000107c       0x2c ./drivers/fsl_clock.o
                0x0000107c                CLOCK_SetSimConfig
 .text.CLOCK_EnableUsbfs0Clock
                0x000010a8       0x9c ./drivers/fsl_clock.o
                0x000010a8                CLOCK_EnableUsbfs0Clock
 .text.CLOCK_GetInternalRefClkFreq
                0x00001144       0x48 ./drivers/fsl_clock.o
                0x00001144                CLOCK_GetInternalRefClkFreq
 .text.CLOCK_GetPeriphClkFreq
                0x0000118c       0x34 ./drivers/fsl_clock.o
                0x0000118c                CLOCK_GetPeriphClkFreq
 .text.CLOCK_GetOutClkFreq
                0x000011c0       0x7c ./drivers/fsl_clock.o
                0x000011c0                CLOCK_GetOutClkFreq
 .text.CLOCK_SetMcgliteConfig
                0x0000123c      0x110 ./drivers/fsl_clock.o
                0x0000123c                CLOCK_SetMcgliteConfig
 .text.CLOCK_InitOsc0
                0x0000134c       0x94 ./drivers/fsl_clock.o
                0x0000134c                CLOCK_InitOsc0
 .text.CLOCK_EnableClock
                0x000013e0       0x34 ./drivers/fsl_i2c.o
 .text.I2C_GetInstance
                0x00001414       0x4c ./drivers/fsl_i2c.o
                0x00001414                I2C_GetInstance
 .text.I2C_CheckAndClearError
                0x00001460       0x40 ./drivers/fsl_i2c.o
 .text.I2C_TransferCommonIRQHandler
                0x000014a0       0x64 ./drivers/fsl_i2c.o
 .text.I2C_MasterInit
                0x00001504      0x108 ./drivers/fsl_i2c.o
                0x00001504                I2C_MasterInit
 .text.I2C_MasterSetBaudRate
                0x0000160c       0xf4 ./drivers/fsl_i2c.o
                0x0000160c                I2C_MasterSetBaudRate
 .text.I2C_MasterStart
                0x00001700       0x84 ./drivers/fsl_i2c.o
                0x00001700                I2C_MasterStart
 .text.I2C_MasterRepeatedStart
                0x00001784       0xcc ./drivers/fsl_i2c.o
                0x00001784                I2C_MasterRepeatedStart
 .text.I2C_MasterWriteBlocking
                0x00001850       0xec ./drivers/fsl_i2c.o
                0x00001850                I2C_MasterWriteBlocking
 .text.I2C_MasterTransferBlocking
                0x0000193c      0x27c ./drivers/fsl_i2c.o
                0x0000193c                I2C_MasterTransferBlocking
 .text.I2C0_DriverIRQHandler
                0x00001bb8       0x20 ./drivers/fsl_i2c.o
                0x00001bb8                I2C0_DriverIRQHandler
 .text.I2C1_DriverIRQHandler
                0x00001bd8       0x20 ./drivers/fsl_i2c.o
                0x00001bd8                I2C1_DriverIRQHandler
 .text.CLOCK_EnableClock
                0x00001bf8       0x34 ./drivers/fsl_lpuart.o
 .text.LPUART_GetInstance
                0x00001c2c       0x4c ./drivers/fsl_lpuart.o
                0x00001c2c                LPUART_GetInstance
 .text.LPUART_Init
                0x00001c78      0x2a4 ./drivers/fsl_lpuart.o
                0x00001c78                LPUART_Init
 .text.LPUART_GetDefaultConfig
                0x00001f1c       0x68 ./drivers/fsl_lpuart.o
                0x00001f1c                LPUART_GetDefaultConfig
 .text.LPUART0_DriverIRQHandler
                0x00001f84       0x24 ./drivers/fsl_lpuart.o
                0x00001f84                LPUART0_DriverIRQHandler
 .text.LPUART1_DriverIRQHandler
                0x00001fa8       0x24 ./drivers/fsl_lpuart.o
                0x00001fa8                LPUART1_DriverIRQHandler
 .text.SystemInit
                0x00001fcc       0x40 ./device/system_MKL27Z644.o
                0x00001fcc                SystemInit
 .text.HAL_UartGetStatus
                0x0000200c       0x20 ./component/uart/lpuart_adapter.o
 .text.HAL_UartInit
                0x0000202c      0x11c ./component/uart/lpuart_adapter.o
                0x0000202c                HAL_UartInit
 .text.SerialManager_Init
                0x00002148       0x88 ./component/serial_manager/serial_manager.o
                0x00002148                SerialManager_Init
 .text.SerialManager_OpenWriteHandle
                0x000021d0       0x5c ./component/serial_manager/serial_manager.o
                0x000021d0                SerialManager_OpenWriteHandle
 .text.SerialManager_OpenReadHandle
                0x0000222c       0x68 ./component/serial_manager/serial_manager.o
                0x0000222c                SerialManager_OpenReadHandle
 .text.Serial_UartInit
                0x00002294       0x94 ./component/serial_manager/serial_port_uart.o
                0x00002294                Serial_UartInit
 .text.CLOCK_SetLpuart0Clock
                0x00002328       0x38 ./board/boards/board.o
 .text.CLOCK_SetLpuart0Clock
                0x00002360       0x38 ./board/boards/clock_config.o
 .text.CLOCK_SetLpuart1Clock
                0x00002398       0x38 ./board/boards/clock_config.o
 .text.CLOCK_SetTpmClock
                0x000023d0       0x38 ./board/boards/clock_config.o
 .text.CLOCK_SetFlexio0Clock
                0x00002408       0x38 ./board/boards/clock_config.o
 .text.CLOCK_SetClkOutClock
                0x00002440       0x34 ./board/boards/clock_config.o
 .text.CLOCK_SetRtcClkOutClock
                0x00002474       0x34 ./board/boards/clock_config.o
 .text.CLOCK_SetSimSafeDivs
                0x000024a8       0x20 ./board/boards/clock_config.o
 .text.CLOCK_SetXtal0Freq
                0x000024c8       0x1c ./board/boards/clock_config.o
 .text.BOARD_BootClockRUN
                0x000024e4       0x7c ./board/boards/clock_config.o
                0x000024e4                BOARD_BootClockRUN
 .text.CLOCK_EnableClock
                0x00002560       0x34 ./board/boards/pin_mux.o
 .text.PORT_SetPinConfig
                0x00002594       0x38 ./board/boards/pin_mux.o
 .text.PORT_SetPinMux
                0x000025cc       0x40 ./board/boards/pin_mux.o
 .text.BOARD_InitPins
                0x0000260c       0x34 ./board/boards/pin_mux.o
                0x0000260c                BOARD_InitPins
 .text.BOARD_InitDEBUG_UARTPins
                0x00002640       0x7c ./board/boards/pin_mux.o
                0x00002640                BOARD_InitDEBUG_UARTPins
 .text.__assertion_failed
                0x000026bc       0x50 c:/nxp/mcuxpressoide_11.8.1_1197/ide/plugins/com.nxp.mcuxpresso.tools.win32_11.8.1.202308071233/tools/bin/../lib/gcc/arm-none-eabi/12.2.1/../../../../arm-none-eabi/lib/thumb/v6-m/nofp\libcr_semihost_nf.a(_cr_assert.o)
                0x000026bc                __assertion_failed
 .text.__sys_appexit
                0x0000270c        0xc c:/nxp/mcuxpressoide_11.8.1_1197/ide/plugins/com.nxp.mcuxpresso.tools.win32_11.8.1.202308071233/tools/bin/../lib/gcc/arm-none-eabi/12.2.1/../../../../arm-none-eabi/lib/thumb/v6-m/nofp\libcr_semihost_nf.a(__sys_appexit.o)
                0x0000270c                __sys_appexit
                0x0000270c                __exit
 .text._deferredlazyseek
                0x00002718       0x40 c:/nxp/mcuxpressoide_11.8.1_1197/ide/plugins/com.nxp.mcuxpresso.tools.win32_11.8.1.202308071233/tools/bin/../lib/gcc/arm-none-eabi/12.2.1/../../../../arm-none-eabi/lib/thumb/v6-m/nofp\libcr_c.a(_deferredlazyseek.o)
                0x00002718                _deferredlazyseek
 .text.__flsbuf
                0x00002758      0x150 c:/nxp/mcuxpressoide_11.8.1_1197/ide/plugins/com.nxp.mcuxpresso.tools.win32_11.8.1.202308071233/tools/bin/../lib/gcc/arm-none-eabi/12.2.1/../../../../arm-none-eabi/lib/thumb/v6-m/nofp\libcr_c.a(_deferredlazyseek.o)
                0x00002758                __flsbuf
 .text._fflush  0x000028a8       0x5c c:/nxp/mcuxpressoide_11.8.1_1197/ide/plugins/com.nxp.mcuxpresso.tools.win32_11.8.1.202308071233/tools/bin/../lib/gcc/arm-none-eabi/12.2.1/../../../../arm-none-eabi/lib/thumb/v6-m/nofp\libcr_c.a(_fflush.o)
                0x000028a8                _fflush
 .text._Cwritebuf
                0x00002904       0x68 c:/nxp/mcuxpressoide_11.8.1_1197/ide/plugins/com.nxp.mcuxpresso.tools.win32_11.8.1.202308071233/tools/bin/../lib/gcc/arm-none-eabi/12.2.1/../../../../arm-none-eabi/lib/thumb/v6-m/nofp\libcr_c.a(_writebuf.o)
                0x00002904                _Cwritebuf
 .text.malloc   0x0000296c       0xdc c:/nxp/mcuxpressoide_11.8.1_1197/ide/plugins/com.nxp.mcuxpresso.tools.win32_11.8.1.202308071233/tools/bin/../lib/gcc/arm-none-eabi/12.2.1/../../../../arm-none-eabi/lib/thumb/v6-m/nofp\libcr_c.a(alloc.o)
                0x0000296c                malloc
 .text._Csys_alloc
                0x00002a48       0x20 c:/nxp/mcuxpressoide_11.8.1_1197/ide/plugins/com.nxp.mcuxpresso.tools.win32_11.8.1.202308071233/tools/bin/../lib/gcc/arm-none-eabi/12.2.1/../../../../arm-none-eabi/lib/thumb/v6-m/nofp\libcr_c.a(alloc.o)
                0x00002a48                _Csys_alloc
 .text.fseek    0x00002a68       0xec c:/nxp/mcuxpressoide_11.8.1_1197/ide/plugins/com.nxp.mcuxpresso.tools.win32_11.8.1.202308071233/tools/bin/../lib/gcc/arm-none-eabi/12.2.1/../../../../arm-none-eabi/lib/thumb/v6-m/nofp\libcr_c.a(fseek.o)
                0x00002a68                fseek
 .text.ftell    0x00002b54       0x4c c:/nxp/mcuxpressoide_11.8.1_1197/ide/plugins/com.nxp.mcuxpresso.tools.win32_11.8.1.202308071233/tools/bin/../lib/gcc/arm-none-eabi/12.2.1/../../../../arm-none-eabi/lib/thumb/v6-m/nofp\libcr_c.a(ftell.o)
                0x00002b54                ftell
 .text._initio  0x00002ba0       0x7c c:/nxp/mcuxpressoide_11.8.1_1197/ide/plugins/com.nxp.mcuxpresso.tools.win32_11.8.1.202308071233/tools/bin/../lib/gcc/arm-none-eabi/12.2.1/../../../../arm-none-eabi/lib/thumb/v6-m/nofp\libcr_c.a(initio.o)
                0x00002ba0                _initio
 .text.__vfprintf
                0x00002c1c      0xd88 c:/nxp/mcuxpressoide_11.8.1_1197/ide/plugins/com.nxp.mcuxpresso.tools.win32_11.8.1.202308071233/tools/bin/../lib/gcc/arm-none-eabi/12.2.1/../../../../arm-none-eabi/lib/thumb/v6-m/nofp\libcr_c.a(printf.o)
                0x00002c1c                __vfprintf
 .text._vsnprintf
                0x000039a4       0x70 c:/nxp/mcuxpressoide_11.8.1_1197/ide/plugins/com.nxp.mcuxpresso.tools.win32_11.8.1.202308071233/tools/bin/../lib/gcc/arm-none-eabi/12.2.1/../../../../arm-none-eabi/lib/thumb/v6-m/nofp\libcr_c.a(printf.o)
                0x000039a4                _vsnprintf
 .text._printf  0x00003a14       0x50 c:/nxp/mcuxpressoide_11.8.1_1197/ide/plugins/com.nxp.mcuxpresso.tools.win32_11.8.1.202308071233/tools/bin/../lib/gcc/arm-none-eabi/12.2.1/../../../../arm-none-eabi/lib/thumb/v6-m/nofp\libcr_c.a(printf.o)
                0x00003a14                _printf
 .text.setvbuf  0x00003a64       0x4c c:/nxp/mcuxpressoide_11.8.1_1197/ide/plugins/com.nxp.mcuxpresso.tools.win32_11.8.1.202308071233/tools/bin/../lib/gcc/arm-none-eabi/12.2.1/../../../../arm-none-eabi/lib/thumb/v6-m/nofp\libcr_c.a(setvbuf.o)
                0x00003a64                setvbuf
 .text.strlen   0x00003ab0       0x5c c:/nxp/mcuxpressoide_11.8.1_1197/ide/plugins/com.nxp.mcuxpresso.tools.win32_11.8.1.202308071233/tools/bin/../lib/gcc/arm-none-eabi/12.2.1/../../../../arm-none-eabi/lib/thumb/v6-m/nofp\libcr_c.a(strlen.o)
                0x00003ab0                strlen
 .text._sbrk    0x00003b0c       0x44 c:/nxp/mcuxpressoide_11.8.1_1197/ide/plugins/com.nxp.mcuxpresso.tools.win32_11.8.1.202308071233/tools/bin/../lib/gcc/arm-none-eabi/12.2.1/../../../../arm-none-eabi/lib/thumb/v6-m/nofp\libcr_c.a(_cr_sbrk.o)
                0x00003b0c                _sbrk
 .text._fdopen  0x00003b50       0x74 c:/nxp/mcuxpressoide_11.8.1_1197/ide/plugins/com.nxp.mcuxpresso.tools.win32_11.8.1.202308071233/tools/bin/../lib/gcc/arm-none-eabi/12.2.1/../../../../arm-none-eabi/lib/thumb/v6-m/nofp\libcr_c.a(_fdopen.o)
                0x00003b50                _fdopen
 .text.fclose   0x00003bc4       0x5c c:/nxp/mcuxpressoide_11.8.1_1197/ide/plugins/com.nxp.mcuxpresso.tools.win32_11.8.1.202308071233/tools/bin/../lib/gcc/arm-none-eabi/12.2.1/../../../../arm-none-eabi/lib/thumb/v6-m/nofp\libcr_c.a(fclose.o)
                0x00003bc4                fclose
 .text.fflush   0x00003c20       0x40 c:/nxp/mcuxpressoide_11.8.1_1197/ide/plugins/com.nxp.mcuxpresso.tools.win32_11.8.1.202308071233/tools/bin/../lib/gcc/arm-none-eabi/12.2.1/../../../../arm-none-eabi/lib/thumb/v6-m/nofp\libcr_c.a(fflush.o)
                0x00003c20                fflush
 .text.__check_heap_overflow
                0x00003c60       0x18 c:/nxp/mcuxpressoide_11.8.1_1197/ide/plugins/com.nxp.mcuxpresso.tools.win32_11.8.1.202308071233/tools/bin/../lib/gcc/arm-none-eabi/12.2.1/../../../../arm-none-eabi/lib/thumb/v6-m/nofp\libcr_c.a(_cr_check_heap.o)
                0x00003c60                __check_heap_overflow
 .text._do_fflush
                0x00003c78       0x48 c:/nxp/mcuxpressoide_11.8.1_1197/ide/plugins/com.nxp.mcuxpresso.tools.win32_11.8.1.202308071233/tools/bin/../lib/gcc/arm-none-eabi/12.2.1/../../../../arm-none-eabi/lib/thumb/v6-m/nofp\libcr_c.a(_do_fflush.o)
                0x00003c78                _do_fflush
 .text.BMP180_delay_msek
                0x00003cc0       0x18 ./source/temperature.o
                0x00003cc0                BMP180_delay_msek
 .text.OSC_SetExtRefClkConfig
                0x00003cd8       0x3e ./drivers/fsl_clock.o
 .text.OSC_SetCapLoad
                0x00003d16       0x42 ./drivers/fsl_clock.o
 .text.I2C_MasterClearStatusFlags
                0x00003d58       0x56 ./drivers/fsl_i2c.o
 .text.I2C_MasterStop
                0x00003dae       0x36 ./drivers/fsl_i2c.o
                0x00003dae                I2C_MasterStop
 .text.I2C_MasterGetStatusFlags
                0x00003de4       0x4a ./drivers/fsl_i2c.o
                0x00003de4                I2C_MasterGetStatusFlags
 .text.I2C_MasterReadBlocking
                0x00003e2e       0xea ./drivers/fsl_i2c.o
                0x00003e2e                I2C_MasterReadBlocking
 .text.SystemInitHook
                0x00003f18        0xa ./device/system_MKL27Z644.o
                0x00003f18                SystemInitHook
 .text.BOARD_InitDebugConsole
                0x00003f22       0x2a ./board/boards/board.o
                0x00003f22                BOARD_InitDebugConsole
 .text.BOARD_InitBootClocks
                0x00003f4c        0xe ./board/boards/clock_config.o
                0x00003f4c                BOARD_InitBootClocks
 .text.BOARD_InitPeripherals
                0x00003f5a        0xa ./board/boards/peripherals.o
                0x00003f5a                BOARD_InitPeripherals
 .text.BOARD_InitBootPeripherals
                0x00003f64        0xe ./board/boards/peripherals.o
                0x00003f64                BOARD_InitBootPeripherals
 .text.BOARD_InitBootPins
                0x00003f72       0x12 ./board/boards/pin_mux.o
                0x00003f72                BOARD_InitBootPins
 .text.__main   0x00003f84        0xc c:/nxp/mcuxpressoide_11.8.1_1197/ide/plugins/com.nxp.mcuxpresso.tools.win32_11.8.1.202308071233/tools/bin/../lib/gcc/arm-none-eabi/12.2.1/../../../../arm-none-eabi/lib/thumb/v6-m/nofp\libcr_semihost_nf.a(_cr__main.o)
                0x00003f84                __CR_SEMIHOST
                0x00003f84                __main
 .text.memset   0x00003f90        0x8 c:/nxp/mcuxpressoide_11.8.1_1197/ide/plugins/com.nxp.mcuxpresso.tools.win32_11.8.1.202308071233/tools/bin/../lib/gcc/arm-none-eabi/12.2.1/../../../../arm-none-eabi/lib/thumb/v6-m/nofp\libcr_c.a(memset.o)
                0x00003f90                memset
 .text.free     0x00003f98       0x2c c:/nxp/mcuxpressoide_11.8.1_1197/ide/plugins/com.nxp.mcuxpresso.tools.win32_11.8.1.202308071233/tools/bin/../lib/gcc/arm-none-eabi/12.2.1/../../../../arm-none-eabi/lib/thumb/v6-m/nofp\libcr_c.a(alloc.o)
                0x00003f98                free
 .text.fputs    0x00003fc4       0x2e c:/nxp/mcuxpressoide_11.8.1_1197/ide/plugins/com.nxp.mcuxpresso.tools.win32_11.8.1.202308071233/tools/bin/../lib/gcc/arm-none-eabi/12.2.1/../../../../arm-none-eabi/lib/thumb/v6-m/nofp\libcr_c.a(fputs.o)
                0x00003fc4                fputs
 .text.no_fp_display
                0x00003ff2        0x4 c:/nxp/mcuxpressoide_11.8.1_1197/ide/plugins/com.nxp.mcuxpresso.tools.win32_11.8.1.202308071233/tools/bin/../lib/gcc/arm-none-eabi/12.2.1/../../../../arm-none-eabi/lib/thumb/v6-m/nofp\libcr_c.a(printf.o)
 .text.remove   0x00003ff6       0x12 c:/nxp/mcuxpressoide_11.8.1_1197/ide/plugins/com.nxp.mcuxpresso.tools.win32_11.8.1.202308071233/tools/bin/../lib/gcc/arm-none-eabi/12.2.1/../../../../arm-none-eabi/lib/thumb/v6-m/nofp\libcr_c.a(remove.o)
                0x00003ff6                remove
 .text.__aeabi_division_idivmod
                0x00004008       0x78 c:/nxp/mcuxpressoide_11.8.1_1197/ide/plugins/com.nxp.mcuxpresso.tools.win32_11.8.1.202308071233/tools/bin/../lib/gcc/arm-none-eabi/12.2.1/thumb/v6-m/nofp\libcr_eabihelpers.a(division_32.o)
                0x00004008                __aeabi_idivmod
                0x00004008                __aeabi_idiv
                0x0000400e                __aeabi_uidivmod
                0x0000400e                __aeabi_uidiv
 .text.__aeabi_division_idiv0
                0x00004080        0x2 c:/nxp/mcuxpressoide_11.8.1_1197/ide/plugins/com.nxp.mcuxpresso.tools.win32_11.8.1.202308071233/tools/bin/../lib/gcc/arm-none-eabi/12.2.1/thumb/v6-m/nofp\libcr_eabihelpers.a(division_idiv0.o)
                0x00004080                __aeabi_idiv0
 .text.__aeabi_llong_lmul
                0x00004082       0x2e c:/nxp/mcuxpressoide_11.8.1_1197/ide/plugins/com.nxp.mcuxpresso.tools.win32_11.8.1.202308071233/tools/bin/../lib/gcc/arm-none-eabi/12.2.1/thumb/v6-m/nofp\libcr_eabihelpers.a(llong.o)
                0x00004082                __aeabi_lmul
 .text.__aeabi_memset_lowlevel
                0x000040b0       0x2a c:/nxp/mcuxpressoide_11.8.1_1197/ide/plugins/com.nxp.mcuxpresso.tools.win32_11.8.1.202308071233/tools/bin/../lib/gcc/arm-none-eabi/12.2.1/thumb/v6-m/nofp\libcr_eabihelpers.a(memcpy.o)
                0x000040b0                __aeabi_lowlevel_memset
 .text.__gnu_thumb1_case_uqi
                0x000040da       0x10 c:/nxp/mcuxpressoide_11.8.1_1197/ide/plugins/com.nxp.mcuxpresso.tools.win32_11.8.1.202308071233/tools/bin/../lib/gcc/arm-none-eabi/12.2.1/thumb/v6-m/nofp\libcr_eabihelpers.a(thumb1_switch_helpers.o)
                0x000040da                __gnu_thumb1_case_uqi
 .text.__gnu_thumb1_case_shi
                0x000040ea       0x10 c:/nxp/mcuxpressoide_11.8.1_1197/ide/plugins/com.nxp.mcuxpresso.tools.win32_11.8.1.202308071233/tools/bin/../lib/gcc/arm-none-eabi/12.2.1/thumb/v6-m/nofp\libcr_eabihelpers.a(thumb1_switch_helpers.o)
                0x000040ea                __gnu_thumb1_case_shi
 .text.__gnu_thumb1_case_uhi
                0x000040fa       0x10 c:/nxp/mcuxpressoide_11.8.1_1197/ide/plugins/com.nxp.mcuxpresso.tools.win32_11.8.1.202308071233/tools/bin/../lib/gcc/arm-none-eabi/12.2.1/thumb/v6-m/nofp\libcr_eabihelpers.a(thumb1_switch_helpers.o)
                0x000040fa                __gnu_thumb1_case_uhi
 .text.__sys_close
                0x0000410a        0xc c:/nxp/mcuxpressoide_11.8.1_1197/ide/plugins/com.nxp.mcuxpresso.tools.win32_11.8.1.202308071233/tools/bin/../lib/gcc/arm-none-eabi/12.2.1/../../../../arm-none-eabi/lib/thumb/v6-m/nofp\libcr_semihost_nf.a(__sys_close.o)
                0x0000410a                __sys_close
 .text.__sys_flen
                0x00004116        0xc c:/nxp/mcuxpressoide_11.8.1_1197/ide/plugins/com.nxp.mcuxpresso.tools.win32_11.8.1.202308071233/tools/bin/../lib/gcc/arm-none-eabi/12.2.1/../../../../arm-none-eabi/lib/thumb/v6-m/nofp\libcr_semihost_nf.a(__sys_flen.o)
                0x00004116                __sys_flen
 .text.__sys_istty
                0x00004122        0xc c:/nxp/mcuxpressoide_11.8.1_1197/ide/plugins/com.nxp.mcuxpresso.tools.win32_11.8.1.202308071233/tools/bin/../lib/gcc/arm-none-eabi/12.2.1/../../../../arm-none-eabi/lib/thumb/v6-m/nofp\libcr_semihost_nf.a(__sys_istty.o)
                0x00004122                __sys_istty
 .text.__sys_remove
                0x0000412e        0xc c:/nxp/mcuxpressoide_11.8.1_1197/ide/plugins/com.nxp.mcuxpresso.tools.win32_11.8.1.202308071233/tools/bin/../lib/gcc/arm-none-eabi/12.2.1/../../../../arm-none-eabi/lib/thumb/v6-m/nofp\libcr_semihost_nf.a(__sys_remove.o)
                0x0000412e                __sys_remove
 .text.__sys_seek
                0x0000413a        0xc c:/nxp/mcuxpressoide_11.8.1_1197/ide/plugins/com.nxp.mcuxpresso.tools.win32_11.8.1.202308071233/tools/bin/../lib/gcc/arm-none-eabi/12.2.1/../../../../arm-none-eabi/lib/thumb/v6-m/nofp\libcr_semihost_nf.a(__sys_seek.o)
                0x0000413a                __sys_seek
 .text.__sys_tmpnam
                0x00004146        0xc c:/nxp/mcuxpressoide_11.8.1_1197/ide/plugins/com.nxp.mcuxpresso.tools.win32_11.8.1.202308071233/tools/bin/../lib/gcc/arm-none-eabi/12.2.1/../../../../arm-none-eabi/lib/thumb/v6-m/nofp\libcr_semihost_nf.a(__sys_tmpnam.o)
                0x00004146                __sys_tmpnam
 .text.__sys_write
                0x00004152        0xc c:/nxp/mcuxpressoide_11.8.1_1197/ide/plugins/com.nxp.mcuxpresso.tools.win32_11.8.1.202308071233/tools/bin/../lib/gcc/arm-none-eabi/12.2.1/../../../../arm-none-eabi/lib/thumb/v6-m/nofp\libcr_semihost_nf.a(__sys_write.o)
                0x00004152                __sys_write
 *(SORT_BY_ALIGNMENT(.rodata) SORT_BY_ALIGNMENT(.rodata.*) SORT_BY_ALIGNMENT(.constdata) SORT_BY_ALIGNMENT(.constdata.*))
 *fill*         0x0000415e        0x2 ff
 .rodata.DbgConsole_Init.str1.4
                0x00004160       0xca ./utilities/fsl_debug_console.o
 *fill*         0x0000422a        0x2 ff
 .rodata        0x0000422c       0x1b ./source/bmp180.o
 *fill*         0x00004247        0x1 ff
 .rodata.BMP180_I2C_bus_write.str1.4
                0x00004248       0x12 ./source/temperature.o
 *fill*         0x0000425a        0x2 ff
 .rodata.BMP180_I2C_bus_read.str1.4
                0x0000425c       0x52 ./source/temperature.o
 *fill*         0x000042ae        0x2 ff
 .rodata.bmp180_data_read.str1.4
                0x000042b0       0x71 ./source/temperature.o
 *fill*         0x00004321        0x3 ff
 .rodata.main.str1.4
                0x00004324       0x26 ./source/temperature.o
 *fill*         0x0000434a        0x2 ff
 .rodata        0x0000434c        0xc ./source/temperature.o
 .rodata.CLOCK_GetOsc0ErClkFreq.str1.4
                0x00004358       0x1e ./drivers/fsl_clock.o
 *fill*         0x00004376        0x2 ff
 .rodata.CLOCK_GetEr32kClkFreq.str1.4
                0x00004378       0x1f ./drivers/fsl_clock.o
 *fill*         0x00004397        0x1 ff
 .rodata.CLOCK_GetFreq
                0x00004398       0x50 ./drivers/fsl_clock.o
 .rodata.CLOCK_GetOutClkFreq.str1.4
                0x000043e8       0x1e ./drivers/fsl_clock.o
 *fill*         0x00004406        0x2 ff
 .rodata.CLOCK_SetMcgliteConfig.str1.4
                0x00004408       0x1f ./drivers/fsl_clock.o
 *fill*         0x00004427        0x1 ff
 .rodata.lircFreqs.0
                0x00004428        0x8 ./drivers/fsl_clock.o
 .rodata.s_i2cDividerTable
                0x00004430       0x80 ./drivers/fsl_i2c.o
 .rodata.s_i2cClocks
                0x000044b0        0x8 ./drivers/fsl_i2c.o
 .rodata.s_i2cBases
                0x000044b8        0x8 ./drivers/fsl_i2c.o
 .rodata.I2C_GetInstance.str1.4
                0x000044c0       0x32 ./drivers/fsl_i2c.o
 *fill*         0x000044f2        0x2 ff
 .rodata.I2C_MasterInit.str1.4
                0x000044f4       0x4a ./drivers/fsl_i2c.o
 *fill*         0x0000453e        0x2 ff
 .rodata.I2C_MasterTransferBlocking.str1.4
                0x00004540       0x1e ./drivers/fsl_i2c.o
 *fill*         0x0000455e        0x2 ff
 .rodata.s_lpuartBases
                0x00004560        0x8 ./drivers/fsl_lpuart.o
 .rodata.s_lpuartClock
                0x00004568        0x8 ./drivers/fsl_lpuart.o
 .rodata.LPUART_GetInstance.str1.4
                0x00004570       0x38 ./drivers/fsl_lpuart.o
 .rodata.LPUART_Init.str1.4
                0x000045a8       0x51 ./drivers/fsl_lpuart.o
 *fill*         0x000045f9        0x3 ff
 .rodata.LPUART_GetDefaultConfig.str1.4
                0x000045fc       0x22 ./drivers/fsl_lpuart.o
 *fill*         0x0000461e        0x2 ff
 .rodata.s_LpuartAdapterBase
                0x00004620        0x8 ./component/uart/lpuart_adapter.o
 .rodata.HAL_UartInit.str1.4
                0x00004628       0xdd ./component/uart/lpuart_adapter.o
 *fill*         0x00004705        0x3 ff
 .rodata.SerialManager_Init.str1.4
                0x00004708       0x44 ./component/serial_manager/serial_manager.o
 .rodata.SerialManager_OpenWriteHandle.str1.4
                0x0000474c       0x47 ./component/serial_manager/serial_manager.o
 *fill*         0x00004793        0x1 ff
 .rodata.SerialManager_OpenReadHandle.str1.4
                0x00004794       0x4b ./component/serial_manager/serial_manager.o
 *fill*         0x000047df        0x1 ff
 .rodata.Serial_UartInit.str1.4
                0x000047e0       0x4e ./component/serial_manager/serial_port_uart.o
 *fill*         0x0000482e        0x2 ff
 .rodata.mcgliteConfig_BOARD_BootClockRUN
                0x00004830        0x6 ./board/boards/clock_config.o
                0x00004830                mcgliteConfig_BOARD_BootClockRUN
 *fill*         0x00004836        0x2 ff
 .rodata.simConfig_BOARD_BootClockRUN
                0x00004838        0x8 ./board/boards/clock_config.o
                0x00004838                simConfig_BOARD_BootClockRUN
 .rodata.oscConfig_BOARD_BootClockRUN
                0x00004840        0x8 ./board/boards/clock_config.o
                0x00004840                oscConfig_BOARD_BootClockRUN
 .rodata.PORT_SetPinConfig.str1.4
                0x00004848       0x23 ./board/boards/pin_mux.o
 *fill*         0x0000486b        0x1 ff
 .rodata.__num_Ciob_streams
                0x0000486c        0x4 c:/nxp/mcuxpressoide_11.8.1_1197/ide/plugins/com.nxp.mcuxpresso.tools.win32_11.8.1.202308071233/tools/bin/../lib/gcc/arm-none-eabi/12.2.1/../../../../arm-none-eabi/lib/thumb/v6-m/nofp\libcr_semihost_nf.a(__ciob.o)
                0x0000486c                __num_Ciob_streams
 .rodata.__assertion_failed.str1.1
                0x00004870       0x15 c:/nxp/mcuxpressoide_11.8.1_1197/ide/plugins/com.nxp.mcuxpresso.tools.win32_11.8.1.202308071233/tools/bin/../lib/gcc/arm-none-eabi/12.2.1/../../../../arm-none-eabi/lib/thumb/v6-m/nofp\libcr_semihost_nf.a(_cr_assert.o)
 .rodata._Csys_alloc.str1.1
                0x00004885       0x18 c:/nxp/mcuxpressoide_11.8.1_1197/ide/plugins/com.nxp.mcuxpresso.tools.win32_11.8.1.202308071233/tools/bin/../lib/gcc/arm-none-eabi/12.2.1/../../../../arm-none-eabi/lib/thumb/v6-m/nofp\libcr_c.a(alloc.o)
 .rodata._initio.str1.1
                0x0000489d        0x4 c:/nxp/mcuxpressoide_11.8.1_1197/ide/plugins/com.nxp.mcuxpresso.tools.win32_11.8.1.202308071233/tools/bin/../lib/gcc/arm-none-eabi/12.2.1/../../../../arm-none-eabi/lib/thumb/v6-m/nofp\libcr_c.a(initio.o)
 .rodata.__vfprintf.str1.1
                0x000048a1       0x35 c:/nxp/mcuxpressoide_11.8.1_1197/ide/plugins/com.nxp.mcuxpresso.tools.win32_11.8.1.202308071233/tools/bin/../lib/gcc/arm-none-eabi/12.2.1/../../../../arm-none-eabi/lib/thumb/v6-m/nofp\libcr_c.a(printf.o)
                                 0x38 (size before relaxing)
                0x000048d8                . = ALIGN (0x4)
 *fill*         0x000048d6        0x2 ff

.glue_7         0x000048d8        0x0
 .glue_7        0x000048d8        0x0 linker stubs

.glue_7t        0x000048d8        0x0
 .glue_7t       0x000048d8        0x0 linker stubs

.vfp11_veneer   0x000048d8        0x0
 .vfp11_veneer  0x000048d8        0x0 linker stubs

.v4_bx          0x000048d8        0x0
 .v4_bx         0x000048d8        0x0 linker stubs

.iplt           0x000048d8        0x0
 .iplt          0x000048d8        0x0 ./utilities/fsl_debug_console.o

.rel.dyn        0x000048d8        0x0
 .rel.iplt      0x000048d8        0x0 ./utilities/fsl_debug_console.o

.ARM.extab
 *(SORT_BY_ALIGNMENT(.ARM.extab*) SORT_BY_ALIGNMENT(.gnu.linkonce.armextab.*))

.ARM.exidx      0x000048d8        0x0
                0x000048d8                __exidx_start = .
 *(SORT_BY_ALIGNMENT(.ARM.exidx*) SORT_BY_ALIGNMENT(.gnu.linkonce.armexidx.*))
                0x000048d8                __exidx_end = .
                0x000048d8                _etext = .

.m_usb_data
 *(SORT_BY_ALIGNMENT(m_usb_bdt))

.mtb_buffer_RAM2
 *(SORT_BY_ALIGNMENT(.mtb.$RAM2*))
 *(SORT_BY_ALIGNMENT(.mtb.$USB_RAM*))

.data_RAM2      0x400fe000        0x0 load address 0x000048d8
 FILL mask 0xff
                [!provide]                PROVIDE (__start_data_RAM2 = .)
                [!provide]                PROVIDE (__start_data_USB_RAM = .)
 *(SORT_BY_ALIGNMENT(.ramfunc.$RAM2))
 *(SORT_BY_ALIGNMENT(.ramfunc.$USB_RAM))
 *(SORT_BY_ALIGNMENT(.data.$RAM2))
 *(SORT_BY_ALIGNMENT(.data.$USB_RAM))
 *(SORT_BY_ALIGNMENT(.data.$RAM2.*))
 *(SORT_BY_ALIGNMENT(.data.$USB_RAM.*))
                0x400fe000                . = ALIGN (0x4)
                [!provide]                PROVIDE (__end_data_RAM2 = .)
                [!provide]                PROVIDE (__end_data_USB_RAM = .)

.mtb_buffer_default
                0x1ffff000       0x80
 *(SORT_BY_ALIGNMENT(.mtb*))
 .mtb.$RAM1     0x1ffff000       0x80 ./source/mtb.o
                0x1ffff000                __mtb_buffer__

.uninit_RESERVED
                0x1ffff080        0x0
                0x1ffff080                _start_uninit_RESERVED = .
 *(SORT_BY_ALIGNMENT(.bss.$RESERVED*))
                0x1ffff080                . = ALIGN (0x4)
                0x1ffff080                _end_uninit_RESERVED = .

.data           0x1ffff080        0x4 load address 0x000048d8
 FILL mask 0xff
                0x1ffff080                _data = .
                [!provide]                PROVIDE (__start_data_RAM = .)
                [!provide]                PROVIDE (__start_data_SRAM = .)
 *(SORT_BY_ALIGNMENT(vtable))
 *(SORT_BY_ALIGNMENT(.ramfunc*))
 *(SORT_BY_ALIGNMENT(CodeQuickAccess))
 *(SORT_BY_ALIGNMENT(DataQuickAccess))
 *(SORT_BY_ALIGNMENT(RamFunction))
 *(SORT_BY_ALIGNMENT(.data*))
 .data.SystemCoreClock
                0x1ffff080        0x4 ./device/system_MKL27Z644.o
                0x1ffff080                SystemCoreClock
                0x1ffff084                . = ALIGN (0x4)
                0x1ffff084                _edata = .
                [!provide]                PROVIDE (__end_data_RAM = .)
                [!provide]                PROVIDE (__end_data_SRAM = .)

.igot.plt       0x1ffff084        0x0 load address 0x000048dc
 .igot.plt      0x1ffff084        0x0 ./utilities/fsl_debug_console.o

.bss_RAM2       0x400fe000        0x0
                [!provide]                PROVIDE (__start_bss_RAM2 = .)
                [!provide]                PROVIDE (__start_bss_USB_RAM = .)
 *(SORT_BY_ALIGNMENT(.bss.$RAM2))
 *(SORT_BY_ALIGNMENT(.bss.$USB_RAM))
 *(SORT_BY_ALIGNMENT(.bss.$RAM2.*))
 *(SORT_BY_ALIGNMENT(.bss.$USB_RAM.*))
                0x400fe000                . = ALIGN ((. != 0x0)?0x4:0x1)
                [!provide]                PROVIDE (__end_bss_RAM2 = .)
                [!provide]                PROVIDE (__end_bss_USB_RAM = .)

.bss            0x1ffff084      0x140
                0x1ffff084                _bss = .
                [!provide]                PROVIDE (__start_bss_RAM = .)
                [!provide]                PROVIDE (__start_bss_SRAM = .)
 *(SORT_BY_ALIGNMENT(.bss*))
 .bss.s_debugConsoleState
                0x1ffff084       0x1c ./utilities/fsl_debug_console.o
 .bss.g_serialHandle
                0x1ffff0a0        0x4 ./utilities/fsl_debug_console.o
                0x1ffff0a0                g_serialHandle
 .bss.p_bmp180  0x1ffff0a4        0x4 ./source/bmp180.o
 .bss.g_systickCounter
                0x1ffff0a8        0x4 ./source/temperature.o
                0x1ffff0a8                g_systickCounter
 .bss.bmp180    0x1ffff0ac       0x34 ./source/temperature.o
                0x1ffff0ac                bmp180
 .bss.g_xtal0Freq
                0x1ffff0e0        0x4 ./drivers/fsl_clock.o
                0x1ffff0e0                g_xtal0Freq
 .bss.g_xtal32Freq
                0x1ffff0e4        0x4 ./drivers/fsl_clock.o
                0x1ffff0e4                g_xtal32Freq
 .bss.s_i2cHandle
                0x1ffff0e8        0x8 ./drivers/fsl_i2c.o
 .bss.s_i2cMasterIsr
                0x1ffff0f0        0x4 ./drivers/fsl_i2c.o
 .bss.s_i2cSlaveIsr
                0x1ffff0f4        0x4 ./drivers/fsl_i2c.o
 .bss.s_lpuartHandle
                0x1ffff0f8        0x8 ./drivers/fsl_lpuart.o
 .bss.s_lpuartIsr
                0x1ffff100        0x4 ./drivers/fsl_lpuart.o
 .bss.__Ciob    0x1ffff104       0xb4 c:/nxp/mcuxpressoide_11.8.1_1197/ide/plugins/com.nxp.mcuxpresso.tools.win32_11.8.1.202308071233/tools/bin/../lib/gcc/arm-none-eabi/12.2.1/../../../../arm-none-eabi/lib/thumb/v6-m/nofp\libcr_semihost_nf.a(__ciob.o)
                0x1ffff104                __Ciob
 .bss.__end_of_heap
                0x1ffff1b8        0x4 c:/nxp/mcuxpressoide_11.8.1_1197/ide/plugins/com.nxp.mcuxpresso.tools.win32_11.8.1.202308071233/tools/bin/../lib/gcc/arm-none-eabi/12.2.1/../../../../arm-none-eabi/lib/thumb/v6-m/nofp\libcr_c.a(__init_alloc.o)
                0x1ffff1b8                __end_of_heap
 .bss.__heaps   0x1ffff1bc        0x4 c:/nxp/mcuxpressoide_11.8.1_1197/ide/plugins/com.nxp.mcuxpresso.tools.win32_11.8.1.202308071233/tools/bin/../lib/gcc/arm-none-eabi/12.2.1/../../../../arm-none-eabi/lib/thumb/v6-m/nofp\libcr_c.a(__init_alloc.o)
                0x1ffff1bc                __heaps
 .bss.errno     0x1ffff1c0        0x4 c:/nxp/mcuxpressoide_11.8.1_1197/ide/plugins/com.nxp.mcuxpresso.tools.win32_11.8.1.202308071233/tools/bin/../lib/gcc/arm-none-eabi/12.2.1/../../../../arm-none-eabi/lib/thumb/v6-m/nofp\libcr_c.a(errno.o)
                0x1ffff1c0                errno
 *(SORT_BY_ALIGNMENT(COMMON))
                0x1ffff1c4                . = ALIGN (0x4)
                0x1ffff1c4                _ebss = .
                [!provide]                PROVIDE (__end_bss_RAM = .)
                [!provide]                PROVIDE (__end_bss_SRAM = .)
                [!provide]                PROVIDE (end = .)

.noinit_RAM2    0x400fe000        0x0
                [!provide]                PROVIDE (__start_noinit_RAM2 = .)
                [!provide]                PROVIDE (__start_noinit_USB_RAM = .)
 *(SORT_BY_ALIGNMENT(.noinit.$RAM2))
 *(SORT_BY_ALIGNMENT(.noinit.$USB_RAM))
 *(SORT_BY_ALIGNMENT(.noinit.$RAM2.*))
 *(SORT_BY_ALIGNMENT(.noinit.$USB_RAM.*))
                0x400fe000                . = ALIGN (0x4)
                [!provide]                PROVIDE (__end_noinit_RAM2 = .)
                [!provide]                PROVIDE (__end_noinit_USB_RAM = .)

.noinit         0x1ffff1c4        0x0
                0x1ffff1c4                _noinit = .
                [!provide]                PROVIDE (__start_noinit_RAM = .)
                [!provide]                PROVIDE (__start_noinit_SRAM = .)
 *(SORT_BY_ALIGNMENT(.noinit*))
                0x1ffff1c4                . = ALIGN (0x4)
                0x1ffff1c4                _end_noinit = .
                [!provide]                PROVIDE (__end_noinit_RAM = .)
                [!provide]                PROVIDE (__end_noinit_SRAM = .)
                0x00000400                _HeapSize = 0x400

.heap           0x1ffff1c4      0x400
                0x1ffff1c4                _pvHeapStart = .
                0x1ffff5c4                . = (. + _HeapSize)
 *fill*         0x1ffff1c4      0x400 
                0x1ffff5c4                . = ALIGN (0x4)
                0x1ffff5c4                _pvHeapLimit = .
                0x00000400                _StackSize = 0x400

.heap2stackfill
                0x1ffff5c4      0x400
                0x1ffff9c4                . = (. + _StackSize)
 *fill*         0x1ffff5c4      0x400 

.stack          0x20002c00        0x0
                0x20002c00                _vStackBase = .
                0x20002c00                . = ALIGN (0x4)
                0x20003000                _vStackTop = (. + _StackSize)
                0x00000000                _image_start = LOADADDR (.text)
                0x000048dc                _image_end = (LOADADDR (.data) + SIZEOF (.data))
                0x000048dc                _image_size = (_image_end - _image_start)
OUTPUT(temperature_ennonce.axf elf32-littlearm)
LOAD linker stubs

.debug_info     0x00000000     0x9a92
 .debug_info    0x00000000      0x890 ./utilities/fsl_debug_console.o
 .debug_info    0x00000890      0x62f ./startup/startup_mkl27z644.o
 .debug_info    0x00000ebf      0x792 ./source/bmp180.o
 .debug_info    0x00001651       0x54 ./source/mtb.o
 .debug_info    0x000016a5       0x3d ./source/semihost_hardfault.o
 .debug_info    0x000016e2      0xe8b ./source/temperature.o
 .debug_info    0x0000256d     0x1229 ./drivers/fsl_clock.o
 .debug_info    0x00003796     0x1ba5 ./drivers/fsl_i2c.o
 .debug_info    0x0000533b     0x1685 ./drivers/fsl_lpuart.o
 .debug_info    0x000069c0      0x3b3 ./device/system_MKL27Z644.o
 .debug_info    0x00006d73      0x8da ./component/uart/lpuart_adapter.o
 .debug_info    0x0000764d      0x74c ./component/serial_manager/serial_manager.o
 .debug_info    0x00007d99      0x508 ./component/serial_manager/serial_port_uart.o
 .debug_info    0x000082a1      0x340 ./board/boards/board.o
 .debug_info    0x000085e1      0xb0d ./board/boards/clock_config.o
 .debug_info    0x000090ee       0x4f ./board/boards/peripherals.o
 .debug_info    0x0000913d      0x955 ./board/boards/pin_mux.o

.debug_abbrev   0x00000000     0x1e92
 .debug_abbrev  0x00000000      0x1d0 ./utilities/fsl_debug_console.o
 .debug_abbrev  0x000001d0      0x1ac ./startup/startup_mkl27z644.o
 .debug_abbrev  0x0000037c      0x16b ./source/bmp180.o
 .debug_abbrev  0x000004e7       0x45 ./source/mtb.o
 .debug_abbrev  0x0000052c       0x2f ./source/semihost_hardfault.o
 .debug_abbrev  0x0000055b      0x32e ./source/temperature.o
 .debug_abbrev  0x00000889      0x2ea ./drivers/fsl_clock.o
 .debug_abbrev  0x00000b73      0x37c ./drivers/fsl_i2c.o
 .debug_abbrev  0x00000eef      0x327 ./drivers/fsl_lpuart.o
 .debug_abbrev  0x00001216      0x14f ./device/system_MKL27Z644.o
 .debug_abbrev  0x00001365      0x1d4 ./component/uart/lpuart_adapter.o
 .debug_abbrev  0x00001539      0x183 ./component/serial_manager/serial_manager.o
 .debug_abbrev  0x000016bc      0x170 ./component/serial_manager/serial_port_uart.o
 .debug_abbrev  0x0000182c      0x14b ./board/boards/board.o
 .debug_abbrev  0x00001977      0x20b ./board/boards/clock_config.o
 .debug_abbrev  0x00001b82       0x48 ./board/boards/peripherals.o
 .debug_abbrev  0x00001bca      0x2c8 ./board/boards/pin_mux.o

.debug_aranges  0x00000000      0x890
 .debug_aranges
                0x00000000       0x50 ./utilities/fsl_debug_console.o
 .debug_aranges
                0x00000050      0x160 ./startup/startup_mkl27z644.o
 .debug_aranges
                0x000001b0       0x48 ./source/bmp180.o
 .debug_aranges
                0x000001f8       0x18 ./source/mtb.o
 .debug_aranges
                0x00000210       0x20 ./source/semihost_hardfault.o
 .debug_aranges
                0x00000230       0x68 ./source/temperature.o
 .debug_aranges
                0x00000298       0xd8 ./drivers/fsl_clock.o
 .debug_aranges
                0x00000370      0x178 ./drivers/fsl_i2c.o
 .debug_aranges
                0x000004e8      0x120 ./drivers/fsl_lpuart.o
 .debug_aranges
                0x00000608       0x30 ./device/system_MKL27Z644.o
 .debug_aranges
                0x00000638       0x40 ./component/uart/lpuart_adapter.o
 .debug_aranges
                0x00000678       0x88 ./component/serial_manager/serial_manager.o
 .debug_aranges
                0x00000700       0x38 ./component/serial_manager/serial_port_uart.o
 .debug_aranges
                0x00000738       0x28 ./board/boards/board.o
 .debug_aranges
                0x00000760       0x80 ./board/boards/clock_config.o
 .debug_aranges
                0x000007e0       0x28 ./board/boards/peripherals.o
 .debug_aranges
                0x00000808       0x88 ./board/boards/pin_mux.o

.debug_rnglists
                0x00000000      0x63d
 .debug_rnglists
                0x00000000       0x39 ./utilities/fsl_debug_console.o
 .debug_rnglists
                0x00000039      0x103 ./startup/startup_mkl27z644.o
 .debug_rnglists
                0x0000013c       0x37 ./source/bmp180.o
 .debug_rnglists
                0x00000173       0x13 ./source/semihost_hardfault.o
 .debug_rnglists
                0x00000186       0x4e ./source/temperature.o
 .debug_rnglists
                0x000001d4       0xa1 ./drivers/fsl_clock.o
 .debug_rnglists
                0x00000275      0x125 ./drivers/fsl_i2c.o
 .debug_rnglists
                0x0000039a       0xdb ./drivers/fsl_lpuart.o
 .debug_rnglists
                0x00000475       0x20 ./device/system_MKL27Z644.o
 .debug_rnglists
                0x00000495       0x2c ./component/uart/lpuart_adapter.o
 .debug_rnglists
                0x000004c1       0x62 ./component/serial_manager/serial_manager.o
 .debug_rnglists
                0x00000523       0x26 ./component/serial_manager/serial_port_uart.o
 .debug_rnglists
                0x00000549       0x19 ./board/boards/board.o
 .debug_rnglists
                0x00000562       0x5b ./board/boards/clock_config.o
 .debug_rnglists
                0x000005bd       0x19 ./board/boards/peripherals.o
 .debug_rnglists
                0x000005d6       0x67 ./board/boards/pin_mux.o

.debug_macro    0x00000000     0x9b3a
 .debug_macro   0x00000000      0x183 ./utilities/fsl_debug_console.o
 .debug_macro   0x00000183      0xac0 ./utilities/fsl_debug_console.o
 .debug_macro   0x00000c43       0x10 ./utilities/fsl_debug_console.o
 .debug_macro   0x00000c53       0x16 ./utilities/fsl_debug_console.o
 .debug_macro   0x00000c69       0x10 ./utilities/fsl_debug_console.o
 .debug_macro   0x00000c79      0x12e ./utilities/fsl_debug_console.o
 .debug_macro   0x00000da7       0x28 ./utilities/fsl_debug_console.o
 .debug_macro   0x00000dcf       0x56 ./utilities/fsl_debug_console.o
 .debug_macro   0x00000e25       0x16 ./utilities/fsl_debug_console.o
 .debug_macro   0x00000e3b       0x22 ./utilities/fsl_debug_console.o
 .debug_macro   0x00000e5d      0x5b3 ./utilities/fsl_debug_console.o
 .debug_macro   0x00001410       0x10 ./utilities/fsl_debug_console.o
 .debug_macro   0x00001420       0x3f ./utilities/fsl_debug_console.o
 .debug_macro   0x0000145f       0x1c ./utilities/fsl_debug_console.o
 .debug_macro   0x0000147b       0x22 ./utilities/fsl_debug_console.o
 .debug_macro   0x0000149d       0xaf ./utilities/fsl_debug_console.o
 .debug_macro   0x0000154c      0x37c ./utilities/fsl_debug_console.o
 .debug_macro   0x000018c8       0x3a ./utilities/fsl_debug_console.o
 .debug_macro   0x00001902     0x547b ./utilities/fsl_debug_console.o
 .debug_macro   0x00006d7d     0x10f4 ./utilities/fsl_debug_console.o
 .debug_macro   0x00007e71       0xc9 ./utilities/fsl_debug_console.o
 .debug_macro   0x00007f3a       0xee ./utilities/fsl_debug_console.o
 .debug_macro   0x00008028       0x34 ./utilities/fsl_debug_console.o
 .debug_macro   0x0000805c       0x10 ./utilities/fsl_debug_console.o
 .debug_macro   0x0000806c       0x32 ./utilities/fsl_debug_console.o
 .debug_macro   0x0000809e       0x1c ./utilities/fsl_debug_console.o
 .debug_macro   0x000080ba       0xd2 ./utilities/fsl_debug_console.o
 .debug_macro   0x0000818c       0x1c ./utilities/fsl_debug_console.o
 .debug_macro   0x000081a8       0x29 ./startup/startup_mkl27z644.o
 .debug_macro   0x000081d1      0x140 ./source/bmp180.o
 .debug_macro   0x00008311      0x2c4 ./source/bmp180.o
 .debug_macro   0x000085d5       0x22 ./source/bmp180.o
 .debug_macro   0x000085f7       0x16 ./source/bmp180.o
 .debug_macro   0x0000860d       0x2f ./source/mtb.o
 .debug_macro   0x0000863c       0x82 ./source/mtb.o
 .debug_macro   0x000086be       0x10 ./source/mtb.o
 .debug_macro   0x000086ce       0x11 ./source/semihost_hardfault.o
 .debug_macro   0x000086df      0x18c ./source/temperature.o
 .debug_macro   0x0000886b       0xd8 ./source/temperature.o
 .debug_macro   0x00008943       0x1c ./source/temperature.o
 .debug_macro   0x0000895f       0x10 ./source/temperature.o
 .debug_macro   0x0000896f      0x196 ./source/temperature.o
 .debug_macro   0x00008b05      0x1a1 ./source/temperature.o
 .debug_macro   0x00008ca6       0x2e ./source/temperature.o
 .debug_macro   0x00008cd4       0x22 ./source/temperature.o
 .debug_macro   0x00008cf6      0x2ca ./source/temperature.o
 .debug_macro   0x00008fc0      0x12f ./drivers/fsl_clock.o
 .debug_macro   0x000090ef       0x1c ./drivers/fsl_clock.o
 .debug_macro   0x0000910b      0x102 ./drivers/fsl_i2c.o
 .debug_macro   0x0000920d       0x1c ./drivers/fsl_i2c.o
 .debug_macro   0x00009229      0x103 ./drivers/fsl_lpuart.o
 .debug_macro   0x0000932c       0x97 ./device/system_MKL27Z644.o
 .debug_macro   0x000093c3       0xff ./component/uart/lpuart_adapter.o
 .debug_macro   0x000094c2       0x10 ./component/uart/lpuart_adapter.o
 .debug_macro   0x000094d2       0x22 ./component/uart/lpuart_adapter.o
 .debug_macro   0x000094f4      0x126 ./component/serial_manager/serial_manager.o
 .debug_macro   0x0000961a      0x117 ./component/serial_manager/serial_port_uart.o
 .debug_macro   0x00009731       0x22 ./component/serial_manager/serial_port_uart.o
 .debug_macro   0x00009753      0x152 ./board/boards/board.o
 .debug_macro   0x000098a5       0x22 ./board/boards/board.o
 .debug_macro   0x000098c7      0x13a ./board/boards/clock_config.o
 .debug_macro   0x00009a01       0x1b ./board/boards/peripherals.o
 .debug_macro   0x00009a1c      0x108 ./board/boards/pin_mux.o
 .debug_macro   0x00009b24       0x16 ./board/boards/pin_mux.o

.debug_line     0x00000000     0x5e34
 .debug_line    0x00000000      0x524 ./utilities/fsl_debug_console.o
 .debug_line    0x00000524      0x30e ./startup/startup_mkl27z644.o
 .debug_line    0x00000832      0x796 ./source/bmp180.o
 .debug_line    0x00000fc8       0xd1 ./source/mtb.o
 .debug_line    0x00001099       0x5a ./source/semihost_hardfault.o
 .debug_line    0x000010f3      0x5e2 ./source/temperature.o
 .debug_line    0x000016d5      0x808 ./drivers/fsl_clock.o
 .debug_line    0x00001edd     0x13b7 ./drivers/fsl_i2c.o
 .debug_line    0x00003294      0xd4c ./drivers/fsl_lpuart.o
 .debug_line    0x00003fe0      0x2b1 ./device/system_MKL27Z644.o
 .debug_line    0x00004291      0x3f4 ./component/uart/lpuart_adapter.o
 .debug_line    0x00004685      0x5b6 ./component/serial_manager/serial_manager.o
 .debug_line    0x00004c3b      0x3f5 ./component/serial_manager/serial_port_uart.o
 .debug_line    0x00005030      0x35b ./board/boards/board.o
 .debug_line    0x0000538b      0x470 ./board/boards/clock_config.o
 .debug_line    0x000057fb       0x78 ./board/boards/peripherals.o
 .debug_line    0x00005873      0x5c1 ./board/boards/pin_mux.o

.debug_str      0x00000000    0x3b6f6
 .debug_str     0x00000000    0x34b48 ./utilities/fsl_debug_console.o
                              0x34d95 (size before relaxing)
 .debug_str     0x00034b48      0x415 ./startup/startup_mkl27z644.o
                               0x3233 (size before relaxing)
 .debug_str     0x00034f5d     0x10cc ./source/bmp180.o
                              0x35432 (size before relaxing)
 .debug_str     0x00036029      0x532 ./source/mtb.o
                               0x3308 (size before relaxing)
 .debug_str     0x0003655b       0x1f ./source/semihost_hardfault.o
                               0x2df5 (size before relaxing)
 .debug_str     0x0003657a     0x19c0 ./source/temperature.o
                              0x36da3 (size before relaxing)
 .debug_str     0x00037f3a      0xd0e ./drivers/fsl_clock.o
                              0x34c32 (size before relaxing)
 .debug_str     0x00038c48      0xacd ./drivers/fsl_i2c.o
                              0x34f03 (size before relaxing)
 .debug_str     0x00039715      0xd7f ./drivers/fsl_lpuart.o
                              0x34ff4 (size before relaxing)
 .debug_str     0x0003a494       0x73 ./device/system_MKL27Z644.o
                              0x328c6 (size before relaxing)
 .debug_str     0x0003a507      0x337 ./component/uart/lpuart_adapter.o
                              0x34473 (size before relaxing)
 .debug_str     0x0003a83e      0x2f1 ./component/serial_manager/serial_manager.o
                              0x33d8d (size before relaxing)
 .debug_str     0x0003ab2f       0xb9 ./component/serial_manager/serial_port_uart.o
                              0x33e4c (size before relaxing)
 .debug_str     0x0003abe8       0x3d ./board/boards/board.o
                              0x34916 (size before relaxing)
 .debug_str     0x0003ac25      0x4e7 ./board/boards/clock_config.o
                              0x34704 (size before relaxing)
 .debug_str     0x0003b10c       0x34 ./board/boards/peripherals.o
                               0x2e23 (size before relaxing)
 .debug_str     0x0003b140      0x5b6 ./board/boards/pin_mux.o
                              0x343ea (size before relaxing)

.comment        0x00000000       0x45
 .comment       0x00000000       0x45 ./utilities/fsl_debug_console.o
                                 0x46 (size before relaxing)
 .comment       0x00000045       0x46 ./startup/startup_mkl27z644.o
 .comment       0x00000045       0x46 ./source/bmp180.o
 .comment       0x00000045       0x46 ./source/mtb.o
 .comment       0x00000045       0x46 ./source/semihost_hardfault.o
 .comment       0x00000045       0x46 ./source/temperature.o
 .comment       0x00000045       0x46 ./drivers/fsl_clock.o
 .comment       0x00000045       0x46 ./drivers/fsl_i2c.o
 .comment       0x00000045       0x46 ./drivers/fsl_lpuart.o
 .comment       0x00000045       0x46 ./device/system_MKL27Z644.o
 .comment       0x00000045       0x46 ./component/uart/lpuart_adapter.o
 .comment       0x00000045       0x46 ./component/serial_manager/serial_manager.o
 .comment       0x00000045       0x46 ./component/serial_manager/serial_port_uart.o
 .comment       0x00000045       0x46 ./board/boards/board.o
 .comment       0x00000045       0x46 ./board/boards/clock_config.o
 .comment       0x00000045       0x46 ./board/boards/peripherals.o
 .comment       0x00000045       0x46 ./board/boards/pin_mux.o
 .comment       0x00000045       0x46 c:/nxp/mcuxpressoide_11.8.1_1197/ide/plugins/com.nxp.mcuxpresso.tools.win32_11.8.1.202308071233/tools/bin/../lib/gcc/arm-none-eabi/12.2.1/../../../../arm-none-eabi/lib/thumb/v6-m/nofp\libcr_semihost_nf.a(_cr__main.o)
 .comment       0x00000045       0x46 c:/nxp/mcuxpressoide_11.8.1_1197/ide/plugins/com.nxp.mcuxpresso.tools.win32_11.8.1.202308071233/tools/bin/../lib/gcc/arm-none-eabi/12.2.1/../../../../arm-none-eabi/lib/thumb/v6-m/nofp\libcr_semihost_nf.a(_cr_assert.o)
 .comment       0x00000045       0x46 c:/nxp/mcuxpressoide_11.8.1_1197/ide/plugins/com.nxp.mcuxpresso.tools.win32_11.8.1.202308071233/tools/bin/../lib/gcc/arm-none-eabi/12.2.1/../../../../arm-none-eabi/lib/thumb/v6-m/nofp\libcr_semihost_nf.a(__ciob.o)
 .comment       0x00000045       0x46 c:/nxp/mcuxpressoide_11.8.1_1197/ide/plugins/com.nxp.mcuxpresso.tools.win32_11.8.1.202308071233/tools/bin/../lib/gcc/arm-none-eabi/12.2.1/../../../../arm-none-eabi/lib/thumb/v6-m/nofp\libcr_c.a(memset.o)
 .comment       0x00000045       0x46 c:/nxp/mcuxpressoide_11.8.1_1197/ide/plugins/com.nxp.mcuxpresso.tools.win32_11.8.1.202308071233/tools/bin/../lib/gcc/arm-none-eabi/12.2.1/../../../../arm-none-eabi/lib/thumb/v6-m/nofp\libcr_c.a(_deferredlazyseek.o)
 .comment       0x00000045       0x46 c:/nxp/mcuxpressoide_11.8.1_1197/ide/plugins/com.nxp.mcuxpresso.tools.win32_11.8.1.202308071233/tools/bin/../lib/gcc/arm-none-eabi/12.2.1/../../../../arm-none-eabi/lib/thumb/v6-m/nofp\libcr_c.a(_fflush.o)
 .comment       0x00000045       0x46 c:/nxp/mcuxpressoide_11.8.1_1197/ide/plugins/com.nxp.mcuxpresso.tools.win32_11.8.1.202308071233/tools/bin/../lib/gcc/arm-none-eabi/12.2.1/../../../../arm-none-eabi/lib/thumb/v6-m/nofp\libcr_c.a(_writebuf.o)
 .comment       0x00000045       0x46 c:/nxp/mcuxpressoide_11.8.1_1197/ide/plugins/com.nxp.mcuxpresso.tools.win32_11.8.1.202308071233/tools/bin/../lib/gcc/arm-none-eabi/12.2.1/../../../../arm-none-eabi/lib/thumb/v6-m/nofp\libcr_c.a(alloc.o)
 .comment       0x00000045       0x46 c:/nxp/mcuxpressoide_11.8.1_1197/ide/plugins/com.nxp.mcuxpresso.tools.win32_11.8.1.202308071233/tools/bin/../lib/gcc/arm-none-eabi/12.2.1/../../../../arm-none-eabi/lib/thumb/v6-m/nofp\libcr_c.a(fputs.o)
 .comment       0x00000045       0x46 c:/nxp/mcuxpressoide_11.8.1_1197/ide/plugins/com.nxp.mcuxpresso.tools.win32_11.8.1.202308071233/tools/bin/../lib/gcc/arm-none-eabi/12.2.1/../../../../arm-none-eabi/lib/thumb/v6-m/nofp\libcr_c.a(fseek.o)
 .comment       0x00000045       0x46 c:/nxp/mcuxpressoide_11.8.1_1197/ide/plugins/com.nxp.mcuxpresso.tools.win32_11.8.1.202308071233/tools/bin/../lib/gcc/arm-none-eabi/12.2.1/../../../../arm-none-eabi/lib/thumb/v6-m/nofp\libcr_c.a(ftell.o)
 .comment       0x00000045       0x46 c:/nxp/mcuxpressoide_11.8.1_1197/ide/plugins/com.nxp.mcuxpresso.tools.win32_11.8.1.202308071233/tools/bin/../lib/gcc/arm-none-eabi/12.2.1/../../../../arm-none-eabi/lib/thumb/v6-m/nofp\libcr_c.a(initio.o)
 .comment       0x00000045       0x46 c:/nxp/mcuxpressoide_11.8.1_1197/ide/plugins/com.nxp.mcuxpresso.tools.win32_11.8.1.202308071233/tools/bin/../lib/gcc/arm-none-eabi/12.2.1/../../../../arm-none-eabi/lib/thumb/v6-m/nofp\libcr_c.a(printf.o)
 .comment       0x00000045       0x46 c:/nxp/mcuxpressoide_11.8.1_1197/ide/plugins/com.nxp.mcuxpresso.tools.win32_11.8.1.202308071233/tools/bin/../lib/gcc/arm-none-eabi/12.2.1/../../../../arm-none-eabi/lib/thumb/v6-m/nofp\libcr_c.a(setvbuf.o)
 .comment       0x00000045       0x46 c:/nxp/mcuxpressoide_11.8.1_1197/ide/plugins/com.nxp.mcuxpresso.tools.win32_11.8.1.202308071233/tools/bin/../lib/gcc/arm-none-eabi/12.2.1/../../../../arm-none-eabi/lib/thumb/v6-m/nofp\libcr_c.a(strlen.o)
 .comment       0x00000045       0x46 c:/nxp/mcuxpressoide_11.8.1_1197/ide/plugins/com.nxp.mcuxpresso.tools.win32_11.8.1.202308071233/tools/bin/../lib/gcc/arm-none-eabi/12.2.1/../../../../arm-none-eabi/lib/thumb/v6-m/nofp\libcr_c.a(__init_alloc.o)
 .comment       0x00000045       0x46 c:/nxp/mcuxpressoide_11.8.1_1197/ide/plugins/com.nxp.mcuxpresso.tools.win32_11.8.1.202308071233/tools/bin/../lib/gcc/arm-none-eabi/12.2.1/../../../../arm-none-eabi/lib/thumb/v6-m/nofp\libcr_c.a(_cr_sbrk.o)
 .comment       0x00000045       0x46 c:/nxp/mcuxpressoide_11.8.1_1197/ide/plugins/com.nxp.mcuxpresso.tools.win32_11.8.1.202308071233/tools/bin/../lib/gcc/arm-none-eabi/12.2.1/../../../../arm-none-eabi/lib/thumb/v6-m/nofp\libcr_c.a(_fdopen.o)
 .comment       0x00000045       0x46 c:/nxp/mcuxpressoide_11.8.1_1197/ide/plugins/com.nxp.mcuxpresso.tools.win32_11.8.1.202308071233/tools/bin/../lib/gcc/arm-none-eabi/12.2.1/../../../../arm-none-eabi/lib/thumb/v6-m/nofp\libcr_c.a(errno.o)
 .comment       0x00000045       0x46 c:/nxp/mcuxpressoide_11.8.1_1197/ide/plugins/com.nxp.mcuxpresso.tools.win32_11.8.1.202308071233/tools/bin/../lib/gcc/arm-none-eabi/12.2.1/../../../../arm-none-eabi/lib/thumb/v6-m/nofp\libcr_c.a(fclose.o)
 .comment       0x00000045       0x46 c:/nxp/mcuxpressoide_11.8.1_1197/ide/plugins/com.nxp.mcuxpresso.tools.win32_11.8.1.202308071233/tools/bin/../lib/gcc/arm-none-eabi/12.2.1/../../../../arm-none-eabi/lib/thumb/v6-m/nofp\libcr_c.a(fflush.o)
 .comment       0x00000045       0x46 c:/nxp/mcuxpressoide_11.8.1_1197/ide/plugins/com.nxp.mcuxpresso.tools.win32_11.8.1.202308071233/tools/bin/../lib/gcc/arm-none-eabi/12.2.1/../../../../arm-none-eabi/lib/thumb/v6-m/nofp\libcr_c.a(remove.o)
 .comment       0x00000045       0x46 c:/nxp/mcuxpressoide_11.8.1_1197/ide/plugins/com.nxp.mcuxpresso.tools.win32_11.8.1.202308071233/tools/bin/../lib/gcc/arm-none-eabi/12.2.1/../../../../arm-none-eabi/lib/thumb/v6-m/nofp\libcr_c.a(_cr_check_heap.o)
 .comment       0x00000045       0x46 c:/nxp/mcuxpressoide_11.8.1_1197/ide/plugins/com.nxp.mcuxpresso.tools.win32_11.8.1.202308071233/tools/bin/../lib/gcc/arm-none-eabi/12.2.1/../../../../arm-none-eabi/lib/thumb/v6-m/nofp\libcr_c.a(_do_fflush.o)

.ARM.attributes
                0x00000000       0x2a
 .ARM.attributes
                0x00000000       0x2c ./utilities/fsl_debug_console.o
 .ARM.attributes
                0x0000002c       0x2c ./startup/startup_mkl27z644.o
 .ARM.attributes
                0x00000058       0x2c ./source/bmp180.o
 .ARM.attributes
                0x00000084       0x2c ./source/mtb.o
 .ARM.attributes
                0x000000b0       0x2c ./source/semihost_hardfault.o
 .ARM.attributes
                0x000000dc       0x2c ./source/temperature.o
 .ARM.attributes
                0x00000108       0x2c ./drivers/fsl_clock.o
 .ARM.attributes
                0x00000134       0x2c ./drivers/fsl_i2c.o
 .ARM.attributes
                0x00000160       0x2c ./drivers/fsl_lpuart.o
 .ARM.attributes
                0x0000018c       0x2c ./device/system_MKL27Z644.o
 .ARM.attributes
                0x000001b8       0x2c ./component/uart/lpuart_adapter.o
 .ARM.attributes
                0x000001e4       0x2c ./component/serial_manager/serial_manager.o
 .ARM.attributes
                0x00000210       0x2c ./component/serial_manager/serial_port_uart.o
 .ARM.attributes
                0x0000023c       0x2c ./board/boards/board.o
 .ARM.attributes
                0x00000268       0x2c ./board/boards/clock_config.o
 .ARM.attributes
                0x00000294       0x2c ./board/boards/peripherals.o
 .ARM.attributes
                0x000002c0       0x2c ./board/boards/pin_mux.o
 .ARM.attributes
                0x000002ec       0x2c c:/nxp/mcuxpressoide_11.8.1_1197/ide/plugins/com.nxp.mcuxpresso.tools.win32_11.8.1.202308071233/tools/bin/../lib/gcc/arm-none-eabi/12.2.1/../../../../arm-none-eabi/lib/thumb/v6-m/nofp\libcr_semihost_nf.a(_cr__main.o)
 .ARM.attributes
                0x00000318       0x2c c:/nxp/mcuxpressoide_11.8.1_1197/ide/plugins/com.nxp.mcuxpresso.tools.win32_11.8.1.202308071233/tools/bin/../lib/gcc/arm-none-eabi/12.2.1/../../../../arm-none-eabi/lib/thumb/v6-m/nofp\libcr_semihost_nf.a(_cr_assert.o)
 .ARM.attributes
                0x00000344       0x2c c:/nxp/mcuxpressoide_11.8.1_1197/ide/plugins/com.nxp.mcuxpresso.tools.win32_11.8.1.202308071233/tools/bin/../lib/gcc/arm-none-eabi/12.2.1/../../../../arm-none-eabi/lib/thumb/v6-m/nofp\libcr_semihost_nf.a(__ciob.o)
 .ARM.attributes
                0x00000370       0x1c c:/nxp/mcuxpressoide_11.8.1_1197/ide/plugins/com.nxp.mcuxpresso.tools.win32_11.8.1.202308071233/tools/bin/../lib/gcc/arm-none-eabi/12.2.1/../../../../arm-none-eabi/lib/thumb/v6-m/nofp\libcr_semihost_nf.a(__sys_appexit.o)
 .ARM.attributes
                0x0000038c       0x2c c:/nxp/mcuxpressoide_11.8.1_1197/ide/plugins/com.nxp.mcuxpresso.tools.win32_11.8.1.202308071233/tools/bin/../lib/gcc/arm-none-eabi/12.2.1/../../../../arm-none-eabi/lib/thumb/v6-m/nofp\libcr_c.a(memset.o)
 .ARM.attributes
                0x000003b8       0x2c c:/nxp/mcuxpressoide_11.8.1_1197/ide/plugins/com.nxp.mcuxpresso.tools.win32_11.8.1.202308071233/tools/bin/../lib/gcc/arm-none-eabi/12.2.1/../../../../arm-none-eabi/lib/thumb/v6-m/nofp\libcr_c.a(_deferredlazyseek.o)
 .ARM.attributes
                0x000003e4       0x2c c:/nxp/mcuxpressoide_11.8.1_1197/ide/plugins/com.nxp.mcuxpresso.tools.win32_11.8.1.202308071233/tools/bin/../lib/gcc/arm-none-eabi/12.2.1/../../../../arm-none-eabi/lib/thumb/v6-m/nofp\libcr_c.a(_fflush.o)
 .ARM.attributes
                0x00000410       0x2c c:/nxp/mcuxpressoide_11.8.1_1197/ide/plugins/com.nxp.mcuxpresso.tools.win32_11.8.1.202308071233/tools/bin/../lib/gcc/arm-none-eabi/12.2.1/../../../../arm-none-eabi/lib/thumb/v6-m/nofp\libcr_c.a(_writebuf.o)
 .ARM.attributes
                0x0000043c       0x2c c:/nxp/mcuxpressoide_11.8.1_1197/ide/plugins/com.nxp.mcuxpresso.tools.win32_11.8.1.202308071233/tools/bin/../lib/gcc/arm-none-eabi/12.2.1/../../../../arm-none-eabi/lib/thumb/v6-m/nofp\libcr_c.a(alloc.o)
 .ARM.attributes
                0x00000468       0x2c c:/nxp/mcuxpressoide_11.8.1_1197/ide/plugins/com.nxp.mcuxpresso.tools.win32_11.8.1.202308071233/tools/bin/../lib/gcc/arm-none-eabi/12.2.1/../../../../arm-none-eabi/lib/thumb/v6-m/nofp\libcr_c.a(fputs.o)
 .ARM.attributes
                0x00000494       0x2c c:/nxp/mcuxpressoide_11.8.1_1197/ide/plugins/com.nxp.mcuxpresso.tools.win32_11.8.1.202308071233/tools/bin/../lib/gcc/arm-none-eabi/12.2.1/../../../../arm-none-eabi/lib/thumb/v6-m/nofp\libcr_c.a(fseek.o)
 .ARM.attributes
                0x000004c0       0x2c c:/nxp/mcuxpressoide_11.8.1_1197/ide/plugins/com.nxp.mcuxpresso.tools.win32_11.8.1.202308071233/tools/bin/../lib/gcc/arm-none-eabi/12.2.1/../../../../arm-none-eabi/lib/thumb/v6-m/nofp\libcr_c.a(ftell.o)
 .ARM.attributes
                0x000004ec       0x2c c:/nxp/mcuxpressoide_11.8.1_1197/ide/plugins/com.nxp.mcuxpresso.tools.win32_11.8.1.202308071233/tools/bin/../lib/gcc/arm-none-eabi/12.2.1/../../../../arm-none-eabi/lib/thumb/v6-m/nofp\libcr_c.a(initio.o)
 .ARM.attributes
                0x00000518       0x2c c:/nxp/mcuxpressoide_11.8.1_1197/ide/plugins/com.nxp.mcuxpresso.tools.win32_11.8.1.202308071233/tools/bin/../lib/gcc/arm-none-eabi/12.2.1/../../../../arm-none-eabi/lib/thumb/v6-m/nofp\libcr_c.a(printf.o)
 .ARM.attributes
                0x00000544       0x2c c:/nxp/mcuxpressoide_11.8.1_1197/ide/plugins/com.nxp.mcuxpresso.tools.win32_11.8.1.202308071233/tools/bin/../lib/gcc/arm-none-eabi/12.2.1/../../../../arm-none-eabi/lib/thumb/v6-m/nofp\libcr_c.a(setvbuf.o)
 .ARM.attributes
                0x00000570       0x2c c:/nxp/mcuxpressoide_11.8.1_1197/ide/plugins/com.nxp.mcuxpresso.tools.win32_11.8.1.202308071233/tools/bin/../lib/gcc/arm-none-eabi/12.2.1/../../../../arm-none-eabi/lib/thumb/v6-m/nofp\libcr_c.a(strlen.o)
 .ARM.attributes
                0x0000059c       0x2c c:/nxp/mcuxpressoide_11.8.1_1197/ide/plugins/com.nxp.mcuxpresso.tools.win32_11.8.1.202308071233/tools/bin/../lib/gcc/arm-none-eabi/12.2.1/../../../../arm-none-eabi/lib/thumb/v6-m/nofp\libcr_c.a(__init_alloc.o)
 .ARM.attributes
                0x000005c8       0x2c c:/nxp/mcuxpressoide_11.8.1_1197/ide/plugins/com.nxp.mcuxpresso.tools.win32_11.8.1.202308071233/tools/bin/../lib/gcc/arm-none-eabi/12.2.1/../../../../arm-none-eabi/lib/thumb/v6-m/nofp\libcr_c.a(_cr_sbrk.o)
 .ARM.attributes
                0x000005f4       0x2c c:/nxp/mcuxpressoide_11.8.1_1197/ide/plugins/com.nxp.mcuxpresso.tools.win32_11.8.1.202308071233/tools/bin/../lib/gcc/arm-none-eabi/12.2.1/../../../../arm-none-eabi/lib/thumb/v6-m/nofp\libcr_c.a(_fdopen.o)
 .ARM.attributes
                0x00000620       0x2c c:/nxp/mcuxpressoide_11.8.1_1197/ide/plugins/com.nxp.mcuxpresso.tools.win32_11.8.1.202308071233/tools/bin/../lib/gcc/arm-none-eabi/12.2.1/../../../../arm-none-eabi/lib/thumb/v6-m/nofp\libcr_c.a(errno.o)
 .ARM.attributes
                0x0000064c       0x2c c:/nxp/mcuxpressoide_11.8.1_1197/ide/plugins/com.nxp.mcuxpresso.tools.win32_11.8.1.202308071233/tools/bin/../lib/gcc/arm-none-eabi/12.2.1/../../../../arm-none-eabi/lib/thumb/v6-m/nofp\libcr_c.a(fclose.o)
 .ARM.attributes
                0x00000678       0x2c c:/nxp/mcuxpressoide_11.8.1_1197/ide/plugins/com.nxp.mcuxpresso.tools.win32_11.8.1.202308071233/tools/bin/../lib/gcc/arm-none-eabi/12.2.1/../../../../arm-none-eabi/lib/thumb/v6-m/nofp\libcr_c.a(fflush.o)
 .ARM.attributes
                0x000006a4       0x2c c:/nxp/mcuxpressoide_11.8.1_1197/ide/plugins/com.nxp.mcuxpresso.tools.win32_11.8.1.202308071233/tools/bin/../lib/gcc/arm-none-eabi/12.2.1/../../../../arm-none-eabi/lib/thumb/v6-m/nofp\libcr_c.a(remove.o)
 .ARM.attributes
                0x000006d0       0x2c c:/nxp/mcuxpressoide_11.8.1_1197/ide/plugins/com.nxp.mcuxpresso.tools.win32_11.8.1.202308071233/tools/bin/../lib/gcc/arm-none-eabi/12.2.1/../../../../arm-none-eabi/lib/thumb/v6-m/nofp\libcr_c.a(_cr_check_heap.o)
 .ARM.attributes
                0x000006fc       0x2c c:/nxp/mcuxpressoide_11.8.1_1197/ide/plugins/com.nxp.mcuxpresso.tools.win32_11.8.1.202308071233/tools/bin/../lib/gcc/arm-none-eabi/12.2.1/../../../../arm-none-eabi/lib/thumb/v6-m/nofp\libcr_c.a(_do_fflush.o)
 .ARM.attributes
                0x00000728       0x1c c:/nxp/mcuxpressoide_11.8.1_1197/ide/plugins/com.nxp.mcuxpresso.tools.win32_11.8.1.202308071233/tools/bin/../lib/gcc/arm-none-eabi/12.2.1/thumb/v6-m/nofp\libcr_eabihelpers.a(division_32.o)
 .ARM.attributes
                0x00000744       0x1c c:/nxp/mcuxpressoide_11.8.1_1197/ide/plugins/com.nxp.mcuxpresso.tools.win32_11.8.1.202308071233/tools/bin/../lib/gcc/arm-none-eabi/12.2.1/thumb/v6-m/nofp\libcr_eabihelpers.a(division_idiv0.o)
 .ARM.attributes
                0x00000760       0x1c c:/nxp/mcuxpressoide_11.8.1_1197/ide/plugins/com.nxp.mcuxpresso.tools.win32_11.8.1.202308071233/tools/bin/../lib/gcc/arm-none-eabi/12.2.1/thumb/v6-m/nofp\libcr_eabihelpers.a(llong.o)
 .ARM.attributes
                0x0000077c       0x1c c:/nxp/mcuxpressoide_11.8.1_1197/ide/plugins/com.nxp.mcuxpresso.tools.win32_11.8.1.202308071233/tools/bin/../lib/gcc/arm-none-eabi/12.2.1/thumb/v6-m/nofp\libcr_eabihelpers.a(memcpy.o)
 .ARM.attributes
                0x00000798       0x1c c:/nxp/mcuxpressoide_11.8.1_1197/ide/plugins/com.nxp.mcuxpresso.tools.win32_11.8.1.202308071233/tools/bin/../lib/gcc/arm-none-eabi/12.2.1/thumb/v6-m/nofp\libcr_eabihelpers.a(thumb1_switch_helpers.o)
 .ARM.attributes
                0x000007b4       0x1c c:/nxp/mcuxpressoide_11.8.1_1197/ide/plugins/com.nxp.mcuxpresso.tools.win32_11.8.1.202308071233/tools/bin/../lib/gcc/arm-none-eabi/12.2.1/../../../../arm-none-eabi/lib/thumb/v6-m/nofp\libcr_semihost_nf.a(__sys_close.o)
 .ARM.attributes
                0x000007d0       0x1c c:/nxp/mcuxpressoide_11.8.1_1197/ide/plugins/com.nxp.mcuxpresso.tools.win32_11.8.1.202308071233/tools/bin/../lib/gcc/arm-none-eabi/12.2.1/../../../../arm-none-eabi/lib/thumb/v6-m/nofp\libcr_semihost_nf.a(__sys_flen.o)
 .ARM.attributes
                0x000007ec       0x1c c:/nxp/mcuxpressoide_11.8.1_1197/ide/plugins/com.nxp.mcuxpresso.tools.win32_11.8.1.202308071233/tools/bin/../lib/gcc/arm-none-eabi/12.2.1/../../../../arm-none-eabi/lib/thumb/v6-m/nofp\libcr_semihost_nf.a(__sys_istty.o)
 .ARM.attributes
                0x00000808       0x1c c:/nxp/mcuxpressoide_11.8.1_1197/ide/plugins/com.nxp.mcuxpresso.tools.win32_11.8.1.202308071233/tools/bin/../lib/gcc/arm-none-eabi/12.2.1/../../../../arm-none-eabi/lib/thumb/v6-m/nofp\libcr_semihost_nf.a(__sys_remove.o)
 .ARM.attributes
                0x00000824       0x1c c:/nxp/mcuxpressoide_11.8.1_1197/ide/plugins/com.nxp.mcuxpresso.tools.win32_11.8.1.202308071233/tools/bin/../lib/gcc/arm-none-eabi/12.2.1/../../../../arm-none-eabi/lib/thumb/v6-m/nofp\libcr_semihost_nf.a(__sys_seek.o)
 .ARM.attributes
                0x00000840       0x1c c:/nxp/mcuxpressoide_11.8.1_1197/ide/plugins/com.nxp.mcuxpresso.tools.win32_11.8.1.202308071233/tools/bin/../lib/gcc/arm-none-eabi/12.2.1/../../../../arm-none-eabi/lib/thumb/v6-m/nofp\libcr_semihost_nf.a(__sys_tmpnam.o)
 .ARM.attributes
                0x0000085c       0x1c c:/nxp/mcuxpressoide_11.8.1_1197/ide/plugins/com.nxp.mcuxpresso.tools.win32_11.8.1.202308071233/tools/bin/../lib/gcc/arm-none-eabi/12.2.1/../../../../arm-none-eabi/lib/thumb/v6-m/nofp\libcr_semihost_nf.a(__sys_write.o)

.debug_frame    0x00000000     0x1b14
 .debug_frame   0x00000000       0xec ./utilities/fsl_debug_console.o
 .debug_frame   0x000000ec      0x3b0 ./startup/startup_mkl27z644.o
 .debug_frame   0x0000049c       0xe0 ./source/bmp180.o
 .debug_frame   0x0000057c       0x20 ./source/semihost_hardfault.o
 .debug_frame   0x0000059c      0x150 ./source/temperature.o
 .debug_frame   0x000006ec      0x300 ./drivers/fsl_clock.o
 .debug_frame   0x000009ec      0x58c ./drivers/fsl_i2c.o
 .debug_frame   0x00000f78      0x42c ./drivers/fsl_lpuart.o
 .debug_frame   0x000013a4       0x68 ./device/system_MKL27Z644.o
 .debug_frame   0x0000140c       0xb0 ./component/uart/lpuart_adapter.o
 .debug_frame   0x000014bc      0x1d0 ./component/serial_manager/serial_manager.o
 .debug_frame   0x0000168c       0x90 ./component/serial_manager/serial_port_uart.o
 .debug_frame   0x0000171c       0x50 ./board/boards/board.o
 .debug_frame   0x0000176c      0x1a0 ./board/boards/clock_config.o
 .debug_frame   0x0000190c       0x48 ./board/boards/peripherals.o
 .debug_frame   0x00001954      0x1c0 ./board/boards/pin_mux.o

.debug_loclists
                0x00000000      0x104
 .debug_loclists
                0x00000000      0x104 ./startup/startup_mkl27z644.o

Cross Reference Table

Symbol                                            File
ADC0_DriverIRQHandler                             ./startup/startup_mkl27z644.o
ADC0_IRQHandler                                   ./startup/startup_mkl27z644.o
BMP180_I2C_bus_read                               ./source/temperature.o
BMP180_I2C_bus_write                              ./source/temperature.o
BMP180_delay_msek                                 ./source/temperature.o
BOARD_BootClockRUN                                ./board/boards/clock_config.o
BOARD_BootClockVLPR                               ./board/boards/clock_config.o
BOARD_InitACCEL_I2CPins                           ./board/boards/pin_mux.o
BOARD_InitBootClocks                              ./board/boards/clock_config.o
                                                  ./source/temperature.o
BOARD_InitBootPeripherals                         ./board/boards/peripherals.o
                                                  ./source/temperature.o
BOARD_InitBootPins                                ./board/boards/pin_mux.o
                                                  ./source/temperature.o
BOARD_InitButtonsPins                             ./board/boards/pin_mux.o
BOARD_InitDEBUG_UARTPins                          ./board/boards/pin_mux.o
BOARD_InitDebugConsole                            ./board/boards/board.o
                                                  ./source/temperature.o
BOARD_InitLEDsPins                                ./board/boards/pin_mux.o
BOARD_InitMAGNET_I2CPins                          ./board/boards/pin_mux.o
BOARD_InitOSCPins                                 ./board/boards/pin_mux.o
BOARD_InitPeripherals                             ./board/boards/peripherals.o
BOARD_InitPins                                    ./board/boards/pin_mux.o
BOARD_InitTHERPins                                ./board/boards/pin_mux.o
BOARD_InitTSIPins                                 ./board/boards/pin_mux.o
BOARD_InitUSBPins                                 ./board/boards/pin_mux.o
CLOCK_DeinitOsc0                                  ./drivers/fsl_clock.o
CLOCK_EnableUsbfs0Clock                           ./drivers/fsl_clock.o
                                                  ./board/boards/clock_config.o
CLOCK_GetBusClkFreq                               ./drivers/fsl_clock.o
CLOCK_GetCoreSysClkFreq                           ./drivers/fsl_clock.o
CLOCK_GetEr32kClkFreq                             ./drivers/fsl_clock.o
CLOCK_GetFlashClkFreq                             ./drivers/fsl_clock.o
CLOCK_GetFreq                                     ./drivers/fsl_clock.o
                                                  ./source/temperature.o
CLOCK_GetInternalRefClkFreq                       ./drivers/fsl_clock.o
CLOCK_GetMode                                     ./drivers/fsl_clock.o
CLOCK_GetOsc0ErClkFreq                            ./drivers/fsl_clock.o
CLOCK_GetOutClkFreq                               ./drivers/fsl_clock.o
CLOCK_GetPeriphClkFreq                            ./drivers/fsl_clock.o
                                                  ./board/boards/board.o
CLOCK_GetPlatClkFreq                              ./drivers/fsl_clock.o
CLOCK_InitOsc0                                    ./drivers/fsl_clock.o
                                                  ./board/boards/clock_config.o
CLOCK_SetMcgliteConfig                            ./drivers/fsl_clock.o
                                                  ./board/boards/clock_config.o
CLOCK_SetSimConfig                                ./drivers/fsl_clock.o
                                                  ./board/boards/clock_config.o
CMP0_DriverIRQHandler                             ./startup/startup_mkl27z644.o
CMP0_IRQHandler                                   ./startup/startup_mkl27z644.o
DMA0_DriverIRQHandler                             ./startup/startup_mkl27z644.o
DMA0_IRQHandler                                   ./startup/startup_mkl27z644.o
DMA1_DriverIRQHandler                             ./startup/startup_mkl27z644.o
DMA1_IRQHandler                                   ./startup/startup_mkl27z644.o
DMA2_DriverIRQHandler                             ./startup/startup_mkl27z644.o
DMA2_IRQHandler                                   ./startup/startup_mkl27z644.o
DMA3_DriverIRQHandler                             ./startup/startup_mkl27z644.o
DMA3_IRQHandler                                   ./startup/startup_mkl27z644.o
DbgConsole_Deinit                                 ./utilities/fsl_debug_console.o
DbgConsole_Init                                   ./utilities/fsl_debug_console.o
                                                  ./board/boards/board.o
DbgConsole_ReadCharacter                          ./utilities/fsl_debug_console.o
DbgConsole_ReadLine                               ./utilities/fsl_debug_console.o
DbgConsole_ReadOneCharacter                       ./utilities/fsl_debug_console.o
DbgConsole_SendData                               ./utilities/fsl_debug_console.o
DbgConsole_SendDataReliable                       ./utilities/fsl_debug_console.o
FGPIO_PinInit                                     ./drivers/fsl_gpio.o
FGPIO_PortClearInterruptFlags                     ./drivers/fsl_gpio.o
FGPIO_PortGetInterruptFlags                       ./drivers/fsl_gpio.o
FTFA_DriverIRQHandler                             ./startup/startup_mkl27z644.o
FTFA_IRQHandler                                   ./startup/startup_mkl27z644.o
Flash_Config                                      ./startup/startup_mkl27z644.o
GPIO_PinInit                                      ./drivers/fsl_gpio.o
                                                  ./board/boards/pin_mux.o
GPIO_PortClearInterruptFlags                      ./drivers/fsl_gpio.o
GPIO_PortGetInterruptFlags                        ./drivers/fsl_gpio.o
HAL_UartDeinit                                    ./component/uart/lpuart_adapter.o
                                                  ./component/serial_manager/serial_port_uart.o
HAL_UartInit                                      ./component/uart/lpuart_adapter.o
                                                  ./component/serial_manager/serial_port_uart.o
HAL_UartReceiveBlocking                           ./component/uart/lpuart_adapter.o
                                                  ./component/serial_manager/serial_port_uart.o
HAL_UartSendBlocking                              ./component/uart/lpuart_adapter.o
                                                  ./component/serial_manager/serial_port_uart.o
HardFault_Handler                                 ./source/semihost_hardfault.o
                                                  ./startup/startup_mkl27z644.o
I2C0_DriverIRQHandler                             ./drivers/fsl_i2c.o
                                                  ./startup/startup_mkl27z644.o
I2C0_IRQHandler                                   ./startup/startup_mkl27z644.o
I2C1_DriverIRQHandler                             ./drivers/fsl_i2c.o
                                                  ./startup/startup_mkl27z644.o
I2C1_IRQHandler                                   ./startup/startup_mkl27z644.o
I2C_DisableInterrupts                             ./drivers/fsl_i2c.o
I2C_EnableInterrupts                              ./drivers/fsl_i2c.o
I2C_GetInstance                                   ./drivers/fsl_i2c.o
I2C_MasterDeinit                                  ./drivers/fsl_i2c.o
I2C_MasterGetDefaultConfig                        ./drivers/fsl_i2c.o
I2C_MasterGetStatusFlags                          ./drivers/fsl_i2c.o
I2C_MasterInit                                    ./drivers/fsl_i2c.o
                                                  ./source/temperature.o
I2C_MasterReadBlocking                            ./drivers/fsl_i2c.o
I2C_MasterRepeatedStart                           ./drivers/fsl_i2c.o
I2C_MasterSetBaudRate                             ./drivers/fsl_i2c.o
I2C_MasterStart                                   ./drivers/fsl_i2c.o
I2C_MasterStop                                    ./drivers/fsl_i2c.o
I2C_MasterTransferAbort                           ./drivers/fsl_i2c.o
I2C_MasterTransferBlocking                        ./drivers/fsl_i2c.o
                                                  ./source/temperature.o
I2C_MasterTransferCreateHandle                    ./drivers/fsl_i2c.o
I2C_MasterTransferGetCount                        ./drivers/fsl_i2c.o
I2C_MasterTransferHandleIRQ                       ./drivers/fsl_i2c.o
I2C_MasterTransferNonBlocking                     ./drivers/fsl_i2c.o
I2C_MasterWriteBlocking                           ./drivers/fsl_i2c.o
I2C_SlaveDeinit                                   ./drivers/fsl_i2c.o
I2C_SlaveGetDefaultConfig                         ./drivers/fsl_i2c.o
I2C_SlaveInit                                     ./drivers/fsl_i2c.o
I2C_SlaveReadBlocking                             ./drivers/fsl_i2c.o
I2C_SlaveTransferAbort                            ./drivers/fsl_i2c.o
I2C_SlaveTransferCreateHandle                     ./drivers/fsl_i2c.o
I2C_SlaveTransferGetCount                         ./drivers/fsl_i2c.o
I2C_SlaveTransferHandleIRQ                        ./drivers/fsl_i2c.o
I2C_SlaveTransferNonBlocking                      ./drivers/fsl_i2c.o
I2C_SlaveWriteBlocking                            ./drivers/fsl_i2c.o
I2C_routine                                       ./source/temperature.o
IntDefaultHandler                                 ./startup/startup_mkl27z644.o
LIST_AddHead                                      ./component/lists/generic_list.o
LIST_AddPrevElement                               ./component/lists/generic_list.o
LIST_AddTail                                      ./component/lists/generic_list.o
LIST_GetAvailableSize                             ./component/lists/generic_list.o
LIST_GetHead                                      ./component/lists/generic_list.o
LIST_GetList                                      ./component/lists/generic_list.o
LIST_GetNext                                      ./component/lists/generic_list.o
LIST_GetPrev                                      ./component/lists/generic_list.o
LIST_GetSize                                      ./component/lists/generic_list.o
LIST_Init                                         ./component/lists/generic_list.o
LIST_RemoveElement                                ./component/lists/generic_list.o
LIST_RemoveHead                                   ./component/lists/generic_list.o
LLWU_DriverIRQHandler                             ./startup/startup_mkl27z644.o
LLWU_IRQHandler                                   ./startup/startup_mkl27z644.o
LPTMR0_DriverIRQHandler                           ./startup/startup_mkl27z644.o
LPTMR0_IRQHandler                                 ./startup/startup_mkl27z644.o
LPUART0_DriverIRQHandler                          ./drivers/fsl_lpuart.o
                                                  ./startup/startup_mkl27z644.o
LPUART0_IRQHandler                                ./startup/startup_mkl27z644.o
LPUART1_DriverIRQHandler                          ./drivers/fsl_lpuart.o
                                                  ./startup/startup_mkl27z644.o
LPUART1_IRQHandler                                ./startup/startup_mkl27z644.o
LPUART_ClearStatusFlags                           ./drivers/fsl_lpuart.o
LPUART_Deinit                                     ./drivers/fsl_lpuart.o
                                                  ./component/uart/lpuart_adapter.o
LPUART_DisableInterrupts                          ./drivers/fsl_lpuart.o
LPUART_EnableInterrupts                           ./drivers/fsl_lpuart.o
LPUART_GetDefaultConfig                           ./drivers/fsl_lpuart.o
                                                  ./component/uart/lpuart_adapter.o
LPUART_GetEnabledInterrupts                       ./drivers/fsl_lpuart.o
LPUART_GetInstance                                ./drivers/fsl_lpuart.o
LPUART_GetStatusFlags                             ./drivers/fsl_lpuart.o
LPUART_Init                                       ./drivers/fsl_lpuart.o
                                                  ./component/uart/lpuart_adapter.o
LPUART_ReadBlocking                               ./drivers/fsl_lpuart.o
                                                  ./component/uart/lpuart_adapter.o
LPUART_SetBaudRate                                ./drivers/fsl_lpuart.o
LPUART_TransferAbortReceive                       ./drivers/fsl_lpuart.o
LPUART_TransferAbortSend                          ./drivers/fsl_lpuart.o
LPUART_TransferCreateHandle                       ./drivers/fsl_lpuart.o
LPUART_TransferGetReceiveCount                    ./drivers/fsl_lpuart.o
LPUART_TransferGetRxRingBufferLength              ./drivers/fsl_lpuart.o
LPUART_TransferGetSendCount                       ./drivers/fsl_lpuart.o
LPUART_TransferHandleErrorIRQ                     ./drivers/fsl_lpuart.o
LPUART_TransferHandleIRQ                          ./drivers/fsl_lpuart.o
LPUART_TransferReceiveNonBlocking                 ./drivers/fsl_lpuart.o
LPUART_TransferSendNonBlocking                    ./drivers/fsl_lpuart.o
LPUART_TransferStartRingBuffer                    ./drivers/fsl_lpuart.o
LPUART_TransferStopRingBuffer                     ./drivers/fsl_lpuart.o
LPUART_WriteBlocking                              ./drivers/fsl_lpuart.o
                                                  ./component/uart/lpuart_adapter.o
NMI_Handler                                       ./startup/startup_mkl27z644.o
PIT_DriverIRQHandler                              ./startup/startup_mkl27z644.o
PIT_IRQHandler                                    ./startup/startup_mkl27z644.o
PMC_DriverIRQHandler                              ./startup/startup_mkl27z644.o
PMC_IRQHandler                                    ./startup/startup_mkl27z644.o
PORTA_DriverIRQHandler                            ./startup/startup_mkl27z644.o